../Core/Src/led_matrix.c:16:6:LED_Matrix_Init	16	static
../Core/Src/led_matrix.c:26:6:LED_Matrix_Reset	24	static
../Core/Src/led_matrix.c:55:6:LED_Matrix_DisableAllRows	24	static
../Core/Src/led_matrix.c:63:6:LED_Matrix_EnableRow	24	static
../Core/Src/led_matrix.c:78:6:LED_Matrix_SendData	16	static
../Core/Src/led_matrix.c:84:6:LED_Matrix_LatchData	16	static
../Core/Src/led_matrix.c:92:6:LED_Matrix_ClearBuffer	24	static
../Core/Src/led_matrix.c:104:6:LED_Matrix_SetPixel	24	static
../Core/Src/led_matrix.c:114:6:LED_Matrix_SetPixelRGB	24	static
../Core/Src/led_matrix.c:121:20:LED_Matrix_GetPixel	24	static
../Core/Src/led_matrix.c:135:6:LED_Matrix_RefreshRow	16	static
../Core/Src/led_matrix.c:154:6:LED_Matrix_RefreshDisplay	24	static
../Core/Src/led_matrix.c:168:6:LED_Matrix_DrawLine	48	static
../Core/Src/led_matrix.c:196:6:LED_Matrix_DrawCross	32	static
../Core/Src/led_matrix.c:210:6:LED_Matrix_DrawDiagonal	24	static
../Core/Src/led_matrix.c:220:6:LED_Matrix_DrawPendulum	56	static
../Core/Src/led_matrix.c:247:6:LED_Matrix_Test_RowScan	24	static
../Core/Src/led_matrix.c:270:6:LED_Matrix_Test_ColumnScan	32	static
../Core/Src/led_matrix.c:296:6:LED_Matrix_Test_AllWhite	40	static
../Core/Src/led_matrix.c:308:6:LED_Matrix_Test_SingleLED	24	static
../Core/Src/led_matrix.c:316:6:LED_Matrix_Delay_us	24	static
../Core/Src/led_matrix.c:323:6:DM163_SendByte	40	static
../Core/Src/led_matrix.c:351:6:DM163_LoadRowData	24	static
