Archive member included to satisfy reference by file (symbol)

/opt/st/stm32cubeide_1.18.0/plugins/com.st.stm32cube.ide.mcu.externaltools.gnu-tools-for-stm32.13.3.rel1.linux64_1.0.0.202410170706/tools/bin/../lib/gcc/arm-none-eabi/13.3.1/../../../../arm-none-eabi/lib/thumb/v7e-m+fp/hard/libc_nano.a(libc_a-exit.o)
                              /opt/st/stm32cubeide_1.18.0/plugins/com.st.stm32cube.ide.mcu.externaltools.gnu-tools-for-stm32.13.3.rel1.linux64_1.0.0.202410170706/tools/bin/../lib/gcc/arm-none-eabi/13.3.1/../../../../arm-none-eabi/lib/thumb/v7e-m+fp/hard/crt0.o (exit)
/opt/st/stm32cubeide_1.18.0/plugins/com.st.stm32cube.ide.mcu.externaltools.gnu-tools-for-stm32.13.3.rel1.linux64_1.0.0.202410170706/tools/bin/../lib/gcc/arm-none-eabi/13.3.1/../../../../arm-none-eabi/lib/thumb/v7e-m+fp/hard/libc_nano.a(libc_a-malloc.o)
                              ./Core/Src/FIR.o (malloc)
/opt/st/stm32cubeide_1.18.0/plugins/com.st.stm32cube.ide.mcu.externaltools.gnu-tools-for-stm32.13.3.rel1.linux64_1.0.0.202410170706/tools/bin/../lib/gcc/arm-none-eabi/13.3.1/../../../../arm-none-eabi/lib/thumb/v7e-m+fp/hard/libc_nano.a(libc_a-mallocr.o)
                              /opt/st/stm32cubeide_1.18.0/plugins/com.st.stm32cube.ide.mcu.externaltools.gnu-tools-for-stm32.13.3.rel1.linux64_1.0.0.202410170706/tools/bin/../lib/gcc/arm-none-eabi/13.3.1/../../../../arm-none-eabi/lib/thumb/v7e-m+fp/hard/libc_nano.a(libc_a-malloc.o) (_malloc_r)
/opt/st/stm32cubeide_1.18.0/plugins/com.st.stm32cube.ide.mcu.externaltools.gnu-tools-for-stm32.13.3.rel1.linux64_1.0.0.202410170706/tools/bin/../lib/gcc/arm-none-eabi/13.3.1/../../../../arm-none-eabi/lib/thumb/v7e-m+fp/hard/libc_nano.a(libc_a-mlock.o)
                              /opt/st/stm32cubeide_1.18.0/plugins/com.st.stm32cube.ide.mcu.externaltools.gnu-tools-for-stm32.13.3.rel1.linux64_1.0.0.202410170706/tools/bin/../lib/gcc/arm-none-eabi/13.3.1/../../../../arm-none-eabi/lib/thumb/v7e-m+fp/hard/libc_nano.a(libc_a-mallocr.o) (__malloc_lock)
/opt/st/stm32cubeide_1.18.0/plugins/com.st.stm32cube.ide.mcu.externaltools.gnu-tools-for-stm32.13.3.rel1.linux64_1.0.0.202410170706/tools/bin/../lib/gcc/arm-none-eabi/13.3.1/../../../../arm-none-eabi/lib/thumb/v7e-m+fp/hard/libc_nano.a(libc_a-findfp.o)
                              /opt/st/stm32cubeide_1.18.0/plugins/com.st.stm32cube.ide.mcu.externaltools.gnu-tools-for-stm32.13.3.rel1.linux64_1.0.0.202410170706/tools/bin/../lib/gcc/arm-none-eabi/13.3.1/../../../../arm-none-eabi/lib/thumb/v7e-m+fp/hard/libc_nano.a(libc_a-exit.o) (__stdio_exit_handler)
/opt/st/stm32cubeide_1.18.0/plugins/com.st.stm32cube.ide.mcu.externaltools.gnu-tools-for-stm32.13.3.rel1.linux64_1.0.0.202410170706/tools/bin/../lib/gcc/arm-none-eabi/13.3.1/../../../../arm-none-eabi/lib/thumb/v7e-m+fp/hard/libc_nano.a(libc_a-fwalk.o)
                              /opt/st/stm32cubeide_1.18.0/plugins/com.st.stm32cube.ide.mcu.externaltools.gnu-tools-for-stm32.13.3.rel1.linux64_1.0.0.202410170706/tools/bin/../lib/gcc/arm-none-eabi/13.3.1/../../../../arm-none-eabi/lib/thumb/v7e-m+fp/hard/libc_nano.a(libc_a-findfp.o) (_fwalk_sglue)
/opt/st/stm32cubeide_1.18.0/plugins/com.st.stm32cube.ide.mcu.externaltools.gnu-tools-for-stm32.13.3.rel1.linux64_1.0.0.202410170706/tools/bin/../lib/gcc/arm-none-eabi/13.3.1/../../../../arm-none-eabi/lib/thumb/v7e-m+fp/hard/libc_nano.a(libc_a-stdio.o)
                              /opt/st/stm32cubeide_1.18.0/plugins/com.st.stm32cube.ide.mcu.externaltools.gnu-tools-for-stm32.13.3.rel1.linux64_1.0.0.202410170706/tools/bin/../lib/gcc/arm-none-eabi/13.3.1/../../../../arm-none-eabi/lib/thumb/v7e-m+fp/hard/libc_nano.a(libc_a-findfp.o) (__sread)
/opt/st/stm32cubeide_1.18.0/plugins/com.st.stm32cube.ide.mcu.externaltools.gnu-tools-for-stm32.13.3.rel1.linux64_1.0.0.202410170706/tools/bin/../lib/gcc/arm-none-eabi/13.3.1/../../../../arm-none-eabi/lib/thumb/v7e-m+fp/hard/libc_nano.a(libc_a-memset.o)
                              /opt/st/stm32cubeide_1.18.0/plugins/com.st.stm32cube.ide.mcu.externaltools.gnu-tools-for-stm32.13.3.rel1.linux64_1.0.0.202410170706/tools/bin/../lib/gcc/arm-none-eabi/13.3.1/../../../../arm-none-eabi/lib/thumb/v7e-m+fp/hard/crt0.o (memset)
/opt/st/stm32cubeide_1.18.0/plugins/com.st.stm32cube.ide.mcu.externaltools.gnu-tools-for-stm32.13.3.rel1.linux64_1.0.0.202410170706/tools/bin/../lib/gcc/arm-none-eabi/13.3.1/../../../../arm-none-eabi/lib/thumb/v7e-m+fp/hard/libc_nano.a(libc_a-closer.o)
                              /opt/st/stm32cubeide_1.18.0/plugins/com.st.stm32cube.ide.mcu.externaltools.gnu-tools-for-stm32.13.3.rel1.linux64_1.0.0.202410170706/tools/bin/../lib/gcc/arm-none-eabi/13.3.1/../../../../arm-none-eabi/lib/thumb/v7e-m+fp/hard/libc_nano.a(libc_a-stdio.o) (_close_r)
/opt/st/stm32cubeide_1.18.0/plugins/com.st.stm32cube.ide.mcu.externaltools.gnu-tools-for-stm32.13.3.rel1.linux64_1.0.0.202410170706/tools/bin/../lib/gcc/arm-none-eabi/13.3.1/../../../../arm-none-eabi/lib/thumb/v7e-m+fp/hard/libc_nano.a(libc_a-reent.o)
[...]
Memory Configuration

Name             Origin             Length             Attributes
RAM              0x20000000         0x00020000         xrw
FLASH            0x08000000         0x00080000         xr
*default*        0x00000000         0xffffffff

Linker script and memory map

LOAD /opt/st/stm32cubeide_1.18.0/plugins/com.st.stm32cube.ide.mcu.externaltools.gnu-tools-for-stm32.13.3.rel1.linux64_1.0.0.202410170706/tools/bin/../lib/gcc/arm-none-eabi/13.3.1/thumb/v7e-m+fp/hard/crti.o
LOAD /opt/st/stm32cubeide_1.18.0/plugins/com.st.stm32cube.ide.mcu.externaltools.gnu-tools-for-stm32.13.3.rel1.linux64_1.0.0.202410170706/tools/bin/../lib/gcc/arm-none-eabi/13.3.1/thumb/v7e-m+fp/hard/crtbegin.o
LOAD /opt/st/stm32cubeide_1.18.0/plugins/com.st.stm32cube.ide.mcu.externaltools.gnu-tools-for-stm32.13.3.rel1.linux64_1.0.0.202410170706/tools/bin/../lib/gcc/arm-none-eabi/13.3.1/../../../../arm-none-eabi/lib/thumb/v7e-m+fp/hard/crt0.o
LOAD ./Core/Src/Cytron_MDXX.o
LOAD ./Core/Src/FIR.o
LOAD ./Core/Src/MotorKalman.o
LOAD ./Core/Src/PWM.o
LOAD ./Core/Src/QEI.o
LOAD ./Core/Src/energy_swingup.o
LOAD ./Core/Src/gpio.o
LOAD ./Core/Src/iwdg.o
LOAD ./Core/Src/lqr.o
LOAD ./Core/Src/main.o
LOAD ./Core/Src/rip_config.o
LOAD ./Core/Src/stm32g4xx_hal_msp.o
LOAD ./Core/Src/stm32g4xx_it.o
LOAD ./Core/Src/syscalls.o
LOAD ./Core/Src/sysmem.o
LOAD ./Core/Src/system_stm32g4xx.o
LOAD ./Core/Src/tim.o
LOAD ./Core/Startup/startup_stm32g474retx.o
LOAD ./Drivers/STM32G4xx_HAL_Driver/Src/stm32g4xx_hal.o
LOAD ./Drivers/STM32G4xx_HAL_Driver/Src/stm32g4xx_hal_cortex.o
LOAD ./Drivers/STM32G4xx_HAL_Driver/Src/stm32g4xx_hal_dma.o
LOAD ./Drivers/STM32G4xx_HAL_Driver/Src/stm32g4xx_hal_dma_ex.o
LOAD ./Drivers/STM32G4xx_HAL_Driver/Src/stm32g4xx_hal_exti.o
LOAD ./Drivers/STM32G4xx_HAL_Driver/Src/stm32g4xx_hal_flash.o
LOAD ./Drivers/STM32G4xx_HAL_Driver/Src/stm32g4xx_hal_flash_ex.o
LOAD ./Drivers/STM32G4xx_HAL_Driver/Src/stm32g4xx_hal_flash_ramfunc.o
LOAD ./Drivers/STM32G4xx_HAL_Driver/Src/stm32g4xx_hal_gpio.o
LOAD ./Drivers/STM32G4xx_HAL_Driver/Src/stm32g4xx_hal_iwdg.o
LOAD ./Drivers/STM32G4xx_HAL_Driver/Src/stm32g4xx_hal_pwr.o
LOAD ./Drivers/STM32G4xx_HAL_Driver/Src/stm32g4xx_hal_pwr_ex.o
LOAD ./Drivers/STM32G4xx_HAL_Driver/Src/stm32g4xx_hal_rcc.o
LOAD ./Drivers/STM32G4xx_HAL_Driver/Src/stm32g4xx_hal_rcc_ex.o
LOAD ./Drivers/STM32G4xx_HAL_Driver/Src/stm32g4xx_hal_tim.o
LOAD ./Drivers/STM32G4xx_HAL_Driver/Src/stm32g4xx_hal_tim_ex.o
LOAD ./Middlewares/Third_Party/ARM_CMSIS/Source/BasicMathFunctions/BasicMathFunctions.o
LOAD ./Middlewares/Third_Party/ARM_CMSIS/Source/BasicMathFunctions/BasicMathFunctionsF16.o
LOAD ./Middlewares/Third_Party/ARM_CMSIS/Source/BayesFunctions/BayesFunctions.o
LOAD ./Middlewares/Third_Party/ARM_CMSIS/Source/BayesFunctions/BayesFunctionsF16.o
LOAD ./Middlewares/Third_Party/ARM_CMSIS/Source/CommonTables/CommonTables.o
LOAD ./Middlewares/Third_Party/ARM_CMSIS/Source/CommonTables/CommonTablesF16.o
LOAD ./Middlewares/Third_Party/ARM_CMSIS/Source/ComplexMathFunctions/ComplexMathFunctions.o
LOAD ./Middlewares/Third_Party/ARM_CMSIS/Source/ComplexMathFunctions/ComplexMathFunctionsF16.o
LOAD ./Middlewares/Third_Party/ARM_CMSIS/Source/ControllerFunctions/ControllerFunctions.o
LOAD ./Middlewares/Third_Party/ARM_CMSIS/Source/DistanceFunctions/DistanceFunctions.o
LOAD ./Middlewares/Third_Party/ARM_CMSIS/Source/DistanceFunctions/DistanceFunctionsF16.o
LOAD ./Middlewares/Third_Party/ARM_CMSIS/Source/FastMathFunctions/FastMathFunctions.o
LOAD ./Middlewares/Third_Party/ARM_CMSIS/Source/FastMathFunctions/FastMathFunctionsF16.o
LOAD ./Middlewares/Third_Party/ARM_CMSIS/Source/FilteringFunctions/FilteringFunctions.o
LOAD ./Middlewares/Third_Party/ARM_CMSIS/Source/FilteringFunctions/FilteringFunctionsF16.o
LOAD ./Middlewares/Third_Party/ARM_CMSIS/Source/InterpolationFunctions/InterpolationFunctions.o
LOAD ./Middlewares/Third_Party/ARM_CMSIS/Source/InterpolationFunctions/InterpolationFunctionsF16.o
LOAD ./Middlewares/Third_Party/ARM_CMSIS/Source/MatrixFunctions/MatrixFunctions.o
LOAD ./Middlewares/Third_Party/ARM_CMSIS/Source/MatrixFunctions/MatrixFunctionsF16.o
LOAD ./Middlewares/Third_Party/ARM_CMSIS/Source/QuaternionMathFunctions/QuaternionMathFunctions.o
LOAD ./Middlewares/Third_Party/ARM_CMSIS/Source/SVMFunctions/SVMFunctions.o
LOAD ./Middlewares/Third_Party/ARM_CMSIS/Source/SVMFunctions/SVMFunctionsF16.o
LOAD ./Middlewares/Third_Party/ARM_CMSIS/Source/StatisticsFunctions/StatisticsFunctions.o
LOAD ./Middlewares/Third_Party/ARM_CMSIS/Source/StatisticsFunctions/StatisticsFunctionsF16.o
LOAD ./Middlewares/Third_Party/ARM_CMSIS/Source/SupportFunctions/SupportFunctions.o
LOAD ./Middlewares/Third_Party/ARM_CMSIS/Source/SupportFunctions/SupportFunctionsF16.o
LOAD ./Middlewares/Third_Party/ARM_CMSIS/Source/TransformFunctions/TransformFunctions.o
LOAD ./Middlewares/Third_Party/ARM_CMSIS/Source/TransformFunctions/TransformFunctionsF16.o
START GROUP
LOAD /opt/st/stm32cubeide_1.18.0/plugins/com.st.stm32cube.ide.mcu.externaltools.gnu-tools-for-stm32.13.3.rel1.linux64_1.0.0.202410170706/tools/bin/../lib/gcc/arm-none-eabi/13.3.1/../../../../arm-none-eabi/lib/thumb/v7e-m+fp/hard/libc_nano.a
LOAD /opt/st/stm32cubeide_1.18.0/plugins/com.st.stm32cube.ide.mcu.externaltools.gnu-tools-for-stm32.13.3.rel1.linux64_1.0.0.202410170706/tools/bin/../lib/gcc/arm-none-eabi/13.3.1/../../../../arm-none-eabi/lib/thumb/v7e-m+fp/hard/libm.a
END GROUP
START GROUP
LOAD /opt/st/stm32cubeide_1.18.0/plugins/com.st.stm32cube.ide.mcu.externaltools.gnu-tools-for-stm32.13.3.rel1.linux64_1.0.0.202410170706/tools/bin/../lib/gcc/arm-none-eabi/13.3.1/thumb/v7e-m+fp/hard/libgcc.a
LOAD /opt/st/stm32cubeide_1.18.0/plugins/com.st.stm32cube.ide.mcu.externaltools.gnu-tools-for-stm32.13.3.rel1.linux64_1.0.0.202410170706/tools/bin/../lib/gcc/arm-none-eabi/13.3.1/../../../../arm-none-eabi/lib/thumb/v7e-m+fp/hard/libc_nano.a
END GROUP
START GROUP
LOAD /opt/st/stm32cubeide_1.18.0/plugins/com.st.stm32cube.ide.mcu.externaltools.gnu-tools-for-stm32.13.3.rel1.linux64_1.0.0.202410170706/tools/bin/../lib/gcc/arm-none-eabi/13.3.1/thumb/v7e-m+fp/hard/libgcc.a
LOAD /opt/st/stm32cubeide_1.18.0/plugins/com.st.stm32cube.ide.mcu.externaltools.gnu-tools-for-stm32.13.3.rel1.linux64_1.0.0.202410170706/tools/bin/../lib/gcc/arm-none-eabi/13.3.1/../../../../arm-none-eabi/lib/thumb/v7e-m+fp/hard/libc_nano.a
LOAD /opt/st/stm32cubeide_1.18.0/plugins/com.st.stm32cube.ide.mcu.externaltools.gnu-tools-for-stm32.13.3.rel1.linux64_1.0.0.202410170706/tools/bin/../lib/gcc/arm-none-eabi/13.3.1/../../../../arm-none-eabi/lib/thumb/v7e-m+fp/hard/libnosys.a
END GROUP
START GROUP
LOAD /opt/st/stm32cubeide_1.18.0/plugins/com.st.stm32cube.ide.mcu.externaltools.gnu-tools-for-stm32.13.3.rel1.linux64_1.0.0.202410170706/tools/bin/../lib/gcc/arm-none-eabi/13.3.1/thumb/v7e-m+fp/hard/libgcc.a
LOAD /opt/st/stm32cubeide_1.18.0/plugins/com.st.stm32cube.ide.mcu.externaltools.gnu-tools-for-stm32.13.3.rel1.linux64_1.0.0.202410170706/tools/bin/../lib/gcc/arm-none-eabi/13.3.1/../../../../arm-none-eabi/lib/thumb/v7e-m+fp/hard/libc_nano.a
LOAD /opt/st/stm32cubeide_1.18.0/plugins/com.st.stm32cube.ide.mcu.externaltools.gnu-tools-for-stm32.13.3.rel1.linux64_1.0.0.202410170706/tools/bin/../lib/gcc/arm-none-eabi/13.3.1/../../../../arm-none-eabi/lib/thumb/v7e-m+fp/hard/libnosys.a
END GROUP
LOAD /opt/st/stm32cubeide_1.18.0/plugins/com.st.stm32cube.ide.mcu.externaltools.gnu-tools-for-stm32.13.3.rel1.linux64_1.0.0.202410170706/tools/bin/../lib/gcc/arm-none-eabi/13.3.1/thumb/v7e-m+fp/hard/crtend.o
LOAD /opt/st/stm32cubeide_1.18.0/plugins/com.st.stm32cube.ide.mcu.externaltools.gnu-tools-for-stm32.13.3.rel1.linux64_1.0.0.202410170706/tools/bin/../lib/gcc/arm-none-eabi/13.3.1/thumb/v7e-m+fp/hard/crtn.o
                0x20020000                        _estack = (ORIGIN (RAM) + LENGTH (RAM))
                0x00000200                        _Min_Heap_Size = 0x200
                0x00000400                        _Min_Stack_Size = 0x400

.isr_vector     0x08000000      0x1d8
                0x08000000                        . = ALIGN (0x4)
 *(.isr_vector)
 .isr_vector    0x08000000      0x1d8 ./Core/Startup/startup_stm32g474retx.o
                0x08000000                g_pfnVectors
                0x080001d8                        . = ALIGN (0x4)

.text           0x080001d8     0x785c
                0x080001d8                        . = ALIGN (0x4)
 *(.text)
 .text          0x080001d8       0x40 /opt/st/stm32cubeide_1.18.0/plugins/com.st.stm32cube.ide.mcu.externaltools.gnu-tools-for-stm32.13.3.rel1.linux64_1.0.0.202410170706/tools/bin/../lib/gcc/arm-none-eabi/13.3.1/thumb/v7e-m+fp/hard/crtbegin.o
 .text          0x08000218      0x378 /opt/st/stm32cubeide_1.18.0/plugins/com.st.stm32cube.ide.mcu.externaltools.gnu-tools-for-stm32.13.3.rel1.linux64_1.0.0.202410170706/tools/bin/../lib/gcc/arm-none-eabi/13.3.1/thumb/v7e-m+fp/hard/libgcc.a(_arm_addsubdf3.o)
                0x08000218                __aeabi_drsub
                0x08000220                __aeabi_dsub
                0x08000220                __subdf3
                0x08000224                __adddf3
                0x08000224                __aeabi_dadd
                0x0800049c                __aeabi_ui2d
                0x0800049c                __floatunsidf
                0x080004bc                __floatsidf
                0x080004bc                __aeabi_i2d
                0x080004e0                __extendsfdf2
                0x080004e0                __aeabi_f2d
                0x08000524                __aeabi_ul2d
                0x08000524                __floatundidf
                0x08000534                __floatdidf
                0x08000534                __aeabi_l2d
 .text          0x08000590      0x424 /opt/st/stm32cubeide_1.18.0/plugins/com.st.stm32cube.ide.mcu.externaltools.gnu-tools-for-stm32.13.3.rel1.linux64_1.0.0.202410170706/tools/bin/../lib/gcc/arm-none-eabi/13.3.1/thumb/v7e-m+fp/hard/libgcc.a(_arm_muldivdf3.o)
                0x08000590                __aeabi_dmul
                0x08000590                __muldf3
                0x080007e4                __aeabi_ddiv
                0x080007e4                __divdf3
 .text          0x080009b4      0x110 /opt/st/stm32cubeide_1.18.0/plugins/com.st.stm32cube.ide.mcu.externaltools.gnu-tools-for-stm32.13.3.rel1.linux64_1.0.0.202410170706/tools/bin/../lib/gcc/arm-none-eabi/13.3.1/thumb/v7e-m+fp/hard/libgcc.a(_arm_cmpdf2.o)
                0x080009b4                __gtdf2
                0x080009b4                __gedf2
                0x080009bc                __ltdf2
                0x080009bc                __ledf2
                0x080009c4                __cmpdf2
                0x080009c4                __eqdf2
                0x080009c4                __nedf2
                0x08000a40                __aeabi_cdrcmple
                0x08000a50                __aeabi_cdcmple
                0x08000a50                __aeabi_cdcmpeq
                0x08000a60                __aeabi_dcmpeq
                0x08000a74                __aeabi_dcmplt
                0x08000a88                __aeabi_dcmple
                0x08000a9c                __aeabi_dcmpge
                0x08000ab0                __aeabi_dcmpgt
 .text          0x08000ac4       0x50 /opt/st/stm32cubeide_1.18.0/plugins/com.st.stm32cube.ide.mcu.externaltools.gnu-tools-for-stm32.13.3.rel1.linux64_1.0.0.202410170706/tools/bin/../lib/gcc/arm-none-eabi/13.3.1/thumb/v7e-m+fp/hard/libgcc.a(_arm_fixdfsi.o)
                0x08000ac4                __fixdfsi
                0x08000ac4                __aeabi_d2iz
 .text          0x08000b14       0x40 /opt/st/stm32cubeide_1.18.0/plugins/com.st.stm32cube.ide.mcu.externaltools.gnu-tools-for-stm32.13.3.rel1.linux64_1.0.0.202410170706/tools/bin/../lib/gcc/arm-none-eabi/13.3.1/thumb/v7e-m+fp/hard/libgcc.a(_arm_fixunsdfsi.o)
                0x08000b14                __fixunsdfsi
                0x08000b14                __aeabi_d2uiz
 .text          0x08000b54       0xa0 /opt/st/stm32cubeide_1.18.0/plugins/com.st.stm32cube.ide.mcu.externaltools.gnu-tools-for-stm32.13.3.rel1.linux64_1.0.0.202410170706/tools/bin/../lib/gcc/arm-none-eabi/13.3.1/thumb/v7e-m+fp/hard/libgcc.a(_arm_truncdfsf2.o)
                0x08000b54                __aeabi_d2f
                0x08000b54                __truncdfsf2
 *(.text*)
 .text.MDXX_GPIO_init
                0x08000bf4       0x48 ./Core/Src/Cytron_MDXX.o
                0x08000bf4                MDXX_GPIO_init
 .text.MDXX_set_range
                0x08000c3c      0x1b4 ./Core/Src/Cytron_MDXX.o
                0x08000c3c                MDXX_set_range
 .text.FIR_init
                0x08000df0      0x240 ./Core/Src/FIR.o
                0x08000df0                FIR_init
 .text.FIR_process
                0x08001030       0xb2 ./Core/Src/FIR.o
                0x08001030                FIR_process
 *fill*         0x080010e2        0x2 
 .text.kf_init  0x080010e4      0x378 ./Core/Src/MotorKalman.o
                0x080010e4                kf_init
 .text.kf_update
                0x0800145c      0x294 ./Core/Src/MotorKalman.o
                0x0800145c                kf_update
 .text.kf_clear
                0x080016f0       0xa0 ./Core/Src/MotorKalman.o
                0x080016f0                kf_clear
 .text.PWM_init
                0x08001790       0x44 ./Core/Src/PWM.o
                0x08001790                PWM_init
 *fill*         0x080017d4        0x4 
 .text.PWM_write_range
                0x080017d8      0x20c ./Core/Src/PWM.o
                0x080017d8                PWM_write_range
 .text.QEI_init
                0x080019e4       0x9e ./Core/Src/QEI.o
                0x080019e4                QEI_init
 *fill*         0x08001a82        0x6 
 .text.QEI_get_diff_count
                0x08001a88      0x1bc ./Core/Src/QEI.o
                0x08001a88                QEI_get_diff_count
 *fill*         0x08001c44        0x4 
 .text.QEI_compute_data
                0x08001c48      0x1ec ./Core/Src/QEI.o
                0x08001c48                QEI_compute_data
 .text.QEI_reset
                0x08001e34       0x52 ./Core/Src/QEI.o
                0x08001e34                QEI_reset
 .text.sat_smooth
                0x08001e86       0x38 ./Core/Src/energy_swingup.o
 .text.EnergyCtrl_Init
                0x08001ebe       0x7c ./Core/Src/energy_swingup.o
                0x08001ebe                EnergyCtrl_Init
 *fill*         0x08001f3a        0x2 
 .text.EnergyCtrl_Update
                0x08001f3c      0x124 ./Core/Src/energy_swingup.o
                0x08001f3c                EnergyCtrl_Update
 .text.MX_GPIO_Init
                0x08002060      0x114 ./Core/Src/gpio.o
                0x08002060                MX_GPIO_Init
 .text.MX_IWDG_Init
                0x08002174       0x3c ./Core/Src/iwdg.o
                0x08002174                MX_IWDG_Init
 .text.LQR_Init
                0x080021b0       0xa0 ./Core/Src/lqr.o
                0x080021b0                LQR_Init
 .text.LQR_SetState
                0x08002250       0x3c ./Core/Src/lqr.o
                0x08002250                LQR_SetState
 .text.LQR_Update
                0x0800228c       0x86 ./Core/Src/lqr.o
                0x0800228c                LQR_Update
 *fill*         0x08002312        0x2 
 .text.main     0x08002314       0x50 ./Core/Src/main.o
                0x08002314                main
 .text.SystemClock_Config
                0x08002364       0x9a ./Core/Src/main.o
                0x08002364                SystemClock_Config
 *fill*         0x080023fe        0x2 
 .text.wrap_pi  0x08002400       0xa8 ./Core/Src/main.o
 .text.wrap_2pi
                0x080024a8       0x90 ./Core/Src/main.o
 .text.HAL_TIM_PeriodElapsedCallback
                0x08002538      0x4b0 ./Core/Src/main.o
                0x08002538                HAL_TIM_PeriodElapsedCallback
 .text.HAL_GPIO_EXTI_Callback
                0x080029e8       0x34 ./Core/Src/main.o
                0x080029e8                HAL_GPIO_EXTI_Callback
 .text.Error_Handler
                0x08002a1c        0xc ./Core/Src/main.o
                0x08002a1c                Error_Handler
 .text.config_begin
                0x08002a28      0x110 ./Core/Src/rip_config.o
                0x08002a28                config_begin
 .text.HAL_MspInit
                0x08002b38       0x48 ./Core/Src/stm32g4xx_hal_msp.o
                0x08002b38                HAL_MspInit
 .text.NMI_Handler
                0x08002b80        0x8 ./Core/Src/stm32g4xx_it.o
                0x08002b80                NMI_Handler
 .text.HardFault_Handler
                0x08002b88        0x8 ./Core/Src/stm32g4xx_it.o
                0x08002b88                HardFault_Handler
 .text.MemManage_Handler
                0x08002b90        0x8 ./Core/Src/stm32g4xx_it.o
                0x08002b90                MemManage_Handler
 .text.BusFault_Handler
                0x08002b98        0x8 ./Core/Src/stm32g4xx_it.o
                0x08002b98                BusFault_Handler
 .text.UsageFault_Handler
                0x08002ba0        0x8 ./Core/Src/stm32g4xx_it.o
                0x08002ba0                UsageFault_Handler
 .text.SVC_Handler
                0x08002ba8        0xe ./Core/Src/stm32g4xx_it.o
                0x08002ba8                SVC_Handler
 .text.DebugMon_Handler
                0x08002bb6        0xe ./Core/Src/stm32g4xx_it.o
                0x08002bb6                DebugMon_Handler
 .text.PendSV_Handler
                0x08002bc4        0xe ./Core/Src/stm32g4xx_it.o
                0x08002bc4                PendSV_Handler
 .text.SysTick_Handler
                0x08002bd2        0xc ./Core/Src/stm32g4xx_it.o
                0x08002bd2                SysTick_Handler
 .text.EXTI9_5_IRQHandler
                0x08002bde       0x10 ./Core/Src/stm32g4xx_it.o
                0x08002bde                EXTI9_5_IRQHandler
 *fill*         0x08002bee        0x2 
 .text.TIM2_IRQHandler
                0x08002bf0       0x14 ./Core/Src/stm32g4xx_it.o
                0x08002bf0                TIM2_IRQHandler
 .text.EXTI15_10_IRQHandler
                0x08002c04       0x10 ./Core/Src/stm32g4xx_it.o
                0x08002c04                EXTI15_10_IRQHandler
 .text._sbrk    0x08002c14       0x6c ./Core/Src/sysmem.o
                0x08002c14                _sbrk
 .text.SystemInit
                0x08002c80       0x24 ./Core/Src/system_stm32g4xx.o
                0x08002c80                SystemInit
 .text.MX_TIM1_Init
                0x08002ca4      0x128 ./Core/Src/tim.o
                0x08002ca4                MX_TIM1_Init
 .text.MX_TIM2_Init
                0x08002dcc       0x9c ./Core/Src/tim.o
                0x08002dcc                MX_TIM2_Init
 .text.MX_TIM3_Init
                0x08002e68       0xac ./Core/Src/tim.o
                0x08002e68                MX_TIM3_Init
 .text.MX_TIM4_Init
                0x08002f14       0xac ./Core/Src/tim.o
                0x08002f14                MX_TIM4_Init
 .text.HAL_TIM_PWM_MspInit
                0x08002fc0       0x40 ./Core/Src/tim.o
                0x08002fc0                HAL_TIM_PWM_MspInit
 .text.HAL_TIM_Base_MspInit
                0x08003000       0x48 ./Core/Src/tim.o
                0x08003000                HAL_TIM_Base_MspInit
 .text.HAL_TIM_Encoder_MspInit
                0x08003048       0xe8 ./Core/Src/tim.o
                0x08003048                HAL_TIM_Encoder_MspInit
 .text.HAL_TIM_MspPostInit
                0x08003130       0x70 ./Core/Src/tim.o
                0x08003130                HAL_TIM_MspPostInit
 .text.Reset_Handler
                0x080031a0       0x50 ./Core/Startup/startup_stm32g474retx.o
                0x080031a0                Reset_Handler
 .text.Default_Handler
                0x080031f0        0x2 ./Core/Startup/startup_stm32g474retx.o
                0x080031f0                RTC_Alarm_IRQHandler
                0x080031f0                EXTI2_IRQHandler
                0x080031f0                TIM8_TRG_COM_IRQHandler
                0x080031f0                TIM8_CC_IRQHandler
                0x080031f0                HRTIM1_Master_IRQHandler
                0x080031f0                SPI4_IRQHandler
                0x080031f0                FDCAN3_IT0_IRQHandler
                0x080031f0                TIM1_CC_IRQHandler
                0x080031f0                HRTIM1_FLT_IRQHandler
                0x080031f0                HRTIM1_TIMF_IRQHandler
                0x080031f0                USB_HP_IRQHandler
                0x080031f0                CORDIC_IRQHandler
                0x080031f0                HRTIM1_TIMD_IRQHandler
                0x080031f0                DMA2_Channel8_IRQHandler
                0x080031f0                EXTI3_IRQHandler
                0x080031f0                I2C3_ER_IRQHandler
                0x080031f0                EXTI0_IRQHandler
                0x080031f0                I2C2_EV_IRQHandler
                0x080031f0                FPU_IRQHandler
                0x080031f0                FDCAN1_IT1_IRQHandler
                0x080031f0                TIM1_UP_TIM16_IRQHandler
                0x080031f0                ADC1_2_IRQHandler
                0x080031f0                HRTIM1_TIME_IRQHandler
                0x080031f0                SPI1_IRQHandler
                0x080031f0                TIM6_DAC_IRQHandler
                0x080031f0                HRTIM1_TIMC_IRQHandler
                0x080031f0                TIM8_UP_IRQHandler
                0x080031f0                DMA2_Channel2_IRQHandler
                0x080031f0                DMA1_Channel4_IRQHandler
                0x080031f0                TIM20_TRG_COM_IRQHandler
                0x080031f0                USART3_IRQHandler
                0x080031f0                DMA1_Channel7_IRQHandler
                0x080031f0                UART5_IRQHandler
                0x080031f0                ADC3_IRQHandler
                0x080031f0                TIM4_IRQHandler
                0x080031f0                DMA2_Channel1_IRQHandler
                0x080031f0                QUADSPI_IRQHandler
                0x080031f0                I2C1_EV_IRQHandler
                0x080031f0                DMA1_Channel6_IRQHandler
                0x080031f0                UART4_IRQHandler
                0x080031f0                DMA2_Channel4_IRQHandler
                0x080031f0                TIM3_IRQHandler
                0x080031f0                RCC_IRQHandler
                0x080031f0                TIM20_UP_IRQHandler
                0x080031f0                DMA1_Channel1_IRQHandler
                0x080031f0                Default_Handler
                0x080031f0                DMA2_Channel7_IRQHandler
                0x080031f0                RTC_TAMP_LSECSS_IRQHandler
                0x080031f0                FMAC_IRQHandler
                0x080031f0                DMA1_Channel8_IRQHandler
                0x080031f0                HRTIM1_TIMA_IRQHandler
                0x080031f0                TIM7_DAC_IRQHandler
                0x080031f0                FDCAN3_IT1_IRQHandler
                0x080031f0                TIM5_IRQHandler
                0x080031f0                UCPD1_IRQHandler
                0x080031f0                I2C3_EV_IRQHandler
                0x080031f0                RTC_WKUP_IRQHandler
                0x080031f0                PVD_PVM_IRQHandler
                0x080031f0                SPI2_IRQHandler
                0x080031f0                ADC5_IRQHandler
                0x080031f0                DMA2_Channel5_IRQHandler
                0x080031f0                CRS_IRQHandler
                0x080031f0                DMA1_Channel5_IRQHandler
                0x080031f0                USB_LP_IRQHandler
                0x080031f0                EXTI4_IRQHandler
                0x080031f0                RNG_IRQHandler
                0x080031f0                HRTIM1_TIMB_IRQHandler
                0x080031f0                TIM1_TRG_COM_TIM17_IRQHandler
                0x080031f0                FDCAN2_IT1_IRQHandler
                0x080031f0                DMA1_Channel3_IRQHandler
                0x080031f0                ADC4_IRQHandler
                0x080031f0                WWDG_IRQHandler
                0x080031f0                I2C4_EV_IRQHandler
                0x080031f0                FDCAN2_IT0_IRQHandler
                0x080031f0                LPUART1_IRQHandler
                0x080031f0                DMA2_Channel6_IRQHandler
                0x080031f0                FDCAN1_IT0_IRQHandler
                0x080031f0                COMP7_IRQHandler
                0x080031f0                COMP1_2_3_IRQHandler
                0x080031f0                EXTI1_IRQHandler
                0x080031f0                USART2_IRQHandler
                0x080031f0                COMP4_5_6_IRQHandler
                0x080031f0                TIM20_BRK_IRQHandler
                0x080031f0                I2C2_ER_IRQHandler
                0x080031f0                DMA1_Channel2_IRQHandler
                0x080031f0                TIM8_BRK_IRQHandler
                0x080031f0                FLASH_IRQHandler
                0x080031f0                TIM20_CC_IRQHandler
                0x080031f0                USART1_IRQHandler
                0x080031f0                SPI3_IRQHandler
                0x080031f0                I2C1_ER_IRQHandler
                0x080031f0                FMC_IRQHandler
                0x080031f0                LPTIM1_IRQHandler
                0x080031f0                DMAMUX_OVR_IRQHandler
                0x080031f0                I2C4_ER_IRQHandler
                0x080031f0                USBWakeUp_IRQHandler
                0x080031f0                SAI1_IRQHandler
                0x080031f0                DMA2_Channel3_IRQHandler
                0x080031f0                TIM1_BRK_TIM15_IRQHandler
 .text.HAL_Init
                0x080031f2       0x30 ./Drivers/STM32G4xx_HAL_Driver/Src/stm32g4xx_hal.o
                0x080031f2                HAL_Init
 *fill*         0x08003222        0x2 
 .text.HAL_InitTick
                0x08003224       0x74 ./Drivers/STM32G4xx_HAL_Driver/Src/stm32g4xx_hal.o
                0x08003224                HAL_InitTick
 .text.HAL_IncTick
                0x08003298       0x24 ./Drivers/STM32G4xx_HAL_Driver/Src/stm32g4xx_hal.o
                0x08003298                HAL_IncTick
 .text.HAL_GetTick
                0x080032bc       0x18 ./Drivers/STM32G4xx_HAL_Driver/Src/stm32g4xx_hal.o
                0x080032bc                HAL_GetTick
 .text.__NVIC_SetPriorityGrouping
                0x080032d4       0x48 ./Drivers/STM32G4xx_HAL_Driver/Src/stm32g4xx_hal_cortex.o
 .text.__NVIC_GetPriorityGrouping
                0x0800331c       0x1c ./Drivers/STM32G4xx_HAL_Driver/Src/stm32g4xx_hal_cortex.o
 .text.__NVIC_EnableIRQ
                0x08003338       0x3c ./Drivers/STM32G4xx_HAL_Driver/Src/stm32g4xx_hal_cortex.o
 .text.__NVIC_SetPriority
                0x08003374       0x54 ./Drivers/STM32G4xx_HAL_Driver/Src/stm32g4xx_hal_cortex.o
 .text.NVIC_EncodePriority
                0x080033c8       0x66 ./Drivers/STM32G4xx_HAL_Driver/Src/stm32g4xx_hal_cortex.o
 *fill*         0x0800342e        0x2 
 .text.SysTick_Config
                0x08003430       0x44 ./Drivers/STM32G4xx_HAL_Driver/Src/stm32g4xx_hal_cortex.o
 .text.HAL_NVIC_SetPriorityGrouping
                0x08003474       0x16 ./Drivers/STM32G4xx_HAL_Driver/Src/stm32g4xx_hal_cortex.o
                0x08003474                HAL_NVIC_SetPriorityGrouping
 .text.HAL_NVIC_SetPriority
                0x0800348a       0x34 ./Drivers/STM32G4xx_HAL_Driver/Src/stm32g4xx_hal_cortex.o
                0x0800348a                HAL_NVIC_SetPriority
 .text.HAL_NVIC_EnableIRQ
                0x080034be       0x1c ./Drivers/STM32G4xx_HAL_Driver/Src/stm32g4xx_hal_cortex.o
                0x080034be                HAL_NVIC_EnableIRQ
 .text.HAL_SYSTICK_Config
                0x080034da       0x18 ./Drivers/STM32G4xx_HAL_Driver/Src/stm32g4xx_hal_cortex.o
                0x080034da                HAL_SYSTICK_Config
 *fill*         0x080034f2        0x2 
 .text.HAL_GPIO_Init
                0x080034f4      0x304 ./Drivers/STM32G4xx_HAL_Driver/Src/stm32g4xx_hal_gpio.o
                0x080034f4                HAL_GPIO_Init
 .text.HAL_GPIO_ReadPin
                0x080037f8       0x30 ./Drivers/STM32G4xx_HAL_Driver/Src/stm32g4xx_hal_gpio.o
                0x080037f8                HAL_GPIO_ReadPin
 .text.HAL_GPIO_WritePin
                0x08003828       0x30 ./Drivers/STM32G4xx_HAL_Driver/Src/stm32g4xx_hal_gpio.o
                0x08003828                HAL_GPIO_WritePin
 .text.HAL_GPIO_TogglePin
                0x08003858       0x34 ./Drivers/STM32G4xx_HAL_Driver/Src/stm32g4xx_hal_gpio.o
                0x08003858                HAL_GPIO_TogglePin
 .text.HAL_GPIO_EXTI_IRQHandler
                0x0800388c       0x30 ./Drivers/STM32G4xx_HAL_Driver/Src/stm32g4xx_hal_gpio.o
                0x0800388c                HAL_GPIO_EXTI_IRQHandler
 .text.HAL_IWDG_Init
                0x080038bc       0x9e ./Drivers/STM32G4xx_HAL_Driver/Src/stm32g4xx_hal_iwdg.o
                0x080038bc                HAL_IWDG_Init
 .text.HAL_IWDG_Refresh
                0x0800395a       0x20 ./Drivers/STM32G4xx_HAL_Driver/Src/stm32g4xx_hal_iwdg.o
                0x0800395a                HAL_IWDG_Refresh
 *fill*         0x0800397a        0x2 
 .text.HAL_PWREx_ControlVoltageScaling
                0x0800397c      0x148 ./Drivers/STM32G4xx_HAL_Driver/Src/stm32g4xx_hal_pwr_ex.o
                0x0800397c                HAL_PWREx_ControlVoltageScaling
 .text.HAL_PWREx_DisableUCPDDeadBattery
                0x08003ac4       0x20 ./Drivers/STM32G4xx_HAL_Driver/Src/stm32g4xx_hal_pwr_ex.o
                0x08003ac4                HAL_PWREx_DisableUCPDDeadBattery
 .text.HAL_RCC_OscConfig
                0x08003ae4      0x624 ./Drivers/STM32G4xx_HAL_Driver/Src/stm32g4xx_hal_rcc.o
                0x08003ae4                HAL_RCC_OscConfig
 .text.HAL_RCC_ClockConfig
                0x08004108      0x278 ./Drivers/STM32G4xx_HAL_Driver/Src/stm32g4xx_hal_rcc.o
                0x08004108                HAL_RCC_ClockConfig
 .text.HAL_RCC_GetSysClockFreq
                0x08004380       0xc4 ./Drivers/STM32G4xx_HAL_Driver/Src/stm32g4xx_hal_rcc.o
                0x08004380                HAL_RCC_GetSysClockFreq
 .text.RCC_GetSysClockFreqFromPLLSource
                0x08004444       0x8c ./Drivers/STM32G4xx_HAL_Driver/Src/stm32g4xx_hal_rcc.o
 .text.HAL_TIM_Base_Init
                0x080044d0       0xae ./Drivers/STM32G4xx_HAL_Driver/Src/stm32g4xx_hal_tim.o
                0x080044d0                HAL_TIM_Base_Init
 *fill*         0x0800457e        0x2 
 .text.HAL_TIM_Base_Start
                0x08004580       0xe0 ./Drivers/STM32G4xx_HAL_Driver/Src/stm32g4xx_hal_tim.o
                0x08004580                HAL_TIM_Base_Start
 .text.HAL_TIM_Base_Start_IT
                0x08004660       0xf0 ./Drivers/STM32G4xx_HAL_Driver/Src/stm32g4xx_hal_tim.o
                0x08004660                HAL_TIM_Base_Start_IT
 .text.HAL_TIM_PWM_Init
                0x08004750       0xae ./Drivers/STM32G4xx_HAL_Driver/Src/stm32g4xx_hal_tim.o
                0x08004750                HAL_TIM_PWM_Init
 *fill*         0x080047fe        0x2 
 .text.HAL_TIM_PWM_Start
                0x08004800      0x224 ./Drivers/STM32G4xx_HAL_Driver/Src/stm32g4xx_hal_tim.o
                0x08004800                HAL_TIM_PWM_Start
 .text.HAL_TIM_Encoder_Init
                0x08004a24      0x14c ./Drivers/STM32G4xx_HAL_Driver/Src/stm32g4xx_hal_tim.o
                0x08004a24                HAL_TIM_Encoder_Init
 .text.HAL_TIM_Encoder_Start
                0x08004b70      0x11c ./Drivers/STM32G4xx_HAL_Driver/Src/stm32g4xx_hal_tim.o
                0x08004b70                HAL_TIM_Encoder_Start
 .text.HAL_TIM_IRQHandler
                0x08004c8c      0x29e ./Drivers/STM32G4xx_HAL_Driver/Src/stm32g4xx_hal_tim.o
                0x08004c8c                HAL_TIM_IRQHandler
 *fill*         0x08004f2a        0x2 
 .text.HAL_TIM_PWM_ConfigChannel
                0x08004f2c      0x228 ./Drivers/STM32G4xx_HAL_Driver/Src/stm32g4xx_hal_tim.o
                0x08004f2c                HAL_TIM_PWM_ConfigChannel
 .text.HAL_TIM_ConfigClockSource
                0x08005154      0x22c ./Drivers/STM32G4xx_HAL_Driver/Src/stm32g4xx_hal_tim.o
                0x08005154                HAL_TIM_ConfigClockSource
 .text.HAL_TIM_OC_DelayElapsedCallback
                0x08005380       0x14 ./Drivers/STM32G4xx_HAL_Driver/Src/stm32g4xx_hal_tim.o
                0x08005380                HAL_TIM_OC_DelayElapsedCallback
 .text.HAL_TIM_IC_CaptureCallback
                0x08005394       0x14 ./Drivers/STM32G4xx_HAL_Driver/Src/stm32g4xx_hal_tim.o
                0x08005394                HAL_TIM_IC_CaptureCallback
 .text.HAL_TIM_PWM_PulseFinishedCallback
                0x080053a8       0x14 ./Drivers/STM32G4xx_HAL_Driver/Src/stm32g4xx_hal_tim.o
                0x080053a8                HAL_TIM_PWM_PulseFinishedCallback
 .text.HAL_TIM_TriggerCallback
                0x080053bc       0x14 ./Drivers/STM32G4xx_HAL_Driver/Src/stm32g4xx_hal_tim.o
                0x080053bc                HAL_TIM_TriggerCallback
 .text.TIM_Base_SetConfig
                0x080053d0      0x168 ./Drivers/STM32G4xx_HAL_Driver/Src/stm32g4xx_hal_tim.o
                0x080053d0                TIM_Base_SetConfig
 .text.TIM_OC1_SetConfig
                0x08005538      0x134 ./Drivers/STM32G4xx_HAL_Driver/Src/stm32g4xx_hal_tim.o
 .text.TIM_OC2_SetConfig
                0x0800566c      0x128 ./Drivers/STM32G4xx_HAL_Driver/Src/stm32g4xx_hal_tim.o
                0x0800566c                TIM_OC2_SetConfig
 .text.TIM_OC3_SetConfig
                0x08005794      0x124 ./Drivers/STM32G4xx_HAL_Driver/Src/stm32g4xx_hal_tim.o
 .text.TIM_OC4_SetConfig
                0x080058b8      0x128 ./Drivers/STM32G4xx_HAL_Driver/Src/stm32g4xx_hal_tim.o
 .text.TIM_OC5_SetConfig
                0x080059e0       0xd4 ./Drivers/STM32G4xx_HAL_Driver/Src/stm32g4xx_hal_tim.o
 .text.TIM_OC6_SetConfig
                0x08005ab4       0xd8 ./Drivers/STM32G4xx_HAL_Driver/Src/stm32g4xx_hal_tim.o
 .text.TIM_TI1_ConfigInputStage
                0x08005b8c       0x5e ./Drivers/STM32G4xx_HAL_Driver/Src/stm32g4xx_hal_tim.o
 .text.TIM_TI2_ConfigInputStage
                0x08005bea       0x60 ./Drivers/STM32G4xx_HAL_Driver/Src/stm32g4xx_hal_tim.o
 .text.TIM_ITRx_SetConfig
                0x08005c4a       0x3a ./Drivers/STM32G4xx_HAL_Driver/Src/stm32g4xx_hal_tim.o
 .text.TIM_ETR_SetConfig
                0x08005c84       0x40 ./Drivers/STM32G4xx_HAL_Driver/Src/stm32g4xx_hal_tim.o
                0x08005c84                TIM_ETR_SetConfig
 .text.TIM_CCxChannelCmd
                0x08005cc4       0x4a ./Drivers/STM32G4xx_HAL_Driver/Src/stm32g4xx_hal_tim.o
                0x08005cc4                TIM_CCxChannelCmd
 *fill*         0x08005d0e        0x2 
 .text.HAL_TIMEx_MasterConfigSynchronization
                0x08005d10      0x12c ./Drivers/STM32G4xx_HAL_Driver/Src/stm32g4xx_hal_tim_ex.o
                0x08005d10                HAL_TIMEx_MasterConfigSynchronization
 .text.HAL_TIMEx_ConfigBreakDeadTime
                0x08005e3c      0x128 ./Drivers/STM32G4xx_HAL_Driver/Src/stm32g4xx_hal_tim_ex.o
                0x08005e3c                HAL_TIMEx_ConfigBreakDeadTime
 .text.HAL_TIMEx_CommutCallback
                0x08005f64       0x14 ./Drivers/STM32G4xx_HAL_Driver/Src/stm32g4xx_hal_tim_ex.o
                0x08005f64                HAL_TIMEx_CommutCallback
 .text.HAL_TIMEx_BreakCallback
                0x08005f78       0x14 ./Drivers/STM32G4xx_HAL_Driver/Src/stm32g4xx_hal_tim_ex.o
                0x08005f78                HAL_TIMEx_BreakCallback
 .text.HAL_TIMEx_Break2Callback
                0x08005f8c       0x14 ./Drivers/STM32G4xx_HAL_Driver/Src/stm32g4xx_hal_tim_ex.o
                0x08005f8c                HAL_TIMEx_Break2Callback
 .text.HAL_TIMEx_EncoderIndexCallback
                0x08005fa0       0x14 ./Drivers/STM32G4xx_HAL_Driver/Src/stm32g4xx_hal_tim_ex.o
                0x08005fa0                HAL_TIMEx_EncoderIndexCallback
 .text.HAL_TIMEx_DirectionChangeCallback
                0x08005fb4       0x14 ./Drivers/STM32G4xx_HAL_Driver/Src/stm32g4xx_hal_tim_ex.o
                0x08005fb4                HAL_TIMEx_DirectionChangeCallback
 .text.HAL_TIMEx_IndexErrorCallback
                0x08005fc8       0x14 ./Drivers/STM32G4xx_HAL_Driver/Src/stm32g4xx_hal_tim_ex.o
                0x08005fc8                HAL_TIMEx_IndexErrorCallback
 .text.HAL_TIMEx_TransitionErrorCallback
                0x08005fdc       0x14 ./Drivers/STM32G4xx_HAL_Driver/Src/stm32g4xx_hal_tim_ex.o
                0x08005fdc                HAL_TIMEx_TransitionErrorCallback
 .text.arm_mat_add_f32
                0x08005ff0       0x76 ./Middlewares/Third_Party/ARM_CMSIS/Source/MatrixFunctions/MatrixFunctions.o
                0x08005ff0                arm_mat_add_f32
 .text.arm_mat_init_f32
                0x08006066       0x30 ./Middlewares/Third_Party/ARM_CMSIS/Source/MatrixFunctions/MatrixFunctions.o
                0x08006066                arm_mat_init_f32
 .text.arm_mat_inverse_f32
                0x08006096      0x6ee ./Middlewares/Third_Party/ARM_CMSIS/Source/MatrixFunctions/MatrixFunctions.o
                0x08006096                arm_mat_inverse_f32
 .text.arm_mat_mult_f32
                0x08006784       0xf4 ./Middlewares/Third_Party/ARM_CMSIS/Source/MatrixFunctions/MatrixFunctions.o
                0x08006784                arm_mat_mult_f32
 .text.arm_mat_scale_f32
                0x08006878       0x6c ./Middlewares/Third_Party/ARM_CMSIS/Source/MatrixFunctions/MatrixFunctions.o
                0x08006878                arm_mat_scale_f32
 .text.arm_mat_sub_f32
                0x080068e4       0x76 ./Middlewares/Third_Party/ARM_CMSIS/Source/MatrixFunctions/MatrixFunctions.o
                0x080068e4                arm_mat_sub_f32
 .text.arm_mat_trans_f32
                0x0800695a       0x82 ./Middlewares/Third_Party/ARM_CMSIS/Source/MatrixFunctions/MatrixFunctions.o
                0x0800695a                arm_mat_trans_f32
 .text.malloc   0x080069dc       0x10 /opt/st/stm32cubeide_1.18.0/plugins/com.st.stm32cube.ide.mcu.externaltools.gnu-tools-for-stm32.13.3.rel1.linux64_1.0.0.202410170706/tools/bin/../lib/gcc/arm-none-eabi/13.3.1/../../../../arm-none-eabi/lib/thumb/v7e-m+fp/hard/libc_nano.a(libc_a-malloc.o)
                0x080069dc                malloc
 .text.sbrk_aligned
                0x080069ec       0x44 /opt/st/stm32cubeide_1.18.0/plugins/com.st.stm32cube.ide.mcu.externaltools.gnu-tools-for-stm32.13.3.rel1.linux64_1.0.0.202410170706/tools/bin/../lib/gcc/arm-none-eabi/13.3.1/../../../../arm-none-eabi/lib/thumb/v7e-m+fp/hard/libc_nano.a(libc_a-mallocr.o)
 .text._malloc_r
                0x08006a30      0x100 /opt/st/stm32cubeide_1.18.0/plugins/com.st.stm32cube.ide.mcu.externaltools.gnu-tools-for-stm32.13.3.rel1.linux64_1.0.0.202410170706/tools/bin/../lib/gcc/arm-none-eabi/13.3.1/../../../../arm-none-eabi/lib/thumb/v7e-m+fp/hard/libc_nano.a(libc_a-mallocr.o)
                0x08006a30                _malloc_r
 .text.__malloc_lock
                0x08006b30        0xc /opt/st/stm32cubeide_1.18.0/plugins/com.st.stm32cube.ide.mcu.externaltools.gnu-tools-for-stm32.13.3.rel1.linux64_1.0.0.202410170706/tools/bin/../lib/gcc/arm-none-eabi/13.3.1/../../../../arm-none-eabi/lib/thumb/v7e-m+fp/hard/libc_nano.a(libc_a-mlock.o)
                0x08006b30                __malloc_lock
 .text.__malloc_unlock
                0x08006b3c        0xc /opt/st/stm32cubeide_1.18.0/plugins/com.st.stm32cube.ide.mcu.externaltools.gnu-tools-for-stm32.13.3.rel1.linux64_1.0.0.202410170706/tools/bin/../lib/gcc/arm-none-eabi/13.3.1/../../../../arm-none-eabi/lib/thumb/v7e-m+fp/hard/libc_nano.a(libc_a-mlock.o)
                0x08006b3c                __malloc_unlock
 .text.memset   0x08006b48       0x10 /opt/st/stm32cubeide_1.18.0/plugins/com.st.stm32cube.ide.mcu.externaltools.gnu-tools-for-stm32.13.3.rel1.linux64_1.0.0.202410170706/tools/bin/../lib/gcc/arm-none-eabi/13.3.1/../../../../arm-none-eabi/lib/thumb/v7e-m+fp/hard/libc_nano.a(libc_a-memset.o)
                0x08006b48                memset
 .text._sbrk_r  0x08006b58       0x20 /opt/st/stm32cubeide_1.18.0/plugins/com.st.stm32cube.ide.mcu.externaltools.gnu-tools-for-stm32.13.3.rel1.linux64_1.0.0.202410170706/tools/bin/../lib/gcc/arm-none-eabi/13.3.1/../../../../arm-none-eabi/lib/thumb/v7e-m+fp/hard/libc_nano.a(libc_a-sbrkr.o)
                0x08006b58                _sbrk_r
 .text.__errno  0x08006b78        0xc /opt/st/stm32cubeide_1.18.0/plugins/com.st.stm32cube.ide.mcu.externaltools.gnu-tools-for-stm32.13.3.rel1.linux64_1.0.0.202410170706/tools/bin/../lib/gcc/arm-none-eabi/13.3.1/../../../../arm-none-eabi/lib/thumb/v7e-m+fp/hard/libc_nano.a(libc_a-errno.o)
                0x08006b78                __errno
 .text.__libc_init_array
                0x08006b84       0x48 /opt/st/stm32cubeide_1.18.0/plugins/com.st.stm32cube.ide.mcu.externaltools.gnu-tools-for-stm32.13.3.rel1.linux64_1.0.0.202410170706/tools/bin/../lib/gcc/arm-none-eabi/13.3.1/../../../../arm-none-eabi/lib/thumb/v7e-m+fp/hard/libc_nano.a(libc_a-init.o)
                0x08006b84                __libc_init_array
 .text.__retarget_lock_acquire_recursive
                0x08006bcc        0x2 /opt/st/stm32cubeide_1.18.0/plugins/com.st.stm32cube.ide.mcu.externaltools.gnu-tools-for-stm32.13.3.rel1.linux64_1.0.0.202410170706/tools/bin/../lib/gcc/arm-none-eabi/13.3.1/../../../../arm-none-eabi/lib/thumb/v7e-m+fp/hard/libc_nano.a(libc_a-lock.o)
                0x08006bcc                __retarget_lock_acquire_recursive
 .text.__retarget_lock_release_recursive
                0x08006bce        0x2 /opt/st/stm32cubeide_1.18.0/plugins/com.st.stm32cube.ide.mcu.externaltools.gnu-tools-for-stm32.13.3.rel1.linux64_1.0.0.202410170706/tools/bin/../lib/gcc/arm-none-eabi/13.3.1/../../../../arm-none-eabi/lib/thumb/v7e-m+fp/hard/libc_nano.a(libc_a-lock.o)
                0x08006bce                __retarget_lock_release_recursive
 .text.cosf     0x08006bd0       0x88 /opt/st/stm32cubeide_1.18.0/plugins/com.st.stm32cube.ide.mcu.externaltools.gnu-tools-for-stm32.13.3.rel1.linux64_1.0.0.202410170706/tools/bin/../lib/gcc/arm-none-eabi/13.3.1/../../../../arm-none-eabi/lib/thumb/v7e-m+fp/hard/libm.a(libm_a-sf_cos.o)
                0x08006bd0                cosf
 .text.sinf     0x08006c58       0x8c /opt/st/stm32cubeide_1.18.0/plugins/com.st.stm32cube.ide.mcu.externaltools.gnu-tools-for-stm32.13.3.rel1.linux64_1.0.0.202410170706/tools/bin/../lib/gcc/arm-none-eabi/13.3.1/../../../../arm-none-eabi/lib/thumb/v7e-m+fp/hard/libm.a(libm_a-sf_sin.o)
                0x08006c58                sinf
 .text.tanhf    0x08006ce4       0xd4 /opt/st/stm32cubeide_1.18.0/plugins/com.st.stm32cube.ide.mcu.externaltools.gnu-tools-for-stm32.13.3.rel1.linux64_1.0.0.202410170706/tools/bin/../lib/gcc/arm-none-eabi/13.3.1/../../../../arm-none-eabi/lib/thumb/v7e-m+fp/hard/libm.a(libm_a-sf_tanh.o)
                0x08006ce4                tanhf
 .text.expm1f   0x08006db8      0x250 /opt/st/stm32cubeide_1.18.0/plugins/com.st.stm32cube.ide.mcu.externaltools.gnu-tools-for-stm32.13.3.rel1.linux64_1.0.0.202410170706/tools/bin/../lib/gcc/arm-none-eabi/13.3.1/../../../../arm-none-eabi/lib/thumb/v7e-m+fp/hard/libm.a(libm_a-sf_expm1.o)
                0x08006db8                expm1f
 .text.with_errnof
                0x08007008       0x1c /opt/st/stm32cubeide_1.18.0/plugins/com.st.stm32cube.ide.mcu.externaltools.gnu-tools-for-stm32.13.3.rel1.linux64_1.0.0.202410170706/tools/bin/../lib/gcc/arm-none-eabi/13.3.1/../../../../arm-none-eabi/lib/thumb/v7e-m+fp/hard/libm.a(libm_a-math_errf.o)
 .text.xflowf   0x08007024       0x16 /opt/st/stm32cubeide_1.18.0/plugins/com.st.stm32cube.ide.mcu.externaltools.gnu-tools-for-stm32.13.3.rel1.linux64_1.0.0.202410170706/tools/bin/../lib/gcc/arm-none-eabi/13.3.1/../../../../arm-none-eabi/lib/thumb/v7e-m+fp/hard/libm.a(libm_a-math_errf.o)
 *fill*         0x0800703a        0x2 
 .text.__math_oflowf
                0x0800703c        0xc /opt/st/stm32cubeide_1.18.0/plugins/com.st.stm32cube.ide.mcu.externaltools.gnu-tools-for-stm32.13.3.rel1.linux64_1.0.0.202410170706/tools/bin/../lib/gcc/arm-none-eabi/13.3.1/../../../../arm-none-eabi/lib/thumb/v7e-m+fp/hard/libm.a(libm_a-math_errf.o)
                0x0800703c                __math_oflowf
 .text.__kernel_cosf
                0x08007048       0xb0 /opt/st/stm32cubeide_1.18.0/plugins/com.st.stm32cube.ide.mcu.externaltools.gnu-tools-for-stm32.13.3.rel1.linux64_1.0.0.202410170706/tools/bin/../lib/gcc/arm-none-eabi/13.3.1/../../../../arm-none-eabi/lib/thumb/v7e-m+fp/hard/libm.a(libm_a-kf_cos.o)
                0x08007048                __kernel_cosf
 .text.__kernel_sinf
                0x080070f8       0x90 /opt/st/stm32cubeide_1.18.0/plugins/com.st.stm32cube.ide.mcu.externaltools.gnu-tools-for-stm32.13.3.rel1.linux64_1.0.0.202410170706/tools/bin/../lib/gcc/arm-none-eabi/13.3.1/../../../../arm-none-eabi/lib/thumb/v7e-m+fp/hard/libm.a(libm_a-kf_sin.o)
                0x080070f8                __kernel_sinf
 .text.__ieee754_rem_pio2f
                0x08007188      0x260 /opt/st/stm32cubeide_1.18.0/plugins/com.st.stm32cube.ide.mcu.externaltools.gnu-tools-for-stm32.13.3.rel1.linux64_1.0.0.202410170706/tools/bin/../lib/gcc/arm-none-eabi/13.3.1/../../../../arm-none-eabi/lib/thumb/v7e-m+fp/hard/libm.a(libm_a-ef_rem_pio2.o)
                0x08007188                __ieee754_rem_pio2f
 .text.fabsf    0x080073e8        0xe /opt/st/stm32cubeide_1.18.0/plugins/com.st.stm32cube.ide.mcu.externaltools.gnu-tools-for-stm32.13.3.rel1.linux64_1.0.0.202410170706/tools/bin/../lib/gcc/arm-none-eabi/13.3.1/../../../../arm-none-eabi/lib/thumb/v7e-m+fp/hard/libm.a(libm_a-sf_fabs.o)
                0x080073e8                fabsf
 *fill*         0x080073f6        0x2 
 .text.scalbnf  0x080073f8       0xcc /opt/st/stm32cubeide_1.18.0/plugins/com.st.stm32cube.ide.mcu.externaltools.gnu-tools-for-stm32.13.3.rel1.linux64_1.0.0.202410170706/tools/bin/../lib/gcc/arm-none-eabi/13.3.1/../../../../arm-none-eabi/lib/thumb/v7e-m+fp/hard/libm.a(libm_a-sf_scalbn.o)
                0x080073f8                scalbnf
 .text.__kernel_rem_pio2f
                0x080074c4      0x4d0 /opt/st/stm32cubeide_1.18.0/plugins/com.st.stm32cube.ide.mcu.externaltools.gnu-tools-for-stm32.13.3.rel1.linux64_1.0.0.202410170706/tools/bin/../lib/gcc/arm-none-eabi/13.3.1/../../../../arm-none-eabi/lib/thumb/v7e-m+fp/hard/libm.a(libm_a-kf_rem_pio2.o)
                0x080074c4                __kernel_rem_pio2f
 .text.floorf   0x08007994       0x88 /opt/st/stm32cubeide_1.18.0/plugins/com.st.stm32cube.ide.mcu.externaltools.gnu-tools-for-stm32.13.3.rel1.linux64_1.0.0.202410170706/tools/bin/../lib/gcc/arm-none-eabi/13.3.1/../../../../arm-none-eabi/lib/thumb/v7e-m+fp/hard/libm.a(libm_a-sf_floor.o)
                0x08007994                floorf
 *(.glue_7)
 .glue_7        0x08007a1c        0x0 linker stubs
 *(.glue_7t)
 .glue_7t       0x08007a1c        0x0 linker stubs
 *(.eh_frame)
 .eh_frame      0x08007a1c        0x0 /opt/st/stm32cubeide_1.18.0/plugins/com.st.stm32cube.ide.mcu.externaltools.gnu-tools-for-stm32.13.3.rel1.linux64_1.0.0.202410170706/tools/bin/../lib/gcc/arm-none-eabi/13.3.1/thumb/v7e-m+fp/hard/crtbegin.o
 *(.init)
 .init          0x08007a1c        0x4 /opt/st/stm32cubeide_1.18.0/plugins/com.st.stm32cube.ide.mcu.externaltools.gnu-tools-for-stm32.13.3.rel1.linux64_1.0.0.202410170706/tools/bin/../lib/gcc/arm-none-eabi/13.3.1/thumb/v7e-m+fp/hard/crti.o
                0x08007a1c                _init
 .init          0x08007a20        0x8 /opt/st/stm32cubeide_1.18.0/plugins/com.st.stm32cube.ide.mcu.externaltools.gnu-tools-for-stm32.13.3.rel1.linux64_1.0.0.202410170706/tools/bin/../lib/gcc/arm-none-eabi/13.3.1/thumb/v7e-m+fp/hard/crtn.o
 *(.fini)
 .fini          0x08007a28        0x4 /opt/st/stm32cubeide_1.18.0/plugins/com.st.stm32cube.ide.mcu.externaltools.gnu-tools-for-stm32.13.3.rel1.linux64_1.0.0.202410170706/tools/bin/../lib/gcc/arm-none-eabi/13.3.1/thumb/v7e-m+fp/hard/crti.o
                0x08007a28                _fini
 .fini          0x08007a2c        0x8 /opt/st/stm32cubeide_1.18.0/plugins/com.st.stm32cube.ide.mcu.externaltools.gnu-tools-for-stm32.13.3.rel1.linux64_1.0.0.202410170706/tools/bin/../lib/gcc/arm-none-eabi/13.3.1/thumb/v7e-m+fp/hard/crtn.o
                0x08007a34                        . = ALIGN (0x4)
                0x08007a34                        _etext = .

.vfp11_veneer   0x08007a34        0x0
 .vfp11_veneer  0x08007a34        0x0 linker stubs

.v4_bx          0x08007a34        0x0
 .v4_bx         0x08007a34        0x0 linker stubs

.iplt           0x08007a34        0x0
 .iplt          0x08007a34        0x0 /opt/st/stm32cubeide_1.18.0/plugins/com.st.stm32cube.ide.mcu.externaltools.gnu-tools-for-stm32.13.3.rel1.linux64_1.0.0.202410170706/tools/bin/../lib/gcc/arm-none-eabi/13.3.1/thumb/v7e-m+fp/hard/crtbegin.o

.rodata         0x08007a34      0x42c
                0x08007a34                        . = ALIGN (0x4)
 *(.rodata)
 .rodata        0x08007a34       0x40 ./Core/Src/MotorKalman.o
 *(.rodata*)
 .rodata.AHBPrescTable
                0x08007a74       0x10 ./Core/Src/system_stm32g4xx.o
                0x08007a74                AHBPrescTable
 .rodata.tiny   0x08007a84        0x4 /opt/st/stm32cubeide_1.18.0/plugins/com.st.stm32cube.ide.mcu.externaltools.gnu-tools-for-stm32.13.3.rel1.linux64_1.0.0.202410170706/tools/bin/../lib/gcc/arm-none-eabi/13.3.1/../../../../arm-none-eabi/lib/thumb/v7e-m+fp/hard/libm.a(libm_a-sf_tanh.o)
 .rodata.two    0x08007a88        0x4 /opt/st/stm32cubeide_1.18.0/plugins/com.st.stm32cube.ide.mcu.externaltools.gnu-tools-for-stm32.13.3.rel1.linux64_1.0.0.202410170706/tools/bin/../lib/gcc/arm-none-eabi/13.3.1/../../../../arm-none-eabi/lib/thumb/v7e-m+fp/hard/libm.a(libm_a-sf_tanh.o)
 .rodata.one    0x08007a8c        0x4 /opt/st/stm32cubeide_1.18.0/plugins/com.st.stm32cube.ide.mcu.externaltools.gnu-tools-for-stm32.13.3.rel1.linux64_1.0.0.202410170706/tools/bin/../lib/gcc/arm-none-eabi/13.3.1/../../../../arm-none-eabi/lib/thumb/v7e-m+fp/hard/libm.a(libm_a-sf_tanh.o)
 .rodata.npio2_hw
                0x08007a90       0x80 /opt/st/stm32cubeide_1.18.0/plugins/com.st.stm32cube.ide.mcu.externaltools.gnu-tools-for-stm32.13.3.rel1.linux64_1.0.0.202410170706/tools/bin/../lib/gcc/arm-none-eabi/13.3.1/../../../../arm-none-eabi/lib/thumb/v7e-m+fp/hard/libm.a(libm_a-ef_rem_pio2.o)
 .rodata.two_over_pi
                0x08007b10      0x318 /opt/st/stm32cubeide_1.18.0/plugins/com.st.stm32cube.ide.mcu.externaltools.gnu-tools-for-stm32.13.3.rel1.linux64_1.0.0.202410170706/tools/bin/../lib/gcc/arm-none-eabi/13.3.1/../../../../arm-none-eabi/lib/thumb/v7e-m+fp/hard/libm.a(libm_a-ef_rem_pio2.o)
 .rodata.PIo2   0x08007e28       0x2c /opt/st/stm32cubeide_1.18.0/plugins/com.st.stm32cube.ide.mcu.externaltools.gnu-tools-for-stm32.13.3.rel1.linux64_1.0.0.202410170706/tools/bin/../lib/gcc/arm-none-eabi/13.3.1/../../../../arm-none-eabi/lib/thumb/v7e-m+fp/hard/libm.a(libm_a-kf_rem_pio2.o)
 .rodata.init_jk
                0x08007e54        0xc /opt/st/stm32cubeide_1.18.0/plugins/com.st.stm32cube.ide.mcu.externaltools.gnu-tools-for-stm32.13.3.rel1.linux64_1.0.0.202410170706/tools/bin/../lib/gcc/arm-none-eabi/13.3.1/../../../../arm-none-eabi/lib/thumb/v7e-m+fp/hard/libm.a(libm_a-kf_rem_pio2.o)
                0x08007e60                        . = ALIGN (0x4)

.ARM.extab      0x08007e60        0x0
                0x08007e60                        . = ALIGN (0x4)
 *(.ARM.extab* .gnu.linkonce.armextab.*)
                0x08007e60                        . = ALIGN (0x4)

.ARM            0x08007e60        0x0
                0x08007e60                        . = ALIGN (0x4)
                0x08007e60                        __exidx_start = .
 *(.ARM.exidx*)
                0x08007e60                        __exidx_end = .
                0x08007e60                        . = ALIGN (0x4)

.preinit_array  0x08007e60        0x0
                0x08007e60                        . = ALIGN (0x4)
                0x08007e60                        PROVIDE (__preinit_array_start = .)
 *(.preinit_array*)
                0x08007e60                        PROVIDE (__preinit_array_end = .)
                0x08007e60                        . = ALIGN (0x4)

.init_array     0x08007e60        0x4
                0x08007e60                        . = ALIGN (0x4)
                0x08007e60                        PROVIDE (__init_array_start = .)
 *(SORT_BY_NAME(.init_array.*))
 *(.init_array*)
 .init_array    0x08007e60        0x4 /opt/st/stm32cubeide_1.18.0/plugins/com.st.stm32cube.ide.mcu.externaltools.gnu-tools-for-stm32.13.3.rel1.linux64_1.0.0.202410170706/tools/bin/../lib/gcc/arm-none-eabi/13.3.1/thumb/v7e-m+fp/hard/crtbegin.o
                0x08007e64                        PROVIDE (__init_array_end = .)
                0x08007e64                        . = ALIGN (0x4)

.fini_array     0x08007e64        0x4
                0x08007e64                        . = ALIGN (0x4)
                [!provide]                        PROVIDE (__fini_array_start = .)
 *(SORT_BY_NAME(.fini_array.*))
 *(.fini_array*)
 .fini_array    0x08007e64        0x4 /opt/st/stm32cubeide_1.18.0/plugins/com.st.stm32cube.ide.mcu.externaltools.gnu-tools-for-stm32.13.3.rel1.linux64_1.0.0.202410170706/tools/bin/../lib/gcc/arm-none-eabi/13.3.1/thumb/v7e-m+fp/hard/crtbegin.o
                [!provide]                        PROVIDE (__fini_array_end = .)
                0x08007e68                        . = ALIGN (0x4)
                0x08007e68                        _sidata = LOADADDR (.data)

.rel.dyn        0x08007e68        0x0
 .rel.iplt      0x08007e68        0x0 /opt/st/stm32cubeide_1.18.0/plugins/com.st.stm32cube.ide.mcu.externaltools.gnu-tools-for-stm32.13.3.rel1.linux64_1.0.0.202410170706/tools/bin/../lib/gcc/arm-none-eabi/13.3.1/thumb/v7e-m+fp/hard/crtbegin.o

.data           0x20000000       0xbc load address 0x08007e68
                0x20000000                        . = ALIGN (0x4)
                0x20000000                        _sdata = .
 *(.data)
 *(.data*)
 .data.K_matlab
                0x20000000       0x10 ./Core/Src/rip_config.o
                0x20000000                K_matlab
 .data.A        0x20000010       0x40 ./Core/Src/rip_config.o
                0x20000010                A
 .data.B        0x20000050       0x10 ./Core/Src/rip_config.o
                0x20000050                B
 .data.SystemCoreClock
                0x20000060        0x4 ./Core/Src/system_stm32g4xx.o
                0x20000060                SystemCoreClock
 .data.uwTickPrio
                0x20000064        0x4 ./Drivers/STM32G4xx_HAL_Driver/Src/stm32g4xx_hal.o
                0x20000064                uwTickPrio
 .data.uwTickFreq
                0x20000068        0x4 ./Drivers/STM32G4xx_HAL_Driver/Src/stm32g4xx_hal.o
                0x20000068                uwTickFreq
 .data._impure_ptr
                0x2000006c        0x4 /opt/st/stm32cubeide_1.18.0/plugins/com.st.stm32cube.ide.mcu.externaltools.gnu-tools-for-stm32.13.3.rel1.linux64_1.0.0.202410170706/tools/bin/../lib/gcc/arm-none-eabi/13.3.1/../../../../arm-none-eabi/lib/thumb/v7e-m+fp/hard/libc_nano.a(libc_a-impure.o)
                0x2000006c                _impure_ptr
 .data._impure_data
                0x20000070       0x4c /opt/st/stm32cubeide_1.18.0/plugins/com.st.stm32cube.ide.mcu.externaltools.gnu-tools-for-stm32.13.3.rel1.linux64_1.0.0.202410170706/tools/bin/../lib/gcc/arm-none-eabi/13.3.1/../../../../arm-none-eabi/lib/thumb/v7e-m+fp/hard/libc_nano.a(libc_a-impure.o)
                0x20000070                _impure_data
 *(.RamFunc)
 *(.RamFunc*)
                0x200000bc                        . = ALIGN (0x4)
                0x200000bc                        _edata = .

.igot.plt       0x200000bc        0x0 load address 0x08007f24
 .igot.plt      0x200000bc        0x0 /opt/st/stm32cubeide_1.18.0/plugins/com.st.stm32cube.ide.mcu.externaltools.gnu-tools-for-stm32.13.3.rel1.linux64_1.0.0.202410170706/tools/bin/../lib/gcc/arm-none-eabi/13.3.1/thumb/v7e-m+fp/hard/crtbegin.o
                0x200000bc                        . = ALIGN (0x4)

.bss            0x200000bc      0x798 load address 0x08007f24
                0x200000bc                        _sbss = .
                0x200000bc                        __bss_start__ = _sbss
 *(.bss)
 .bss           0x200000bc       0x1c /opt/st/stm32cubeide_1.18.0/plugins/com.st.stm32cube.ide.mcu.externaltools.gnu-tools-for-stm32.13.3.rel1.linux64_1.0.0.202410170706/tools/bin/../lib/gcc/arm-none-eabi/13.3.1/thumb/v7e-m+fp/hard/crtbegin.o
 *(.bss*)
 .bss.hiwdg     0x200000d8       0x10 ./Core/Src/iwdg.o
                0x200000d8                hiwdg
 .bss.cmd_energy_norm
                0x200000e8        0x4 ./Core/Src/main.o
                0x200000e8                cmd_energy_norm
 .bss.cmd_lqr_volt
                0x200000ec        0x4 ./Core/Src/main.o
                0x200000ec                cmd_lqr_volt
 .bss.total_cmd
                0x200000f0        0x4 ./Core/Src/main.o
                0x200000f0                total_cmd
 .bss.cmd_energy
                0x200000f4        0x4 ./Core/Src/main.o
                0x200000f4                cmd_energy
 .bss.cmd_lqr   0x200000f8        0x4 ./Core/Src/main.o
                0x200000f8                cmd_lqr
 .bss.cmd_kick  0x200000fc        0x4 ./Core/Src/main.o
                0x200000fc                cmd_kick
 .bss.alpha     0x20000100        0x4 ./Core/Src/main.o
                0x20000100                alpha
 .bss.alpha_shifted
                0x20000104        0x4 ./Core/Src/main.o
                0x20000104                alpha_shifted
 .bss.alpha_dot
                0x20000108        0x4 ./Core/Src/main.o
                0x20000108                alpha_dot
 .bss.theta     0x2000010c        0x4 ./Core/Src/main.o
                0x2000010c                theta
 .bss.theta_dot
                0x20000110        0x4 ./Core/Src/main.o
                0x20000110                theta_dot
 .bss.voltage_input
                0x20000114        0x4 ./Core/Src/main.o
                0x20000114                voltage_input
 .bss.state     0x20000118        0x1 ./Core/Src/main.o
                0x20000118                state
 *fill*         0x20000119        0x3 
 .bss.kick_counter
                0x2000011c        0x4 ./Core/Src/main.o
                0x2000011c                kick_counter
 .bss.debug     0x20000120        0x4 ./Core/Src/main.o
                0x20000120                debug
 .bss.emer      0x20000124        0x4 ./Core/Src/main.o
                0x20000124                emer
 .bss.released  0x20000128        0x4 ./Core/Src/main.o
                0x20000128                released
 .bss.led_counter
                0x2000012c        0x4 ./Core/Src/main.o
                0x2000012c                led_counter
 .bss.motor     0x20000130       0x4c ./Core/Src/rip_config.o
                0x20000130                motor
 .bss.motor_encoder
                0x2000017c       0x4c ./Core/Src/rip_config.o
                0x2000017c                motor_encoder
 .bss.pendulum_encoder
                0x200001c8       0x4c ./Core/Src/rip_config.o
                0x200001c8                pendulum_encoder
 .bss.alpha_dot_filter
                0x20000214        0xc ./Core/Src/rip_config.o
                0x20000214                alpha_dot_filter
 .bss.theta_dot_filter
                0x20000220        0xc ./Core/Src/rip_config.o
                0x20000220                theta_dot_filter
 .bss.swingup   0x2000022c       0x28 ./Core/Src/rip_config.o
                0x2000022c                swingup
 .bss.lqr_ctrl  0x20000254       0x40 ./Core/Src/rip_config.o
                0x20000254                lqr_ctrl
 .bss.motor_filter
                0x20000294      0x340 ./Core/Src/rip_config.o
                0x20000294                motor_filter
 .bss.__sbrk_heap_end
                0x200005d4        0x4 ./Core/Src/sysmem.o
 .bss.htim1     0x200005d8       0x4c ./Core/Src/tim.o
                0x200005d8                htim1
 .bss.htim2     0x20000624       0x4c ./Core/Src/tim.o
                0x20000624                htim2
 .bss.htim3     0x20000670       0x4c ./Core/Src/tim.o
                0x20000670                htim3
 .bss.htim4     0x200006bc       0x4c ./Core/Src/tim.o
                0x200006bc                htim4
 .bss.uwTick    0x20000708        0x4 ./Drivers/STM32G4xx_HAL_Driver/Src/stm32g4xx_hal.o
                0x20000708                uwTick
 .bss.__malloc_sbrk_start
                0x2000070c        0x4 /opt/st/stm32cubeide_1.18.0/plugins/com.st.stm32cube.ide.mcu.externaltools.gnu-tools-for-stm32.13.3.rel1.linux64_1.0.0.202410170706/tools/bin/../lib/gcc/arm-none-eabi/13.3.1/../../../../arm-none-eabi/lib/thumb/v7e-m+fp/hard/libc_nano.a(libc_a-mallocr.o)
                0x2000070c                __malloc_sbrk_start
 .bss.__malloc_free_list
                0x20000710        0x4 /opt/st/stm32cubeide_1.18.0/plugins/com.st.stm32cube.ide.mcu.externaltools.gnu-tools-for-stm32.13.3.rel1.linux64_1.0.0.202410170706/tools/bin/../lib/gcc/arm-none-eabi/13.3.1/../../../../arm-none-eabi/lib/thumb/v7e-m+fp/hard/libc_nano.a(libc_a-mallocr.o)
                0x20000710                __malloc_free_list
 .bss.__sf      0x20000714      0x138 /opt/st/stm32cubeide_1.18.0/plugins/com.st.stm32cube.ide.mcu.externaltools.gnu-tools-for-stm32.13.3.rel1.linux64_1.0.0.202410170706/tools/bin/../lib/gcc/arm-none-eabi/13.3.1/../../../../arm-none-eabi/lib/thumb/v7e-m+fp/hard/libc_nano.a(libc_a-findfp.o)
                0x20000714                __sf
 .bss.errno     0x2000084c        0x4 /opt/st/stm32cubeide_1.18.0/plugins/com.st.stm32cube.ide.mcu.externaltools.gnu-tools-for-stm32.13.3.rel1.linux64_1.0.0.202410170706/tools/bin/../lib/gcc/arm-none-eabi/13.3.1/../../../../arm-none-eabi/lib/thumb/v7e-m+fp/hard/libc_nano.a(libc_a-reent.o)
                0x2000084c                errno
 .bss.__lock___malloc_recursive_mutex
                0x20000850        0x1 /opt/st/stm32cubeide_1.18.0/plugins/com.st.stm32cube.ide.mcu.externaltools.gnu-tools-for-stm32.13.3.rel1.linux64_1.0.0.202410170706/tools/bin/../lib/gcc/arm-none-eabi/13.3.1/../../../../arm-none-eabi/lib/thumb/v7e-m+fp/hard/libc_nano.a(libc_a-lock.o)
                0x20000850                __lock___malloc_recursive_mutex
 *(COMMON)
                0x20000854                        . = ALIGN (0x4)
 *fill*         0x20000851        0x3 
                0x20000854                        _ebss = .
                0x20000854                        __bss_end__ = _ebss

._user_heap_stack
                0x20000854      0x604 load address 0x08007f24
                0x20000858                        . = ALIGN (0x8)
 *fill*         0x20000854        0x4 
                [!provide]                        PROVIDE (end = .)
                0x20000858                        PROVIDE (_end = .)
                0x20000a58                        . = (. + _Min_Heap_Size)
 *fill*         0x20000858      0x200 
                0x20000e58                        . = (. + _Min_Stack_Size)
 *fill*         0x20000a58      0x400 
                0x20000e58                        . = ALIGN (0x8)

/DISCARD/
 libc.a(*)
 libm.a(*)
 libgcc.a(*)

.ARM.attributes
                0x00000000       0x30
 *(.ARM.attributes)
 .ARM.attributes
                0x00000000       0x22 /opt/st/stm32cubeide_1.18.0/plugins/com.st.stm32cube.ide.mcu.externaltools.gnu-tools-for-stm32.13.3.rel1.linux64_1.0.0.202410170706/tools/bin/../lib/gcc/arm-none-eabi/13.3.1/thumb/v7e-m+fp/hard/crti.o
 .ARM.attributes
                0x00000022       0x34 /opt/st/stm32cubeide_1.18.0/plugins/com.st.stm32cube.ide.mcu.externaltools.gnu-tools-for-stm32.13.3.rel1.linux64_1.0.0.202410170706/tools/bin/../lib/gcc/arm-none-eabi/13.3.1/thumb/v7e-m+fp/hard/crtbegin.o
 .ARM.attributes
                0x00000056       0x34 ./Core/Src/Cytron_MDXX.o
 .ARM.attributes
                0x0000008a       0x34 ./Core/Src/FIR.o
 .ARM.attributes
                0x000000be       0x34 ./Core/Src/MotorKalman.o
 .ARM.attributes
                0x000000f2       0x34 ./Core/Src/PWM.o
 .ARM.attributes
                0x00000126       0x34 ./Core/Src/QEI.o
 .ARM.attributes
                0x0000015a       0x34 ./Core/Src/energy_swingup.o
 .ARM.attributes
                0x0000018e       0x34 ./Core/Src/gpio.o
 .ARM.attributes
                0x000001c2       0x34 ./Core/Src/iwdg.o
 .ARM.attributes
                0x000001f6       0x34 ./Core/Src/lqr.o
 .ARM.attributes
                0x0000022a       0x34 ./Core/Src/main.o
 .ARM.attributes
                0x0000025e       0x34 ./Core/Src/rip_config.o
 .ARM.attributes
                0x00000292       0x34 ./Core/Src/stm32g4xx_hal_msp.o
 .ARM.attributes
                0x000002c6       0x34 ./Core/Src/stm32g4xx_it.o
 .ARM.attributes
                0x000002fa       0x34 ./Core/Src/sysmem.o
 .ARM.attributes
                0x0000032e       0x34 ./Core/Src/system_stm32g4xx.o
 .ARM.attributes
                0x00000362       0x34 ./Core/Src/tim.o
 .ARM.attributes
                0x00000396       0x21 ./Core/Startup/startup_stm32g474retx.o
 .ARM.attributes
                0x000003b7       0x34 ./Drivers/STM32G4xx_HAL_Driver/Src/stm32g4xx_hal.o
 .ARM.attributes
                0x000003eb       0x34 ./Drivers/STM32G4xx_HAL_Driver/Src/stm32g4xx_hal_cortex.o
 .ARM.attributes
                0x0000041f       0x34 ./Drivers/STM32G4xx_HAL_Driver/Src/stm32g4xx_hal_gpio.o
 .ARM.attributes
                0x00000453       0x34 ./Drivers/STM32G4xx_HAL_Driver/Src/stm32g4xx_hal_iwdg.o
 .ARM.attributes
                0x00000487       0x34 ./Drivers/STM32G4xx_HAL_Driver/Src/stm32g4xx_hal_pwr_ex.o
 .ARM.attributes
                0x000004bb       0x34 ./Drivers/STM32G4xx_HAL_Driver/Src/stm32g4xx_hal_rcc.o
 .ARM.attributes
                0x000004ef       0x34 ./Drivers/STM32G4xx_HAL_Driver/Src/stm32g4xx_hal_tim.o
 .ARM.attributes
                0x00000523       0x34 ./Drivers/STM32G4xx_HAL_Driver/Src/stm32g4xx_hal_tim_ex.o
 .ARM.attributes
                0x00000557       0x34 ./Middlewares/Third_Party/ARM_CMSIS/Source/MatrixFunctions/MatrixFunctions.o
 .ARM.attributes
                0x0000058b       0x34 /opt/st/stm32cubeide_1.18.0/plugins/com.st.stm32cube.ide.mcu.externaltools.gnu-tools-for-stm32.13.3.rel1.linux64_1.0.0.202410170706/tools/bin/../lib/gcc/arm-none-eabi/13.3.1/../../../../arm-none-eabi/lib/thumb/v7e-m+fp/hard/libc_nano.a(libc_a-malloc.o)
 .ARM.attributes
                0x000005bf       0x34 /opt/st/stm32cubeide_1.18.0/plugins/com.st.stm32cube.ide.mcu.externaltools.gnu-tools-for-stm32.13.3.rel1.linux64_1.0.0.202410170706/tools/bin/../lib/gcc/arm-none-eabi/13.3.1/../../../../arm-none-eabi/lib/thumb/v7e-m+fp/hard/libc_nano.a(libc_a-mallocr.o)
 .ARM.attributes
                0x000005f3       0x34 /opt/st/stm32cubeide_1.18.0/plugins/com.st.stm32cube.ide.mcu.externaltools.gnu-tools-for-stm32.13.3.rel1.linux64_1.0.0.202410170706/tools/bin/../lib/gcc/arm-none-eabi/13.3.1/../../../../arm-none-eabi/lib/thumb/v7e-m+fp/hard/libc_nano.a(libc_a-mlock.o)
 .ARM.attributes
                0x00000627       0x34 /opt/st/stm32cubeide_1.18.0/plugins/com.st.stm32cube.ide.mcu.externaltools.gnu-tools-for-stm32.13.3.rel1.linux64_1.0.0.202410170706/tools/bin/../lib/gcc/arm-none-eabi/13.3.1/../../../../arm-none-eabi/lib/thumb/v7e-m+fp/hard/libc_nano.a(libc_a-findfp.o)
 .ARM.attributes
                0x0000065b       0x34 /opt/st/stm32cubeide_1.18.0/plugins/com.st.stm32cube.ide.mcu.externaltools.gnu-tools-for-stm32.13.3.rel1.linux64_1.0.0.202410170706/tools/bin/../lib/gcc/arm-none-eabi/13.3.1/../../../../arm-none-eabi/lib/thumb/v7e-m+fp/hard/libc_nano.a(libc_a-memset.o)
 .ARM.attributes
                0x0000068f       0x34 /opt/st/stm32cubeide_1.18.0/plugins/com.st.stm32cube.ide.mcu.externaltools.gnu-tools-for-stm32.13.3.rel1.linux64_1.0.0.202410170706/tools/bin/../lib/gcc/arm-none-eabi/13.3.1/../../../../arm-none-eabi/lib/thumb/v7e-m+fp/hard/libc_nano.a(libc_a-reent.o)
 .ARM.attributes
                0x000006c3       0x34 /opt/st/stm32cubeide_1.18.0/plugins/com.st.stm32cube.ide.mcu.externaltools.gnu-tools-for-stm32.13.3.rel1.linux64_1.0.0.202410170706/tools/bin/../lib/gcc/arm-none-eabi/13.3.1/../../../../arm-none-eabi/lib/thumb/v7e-m+fp/hard/libc_nano.a(libc_a-impure.o)
 .ARM.attributes
                0x000006f7       0x34 /opt/st/stm32cubeide_1.18.0/plugins/com.st.stm32cube.ide.mcu.externaltools.gnu-tools-for-stm32.13.3.rel1.linux64_1.0.0.202410170706/tools/bin/../lib/gcc/arm-none-eabi/13.3.1/../../../../arm-none-eabi/lib/thumb/v7e-m+fp/hard/libc_nano.a(libc_a-sbrkr.o)
 .ARM.attributes
                0x0000072b       0x34 /opt/st/stm32cubeide_1.18.0/plugins/com.st.stm32cube.ide.mcu.externaltools.gnu-tools-for-stm32.13.3.rel1.linux64_1.0.0.202410170706/tools/bin/../lib/gcc/arm-none-eabi/13.3.1/../../../../arm-none-eabi/lib/thumb/v7e-m+fp/hard/libc_nano.a(libc_a-errno.o)
 .ARM.attributes
                0x0000075f       0x34 /opt/st/stm32cubeide_1.18.0/plugins/com.st.stm32cube.ide.mcu.externaltools.gnu-tools-for-stm32.13.3.rel1.linux64_1.0.0.202410170706/tools/bin/../lib/gcc/arm-none-eabi/13.3.1/../../../../arm-none-eabi/lib/thumb/v7e-m+fp/hard/libc_nano.a(libc_a-init.o)
 .ARM.attributes
                0x00000793       0x34 /opt/st/stm32cubeide_1.18.0/plugins/com.st.stm32cube.ide.mcu.externaltools.gnu-tools-for-stm32.13.3.rel1.linux64_1.0.0.202410170706/tools/bin/../lib/gcc/arm-none-eabi/13.3.1/../../../../arm-none-eabi/lib/thumb/v7e-m+fp/hard/libc_nano.a(libc_a-lock.o)
 .ARM.attributes
                0x000007c7       0x34 /opt/st/stm32cubeide_1.18.0/plugins/com.st.stm32cube.ide.mcu.externaltools.gnu-tools-for-stm32.13.3.rel1.linux64_1.0.0.202410170706/tools/bin/../lib/gcc/arm-none-eabi/13.3.1/../../../../arm-none-eabi/lib/thumb/v7e-m+fp/hard/libm.a(libm_a-sf_cos.o)
 .ARM.attributes
                0x000007fb       0x34 /opt/st/stm32cubeide_1.18.0/plugins/com.st.stm32cube.ide.mcu.externaltools.gnu-tools-for-stm32.13.3.rel1.linux64_1.0.0.202410170706/tools/bin/../lib/gcc/arm-none-eabi/13.3.1/../../../../arm-none-eabi/lib/thumb/v7e-m+fp/hard/libm.a(libm_a-sf_sin.o)
 .ARM.attributes
                0x0000082f       0x34 /opt/st/stm32cubeide_1.18.0/plugins/com.st.stm32cube.ide.mcu.externaltools.gnu-tools-for-stm32.13.3.rel1.linux64_1.0.0.202410170706/tools/bin/../lib/gcc/arm-none-eabi/13.3.1/../../../../arm-none-eabi/lib/thumb/v7e-m+fp/hard/libm.a(libm_a-sf_tanh.o)
 .ARM.attributes
                0x00000863       0x34 /opt/st/stm32cubeide_1.18.0/plugins/com.st.stm32cube.ide.mcu.externaltools.gnu-tools-for-stm32.13.3.rel1.linux64_1.0.0.202410170706/tools/bin/../lib/gcc/arm-none-eabi/13.3.1/../../../../arm-none-eabi/lib/thumb/v7e-m+fp/hard/libm.a(libm_a-sf_expm1.o)
 .ARM.attributes
                0x00000897       0x34 /opt/st/stm32cubeide_1.18.0/plugins/com.st.stm32cube.ide.mcu.externaltools.gnu-tools-for-stm32.13.3.rel1.linux64_1.0.0.202410170706/tools/bin/../lib/gcc/arm-none-eabi/13.3.1/../../../../arm-none-eabi/lib/thumb/v7e-m+fp/hard/libm.a(libm_a-math_errf.o)
 .ARM.attributes
                0x000008cb       0x34 /opt/st/stm32cubeide_1.18.0/plugins/com.st.stm32cube.ide.mcu.externaltools.gnu-tools-for-stm32.13.3.rel1.linux64_1.0.0.202410170706/tools/bin/../lib/gcc/arm-none-eabi/13.3.1/../../../../arm-none-eabi/lib/thumb/v7e-m+fp/hard/libm.a(libm_a-kf_cos.o)
 .ARM.attributes
                0x000008ff       0x34 /opt/st/stm32cubeide_1.18.0/plugins/com.st.stm32cube.ide.mcu.externaltools.gnu-tools-for-stm32.13.3.rel1.linux64_1.0.0.202410170706/tools/bin/../lib/gcc/arm-none-eabi/13.3.1/../../../../arm-none-eabi/lib/thumb/v7e-m+fp/hard/libm.a(libm_a-kf_sin.o)
 .ARM.attributes
                0x00000933       0x34 /opt/st/stm32cubeide_1.18.0/plugins/com.st.stm32cube.ide.mcu.externaltools.gnu-tools-for-stm32.13.3.rel1.linux64_1.0.0.202410170706/tools/bin/../lib/gcc/arm-none-eabi/13.3.1/../../../../arm-none-eabi/lib/thumb/v7e-m+fp/hard/libm.a(libm_a-ef_rem_pio2.o)
 .ARM.attributes
                0x00000967       0x34 /opt/st/stm32cubeide_1.18.0/plugins/com.st.stm32cube.ide.mcu.externaltools.gnu-tools-for-stm32.13.3.rel1.linux64_1.0.0.202410170706/tools/bin/../lib/gcc/arm-none-eabi/13.3.1/../../../../arm-none-eabi/lib/thumb/v7e-m+fp/hard/libm.a(libm_a-sf_fabs.o)
 .ARM.attributes
                0x0000099b       0x34 /opt/st/stm32cubeide_1.18.0/plugins/com.st.stm32cube.ide.mcu.externaltools.gnu-tools-for-stm32.13.3.rel1.linux64_1.0.0.202410170706/tools/bin/../lib/gcc/arm-none-eabi/13.3.1/../../../../arm-none-eabi/lib/thumb/v7e-m+fp/hard/libm.a(libm_a-sf_scalbn.o)
 .ARM.attributes
                0x000009cf       0x34 /opt/st/stm32cubeide_1.18.0/plugins/com.st.stm32cube.ide.mcu.externaltools.gnu-tools-for-stm32.13.3.rel1.linux64_1.0.0.202410170706/tools/bin/../lib/gcc/arm-none-eabi/13.3.1/../../../../arm-none-eabi/lib/thumb/v7e-m+fp/hard/libm.a(libm_a-kf_rem_pio2.o)
 .ARM.attributes
                0x00000a03       0x34 /opt/st/stm32cubeide_1.18.0/plugins/com.st.stm32cube.ide.mcu.externaltools.gnu-tools-for-stm32.13.3.rel1.linux64_1.0.0.202410170706/tools/bin/../lib/gcc/arm-none-eabi/13.3.1/../../../../arm-none-eabi/lib/thumb/v7e-m+fp/hard/libm.a(libm_a-sf_floor.o)
 .ARM.attributes
                0x00000a37       0x22 /opt/st/stm32cubeide_1.18.0/plugins/com.st.stm32cube.ide.mcu.externaltools.gnu-tools-for-stm32.13.3.rel1.linux64_1.0.0.202410170706/tools/bin/../lib/gcc/arm-none-eabi/13.3.1/thumb/v7e-m+fp/hard/libgcc.a(_arm_addsubdf3.o)
 .ARM.attributes
                0x00000a59       0x22 /opt/st/stm32cubeide_1.18.0/plugins/com.st.stm32cube.ide.mcu.externaltools.gnu-tools-for-stm32.13.3.rel1.linux64_1.0.0.202410170706/tools/bin/../lib/gcc/arm-none-eabi/13.3.1/thumb/v7e-m+fp/hard/libgcc.a(_arm_muldivdf3.o)
 .ARM.attributes
                0x00000a7b       0x22 /opt/st/stm32cubeide_1.18.0/plugins/com.st.stm32cube.ide.mcu.externaltools.gnu-tools-for-stm32.13.3.rel1.linux64_1.0.0.202410170706/tools/bin/../lib/gcc/arm-none-eabi/13.3.1/thumb/v7e-m+fp/hard/libgcc.a(_arm_cmpdf2.o)
 .ARM.attributes
                0x00000a9d       0x22 /opt/st/stm32cubeide_1.18.0/plugins/com.st.stm32cube.ide.mcu.externaltools.gnu-tools-for-stm32.13.3.rel1.linux64_1.0.0.202410170706/tools/bin/../lib/gcc/arm-none-eabi/13.3.1/thumb/v7e-m+fp/hard/libgcc.a(_arm_fixdfsi.o)
 .ARM.attributes
                0x00000abf       0x22 /opt/st/stm32cubeide_1.18.0/plugins/com.st.stm32cube.ide.mcu.externaltools.gnu-tools-for-stm32.13.3.rel1.linux64_1.0.0.202410170706/tools/bin/../lib/gcc/arm-none-eabi/13.3.1/thumb/v7e-m+fp/hard/libgcc.a(_arm_fixunsdfsi.o)
 .ARM.attributes
                0x00000ae1       0x22 /opt/st/stm32cubeide_1.18.0/plugins/com.st.stm32cube.ide.mcu.externaltools.gnu-tools-for-stm32.13.3.rel1.linux64_1.0.0.202410170706/tools/bin/../lib/gcc/arm-none-eabi/13.3.1/thumb/v7e-m+fp/hard/libgcc.a(_arm_truncdfsf2.o)
 .ARM.attributes
                0x00000b03       0x22 /opt/st/stm32cubeide_1.18.0/plugins/com.st.stm32cube.ide.mcu.externaltools.gnu-tools-for-stm32.13.3.rel1.linux64_1.0.0.202410170706/tools/bin/../lib/gcc/arm-none-eabi/13.3.1/thumb/v7e-m+fp/hard/crtn.o
OUTPUT(inv_pendulum.elf elf32-littlearm)
LOAD linker stubs
LOAD /opt/st/stm32cubeide_1.18.0/plugins/com.st.stm32cube.ide.mcu.externaltools.gnu-tools-for-stm32.13.3.rel1.linux64_1.0.0.202410170706/tools/bin/../lib/gcc/arm-none-eabi/13.3.1/../../../../arm-none-eabi/lib/thumb/v7e-m+fp/hard/libc.a
LOAD /opt/st/stm32cubeide_1.18.0/plugins/com.st.stm32cube.ide.mcu.externaltools.gnu-tools-for-stm32.13.3.rel1.linux64_1.0.0.202410170706/tools/bin/../lib/gcc/arm-none-eabi/13.3.1/../../../../arm-none-eabi/lib/thumb/v7e-m+fp/hard/libm.a
LOAD /opt/st/stm32cubeide_1.18.0/plugins/com.st.stm32cube.ide.mcu.externaltools.gnu-tools-for-stm32.13.3.rel1.linux64_1.0.0.202410170706/tools/bin/../lib/gcc/arm-none-eabi/13.3.1/thumb/v7e-m+fp/hard/libgcc.a

.debug_info     0x00000000    0x1677e
 .debug_info    0x00000000      0xb99 ./Core/Src/Cytron_MDXX.o
 .debug_info    0x00000b99      0x32f ./Core/Src/FIR.o
 .debug_info    0x00000ec8      0x6cd ./Core/Src/MotorKalman.o
 .debug_info    0x00001595      0x96d ./Core/Src/PWM.o
 .debug_info    0x00001f02      0xa30 ./Core/Src/QEI.o
 .debug_info    0x00002932      0x210 ./Core/Src/energy_swingup.o
 .debug_info    0x00002b42      0x776 ./Core/Src/gpio.o
 .debug_info    0x000032b8      0x1d3 ./Core/Src/iwdg.o
 .debug_info    0x0000348b      0x30c ./Core/Src/lqr.o
 .debug_info    0x00003797     0x16db ./Core/Src/main.o
 .debug_info    0x00004e72     0x1206 ./Core/Src/rip_config.o
 .debug_info    0x00006078      0x2da ./Core/Src/stm32g4xx_hal_msp.o
 .debug_info    0x00006352      0x8c3 ./Core/Src/stm32g4xx_it.o
 .debug_info    0x00006c15      0x168 ./Core/Src/sysmem.o
 .debug_info    0x00006d7d      0x58e ./Core/Src/system_stm32g4xx.o
 .debug_info    0x0000730b     0x14cf ./Core/Src/tim.o
 .debug_info    0x000087da       0x30 ./Core/Startup/startup_stm32g474retx.o
 .debug_info    0x0000880a      0xb95 ./Drivers/STM32G4xx_HAL_Driver/Src/stm32g4xx_hal.o
 .debug_info    0x0000939f      0xdf9 ./Drivers/STM32G4xx_HAL_Driver/Src/stm32g4xx_hal_cortex.o
 .debug_info    0x0000a198      0x763 ./Drivers/STM32G4xx_HAL_Driver/Src/stm32g4xx_hal_gpio.o
 .debug_info    0x0000a8fb      0x1f7 ./Drivers/STM32G4xx_HAL_Driver/Src/stm32g4xx_hal_iwdg.o
 .debug_info    0x0000aaf2      0x93f ./Drivers/STM32G4xx_HAL_Driver/Src/stm32g4xx_hal_pwr_ex.o
 .debug_info    0x0000b431      0xbe0 ./Drivers/STM32G4xx_HAL_Driver/Src/stm32g4xx_hal_rcc.o
 .debug_info    0x0000c011     0x2c52 ./Drivers/STM32G4xx_HAL_Driver/Src/stm32g4xx_hal_tim.o
 .debug_info    0x0000ec63     0x1d95 ./Drivers/STM32G4xx_HAL_Driver/Src/stm32g4xx_hal_tim_ex.o
 .debug_info    0x000109f8     0x5d86 ./Middlewares/Third_Party/ARM_CMSIS/Source/MatrixFunctions/MatrixFunctions.o

.debug_abbrev   0x00000000     0x3193
 .debug_abbrev  0x00000000      0x1e4 ./Core/Src/Cytron_MDXX.o
 .debug_abbrev  0x000001e4      0x190 ./Core/Src/FIR.o
 .debug_abbrev  0x00000374      0x1d4 ./Core/Src/MotorKalman.o
 .debug_abbrev  0x00000548      0x1e3 ./Core/Src/PWM.o
 .debug_abbrev  0x0000072b      0x218 ./Core/Src/QEI.o
 .debug_abbrev  0x00000943      0x10e ./Core/Src/energy_swingup.o
 .debug_abbrev  0x00000a51      0x15b ./Core/Src/gpio.o
 .debug_abbrev  0x00000bac      0x139 ./Core/Src/iwdg.o
 .debug_abbrev  0x00000ce5      0x183 ./Core/Src/lqr.o
 .debug_abbrev  0x00000e68      0x32f ./Core/Src/main.o
 .debug_abbrev  0x00001197      0x221 ./Core/Src/rip_config.o
 .debug_abbrev  0x000013b8       0xd9 ./Core/Src/stm32g4xx_hal_msp.o
 .debug_abbrev  0x00001491      0x1c2 ./Core/Src/stm32g4xx_it.o
 .debug_abbrev  0x00001653       0xbc ./Core/Src/sysmem.o
 .debug_abbrev  0x0000170f      0x11a ./Core/Src/system_stm32g4xx.o
 .debug_abbrev  0x00001829      0x2bb ./Core/Src/tim.o
 .debug_abbrev  0x00001ae4       0x24 ./Core/Startup/startup_stm32g474retx.o
 .debug_abbrev  0x00001b08      0x271 ./Drivers/STM32G4xx_HAL_Driver/Src/stm32g4xx_hal.o
 .debug_abbrev  0x00001d79      0x31c ./Drivers/STM32G4xx_HAL_Driver/Src/stm32g4xx_hal_cortex.o
 .debug_abbrev  0x00002095      0x1cb ./Drivers/STM32G4xx_HAL_Driver/Src/stm32g4xx_hal_gpio.o
 .debug_abbrev  0x00002260      0x14d ./Drivers/STM32G4xx_HAL_Driver/Src/stm32g4xx_hal_iwdg.o
 .debug_abbrev  0x000023ad      0x22c ./Drivers/STM32G4xx_HAL_Driver/Src/stm32g4xx_hal_pwr_ex.o
 .debug_abbrev  0x000025d9      0x2c9 ./Drivers/STM32G4xx_HAL_Driver/Src/stm32g4xx_hal_rcc.o
 .debug_abbrev  0x000028a2      0x2a7 ./Drivers/STM32G4xx_HAL_Driver/Src/stm32g4xx_hal_tim.o
 .debug_abbrev  0x00002b49      0x2c5 ./Drivers/STM32G4xx_HAL_Driver/Src/stm32g4xx_hal_tim_ex.o
 .debug_abbrev  0x00002e0e      0x385 ./Middlewares/Third_Party/ARM_CMSIS/Source/MatrixFunctions/MatrixFunctions.o

.debug_aranges  0x00000000     0x1028
 .debug_aranges
                0x00000000       0x38 ./Core/Src/Cytron_MDXX.o
 .debug_aranges
                0x00000038       0x38 ./Core/Src/FIR.o
 .debug_aranges
                0x00000070       0x30 ./Core/Src/MotorKalman.o
 .debug_aranges
                0x000000a0       0x30 ./Core/Src/PWM.o
 .debug_aranges
                0x000000d0       0x38 ./Core/Src/QEI.o
 .debug_aranges
                0x00000108       0x30 ./Core/Src/energy_swingup.o
 .debug_aranges
                0x00000138       0x20 ./Core/Src/gpio.o
 .debug_aranges
                0x00000158       0x20 ./Core/Src/iwdg.o
 .debug_aranges
                0x00000178       0x30 ./Core/Src/lqr.o
 .debug_aranges
                0x000001a8       0x50 ./Core/Src/main.o
 .debug_aranges
                0x000001f8       0x20 ./Core/Src/rip_config.o
 .debug_aranges
                0x00000218       0x20 ./Core/Src/stm32g4xx_hal_msp.o
 .debug_aranges
                0x00000238       0x78 ./Core/Src/stm32g4xx_it.o
 .debug_aranges
                0x000002b0       0x20 ./Core/Src/sysmem.o
 .debug_aranges
                0x000002d0       0x28 ./Core/Src/system_stm32g4xx.o
 .debug_aranges
                0x000002f8       0x70 ./Core/Src/tim.o
 .debug_aranges
                0x00000368       0x28 ./Core/Startup/startup_stm32g474retx.o
 .debug_aranges
                0x00000390      0x148 ./Drivers/STM32G4xx_HAL_Driver/Src/stm32g4xx_hal.o
 .debug_aranges
                0x000004d8      0x128 ./Drivers/STM32G4xx_HAL_Driver/Src/stm32g4xx_hal_cortex.o
 .debug_aranges
                0x00000600       0x58 ./Drivers/STM32G4xx_HAL_Driver/Src/stm32g4xx_hal_gpio.o
 .debug_aranges
                0x00000658       0x28 ./Drivers/STM32G4xx_HAL_Driver/Src/stm32g4xx_hal_iwdg.o
 .debug_aranges
                0x00000680      0x140 ./Drivers/STM32G4xx_HAL_Driver/Src/stm32g4xx_hal_pwr_ex.o
 .debug_aranges
                0x000007c0       0x98 ./Drivers/STM32G4xx_HAL_Driver/Src/stm32g4xx_hal_rcc.o
 .debug_aranges
                0x00000858      0x3e0 ./Drivers/STM32G4xx_HAL_Driver/Src/stm32g4xx_hal_tim.o
 .debug_aranges
                0x00000c38      0x240 ./Drivers/STM32G4xx_HAL_Driver/Src/stm32g4xx_hal_tim_ex.o
 .debug_aranges
                0x00000e78      0x1b0 ./Middlewares/Third_Party/ARM_CMSIS/Source/MatrixFunctions/MatrixFunctions.o

.debug_rnglists
                0x00000000      0xc58
 .debug_rnglists
                0x00000000       0x27 ./Core/Src/Cytron_MDXX.o
 .debug_rnglists
                0x00000027       0x27 ./Core/Src/FIR.o
 .debug_rnglists
                0x0000004e       0x22 ./Core/Src/MotorKalman.o
 .debug_rnglists
                0x00000070       0x21 ./Core/Src/PWM.o
 .debug_rnglists
                0x00000091       0x28 ./Core/Src/QEI.o
 .debug_rnglists
                0x000000b9       0x20 ./Core/Src/energy_swingup.o
 .debug_rnglists
                0x000000d9       0x14 ./Core/Src/gpio.o
 .debug_rnglists
                0x000000ed       0x13 ./Core/Src/iwdg.o
 .debug_rnglists
                0x00000100       0x21 ./Core/Src/lqr.o
 .debug_rnglists
                0x00000121       0x3b ./Core/Src/main.o
 .debug_rnglists
                0x0000015c       0x14 ./Core/Src/rip_config.o
 .debug_rnglists
                0x00000170       0x13 ./Core/Src/stm32g4xx_hal_msp.o
 .debug_rnglists
                0x00000183       0x55 ./Core/Src/stm32g4xx_it.o
 .debug_rnglists
                0x000001d8       0x13 ./Core/Src/sysmem.o
 .debug_rnglists
                0x000001eb       0x1a ./Core/Src/system_stm32g4xx.o
 .debug_rnglists
                0x00000205       0x54 ./Core/Src/tim.o
 .debug_rnglists
                0x00000259       0x19 ./Core/Startup/startup_stm32g474retx.o
 .debug_rnglists
                0x00000272       0xf1 ./Drivers/STM32G4xx_HAL_Driver/Src/stm32g4xx_hal.o
 .debug_rnglists
                0x00000363       0xda ./Drivers/STM32G4xx_HAL_Driver/Src/stm32g4xx_hal_cortex.o
 .debug_rnglists
                0x0000043d       0x3f ./Drivers/STM32G4xx_HAL_Driver/Src/stm32g4xx_hal_gpio.o
 .debug_rnglists
                0x0000047c       0x1a ./Drivers/STM32G4xx_HAL_Driver/Src/stm32g4xx_hal_iwdg.o
 .debug_rnglists
                0x00000496       0xf1 ./Drivers/STM32G4xx_HAL_Driver/Src/stm32g4xx_hal_pwr_ex.o
 .debug_rnglists
                0x00000587       0x74 ./Drivers/STM32G4xx_HAL_Driver/Src/stm32g4xx_hal_rcc.o
 .debug_rnglists
                0x000005fb      0x328 ./Drivers/STM32G4xx_HAL_Driver/Src/stm32g4xx_hal_tim.o
 .debug_rnglists
                0x00000923      0x1cc ./Drivers/STM32G4xx_HAL_Driver/Src/stm32g4xx_hal_tim_ex.o
 .debug_rnglists
                0x00000aef      0x169 ./Middlewares/Third_Party/ARM_CMSIS/Source/MatrixFunctions/MatrixFunctions.o

.debug_macro    0x00000000    0x2867e
 .debug_macro   0x00000000      0x292 ./Core/Src/Cytron_MDXX.o
 .debug_macro   0x00000292      0xad8 ./Core/Src/Cytron_MDXX.o
 .debug_macro   0x00000d6a      0x15b ./Core/Src/Cytron_MDXX.o
 .debug_macro   0x00000ec5       0x2e ./Core/Src/Cytron_MDXX.o
 .debug_macro   0x00000ef3       0x28 ./Core/Src/Cytron_MDXX.o
 .debug_macro   0x00000f1b       0x22 ./Core/Src/Cytron_MDXX.o
 .debug_macro   0x00000f3d       0x8e ./Core/Src/Cytron_MDXX.o
 .debug_macro   0x00000fcb       0x51 ./Core/Src/Cytron_MDXX.o
 .debug_macro   0x0000101c      0x103 ./Core/Src/Cytron_MDXX.o
 .debug_macro   0x0000111f       0x6a ./Core/Src/Cytron_MDXX.o
 .debug_macro   0x00001189      0x1df ./Core/Src/Cytron_MDXX.o
 .debug_macro   0x00001368       0x1c ./Core/Src/Cytron_MDXX.o
 .debug_macro   0x00001384       0x22 ./Core/Src/Cytron_MDXX.o
 .debug_macro   0x000013a6       0xfb ./Core/Src/Cytron_MDXX.o
 .debug_macro   0x000014a1     0x1011 ./Core/Src/Cytron_MDXX.o
 .debug_macro   0x000024b2      0x11f ./Core/Src/Cytron_MDXX.o
 .debug_macro   0x000025d1    0x18b8c ./Core/Src/Cytron_MDXX.o
 .debug_macro   0x0001b15d       0x6d ./Core/Src/Cytron_MDXX.o
 .debug_macro   0x0001b1ca     0x3558 ./Core/Src/Cytron_MDXX.o
 .debug_macro   0x0001e722      0x190 ./Core/Src/Cytron_MDXX.o
 .debug_macro   0x0001e8b2       0x5c ./Core/Src/Cytron_MDXX.o
 .debug_macro   0x0001e90e     0x171f ./Core/Src/Cytron_MDXX.o
 .debug_macro   0x0002002d      0x600 ./Core/Src/Cytron_MDXX.o
 .debug_macro   0x0002062d      0x1b6 ./Core/Src/Cytron_MDXX.o
 .debug_macro   0x000207e3      0x34a ./Core/Src/Cytron_MDXX.o
 .debug_macro   0x00020b2d      0x53c ./Core/Src/Cytron_MDXX.o
 .debug_macro   0x00021069      0x18b ./Core/Src/Cytron_MDXX.o
 .debug_macro   0x000211f4       0x43 ./Core/Src/Cytron_MDXX.o
 .debug_macro   0x00021237      0x23d ./Core/Src/Cytron_MDXX.o
 .debug_macro   0x00021474      0x211 ./Core/Src/Cytron_MDXX.o
 .debug_macro   0x00021685      0x45c ./Core/Src/Cytron_MDXX.o
 .debug_macro   0x00021ae1      0x11c ./Core/Src/Cytron_MDXX.o
 .debug_macro   0x00021bfd       0x85 ./Core/Src/Cytron_MDXX.o
 .debug_macro   0x00021c82      0x122 ./Core/Src/Cytron_MDXX.o
 .debug_macro   0x00021da4      0x3d1 ./Core/Src/Cytron_MDXX.o
 .debug_macro   0x00022175      0xc0b ./Core/Src/Cytron_MDXX.o
 .debug_macro   0x00022d80      0x718 ./Core/Src/Cytron_MDXX.o
 .debug_macro   0x00023498      0x358 ./Core/Src/Cytron_MDXX.o
 .debug_macro   0x000237f0       0xa0 ./Core/Src/Cytron_MDXX.o
 .debug_macro   0x00023890       0x61 ./Core/Src/Cytron_MDXX.o
 .debug_macro   0x000238f1       0x2a ./Core/Src/Cytron_MDXX.o
 .debug_macro   0x0002391b       0x43 ./Core/Src/Cytron_MDXX.o
 .debug_macro   0x0002395e       0x34 ./Core/Src/Cytron_MDXX.o
 .debug_macro   0x00023992      0x370 ./Core/Src/Cytron_MDXX.o
 .debug_macro   0x00023d02       0x16 ./Core/Src/Cytron_MDXX.o
 .debug_macro   0x00023d18       0x4a ./Core/Src/Cytron_MDXX.o
 .debug_macro   0x00023d62       0x34 ./Core/Src/Cytron_MDXX.o
 .debug_macro   0x00023d96       0x10 ./Core/Src/Cytron_MDXX.o
 .debug_macro   0x00023da6       0x58 ./Core/Src/Cytron_MDXX.o
 .debug_macro   0x00023dfe       0x8e ./Core/Src/Cytron_MDXX.o
 .debug_macro   0x00023e8c       0x1c ./Core/Src/Cytron_MDXX.o
 .debug_macro   0x00023ea8      0x185 ./Core/Src/Cytron_MDXX.o
 .debug_macro   0x0002402d      0x19b ./Core/Src/Cytron_MDXX.o
 .debug_macro   0x000241c8      0x45d ./Core/Src/FIR.o
 .debug_macro   0x00024625       0x16 ./Core/Src/FIR.o
 .debug_macro   0x0002463b       0x3c ./Core/Src/FIR.o
 .debug_macro   0x00024677       0x16 ./Core/Src/FIR.o
 .debug_macro   0x0002468d       0x29 ./Core/Src/FIR.o
 .debug_macro   0x000246b6       0x16 ./Core/Src/FIR.o
 .debug_macro   0x000246cc       0x20 ./Core/Src/FIR.o
 .debug_macro   0x000246ec      0x201 ./Core/Src/FIR.o
 .debug_macro   0x000248ed       0x7c ./Core/Src/FIR.o
 .debug_macro   0x00024969       0x17 ./Core/Src/FIR.o
 .debug_macro   0x00024980      0x118 ./Core/Src/FIR.o
 .debug_macro   0x00024a98       0xb9 ./Core/Src/FIR.o
 .debug_macro   0x00024b51       0x42 ./Core/Src/FIR.o
 .debug_macro   0x00024b93       0x35 ./Core/Src/FIR.o
 .debug_macro   0x00024bc8       0x22 ./Core/Src/FIR.o
 .debug_macro   0x00024bea       0x28 ./Core/Src/FIR.o
 .debug_macro   0x00024c12       0x16 ./Core/Src/FIR.o
 .debug_macro   0x00024c28       0x16 ./Core/Src/FIR.o
 .debug_macro   0x00024c3e       0x10 ./Core/Src/FIR.o
 .debug_macro   0x00024c4e      0x42f ./Core/Src/MotorKalman.o
 .debug_macro   0x0002507d       0x10 ./Core/Src/MotorKalman.o
 .debug_macro   0x0002508d      0x288 ./Core/Src/PWM.o
 .debug_macro   0x00025315      0x288 ./Core/Src/QEI.o
 .debug_macro   0x0002559d      0x288 ./Core/Src/energy_swingup.o
 .debug_macro   0x00025825      0x1dd ./Core/Src/gpio.o
 .debug_macro   0x00025a02      0x1dd ./Core/Src/iwdg.o
 .debug_macro   0x00025bdf      0x42f ./Core/Src/lqr.o
 .debug_macro   0x0002600e      0x4ca ./Core/Src/main.o
 .debug_macro   0x000264d8       0x7c ./Core/Src/main.o
 .debug_macro   0x00026554      0x4a8 ./Core/Src/rip_config.o
 .debug_macro   0x000269fc      0x1d3 ./Core/Src/stm32g4xx_hal_msp.o
 .debug_macro   0x00026bcf      0x1dd ./Core/Src/stm32g4xx_it.o
 .debug_macro   0x00026dac      0x112 ./Core/Src/sysmem.o
 .debug_macro   0x00026ebe      0x23c ./Core/Src/sysmem.o
 .debug_macro   0x000270fa      0x1c4 ./Core/Src/system_stm32g4xx.o
 .debug_macro   0x000272be      0x1dd ./Core/Src/tim.o
 .debug_macro   0x0002749b      0x212 ./Drivers/STM32G4xx_HAL_Driver/Src/stm32g4xx_hal.o
 .debug_macro   0x000276ad      0x1c4 ./Drivers/STM32G4xx_HAL_Driver/Src/stm32g4xx_hal_cortex.o
 .debug_macro   0x00027871      0x1cb ./Drivers/STM32G4xx_HAL_Driver/Src/stm32g4xx_hal_gpio.o
 .debug_macro   0x00027a3c      0x1d2 ./Drivers/STM32G4xx_HAL_Driver/Src/stm32g4xx_hal_iwdg.o
 .debug_macro   0x00027c0e      0x1ee ./Drivers/STM32G4xx_HAL_Driver/Src/stm32g4xx_hal_pwr_ex.o
 .debug_macro   0x00027dfc      0x206 ./Drivers/STM32G4xx_HAL_Driver/Src/stm32g4xx_hal_rcc.o
 .debug_macro   0x00028002      0x1cc ./Drivers/STM32G4xx_HAL_Driver/Src/stm32g4xx_hal_tim.o
 .debug_macro   0x000281ce      0x1ca ./Drivers/STM32G4xx_HAL_Driver/Src/stm32g4xx_hal_tim_ex.o
 .debug_macro   0x00028398      0x2d6 ./Middlewares/Third_Party/ARM_CMSIS/Source/MatrixFunctions/MatrixFunctions.o
 .debug_macro   0x0002866e       0x10 ./Middlewares/Third_Party/ARM_CMSIS/Source/MatrixFunctions/MatrixFunctions.o

.debug_line     0x00000000    0x179fe
 .debug_line    0x00000000      0x8ed ./Core/Src/Cytron_MDXX.o
 .debug_line    0x000008ed      0xc87 ./Core/Src/FIR.o
 .debug_line    0x00001574      0xcb4 ./Core/Src/MotorKalman.o
 .debug_line    0x00002228      0x9f7 ./Core/Src/PWM.o
 .debug_line    0x00002c1f      0x95a ./Core/Src/QEI.o
 .debug_line    0x00003579      0x8a4 ./Core/Src/energy_swingup.o
 .debug_line    0x00003e1d      0x6b9 ./Core/Src/gpio.o
 .debug_line    0x000044d6      0x69d ./Core/Src/iwdg.o
 .debug_line    0x00004b73      0xb07 ./Core/Src/lqr.o
 .debug_line    0x0000567a      0xd80 ./Core/Src/main.o
 .debug_line    0x000063fa      0xae5 ./Core/Src/rip_config.o
 .debug_line    0x00006edf      0x68c ./Core/Src/stm32g4xx_hal_msp.o
 .debug_line    0x0000756b      0x782 ./Core/Src/stm32g4xx_it.o
 .debug_line    0x00007ced      0x4bd ./Core/Src/sysmem.o
 .debug_line    0x000081aa      0x6f8 ./Core/Src/system_stm32g4xx.o
 .debug_line    0x000088a2      0x952 ./Core/Src/tim.o
 .debug_line    0x000091f4       0x7b ./Core/Startup/startup_stm32g474retx.o
 .debug_line    0x0000926f      0xac4 ./Drivers/STM32G4xx_HAL_Driver/Src/stm32g4xx_hal.o
 .debug_line    0x00009d33      0xc29 ./Drivers/STM32G4xx_HAL_Driver/Src/stm32g4xx_hal_cortex.o
 .debug_line    0x0000a95c      0xa9d ./Drivers/STM32G4xx_HAL_Driver/Src/stm32g4xx_hal_gpio.o
 .debug_line    0x0000b3f9      0x71f ./Drivers/STM32G4xx_HAL_Driver/Src/stm32g4xx_hal_iwdg.o
 .debug_line    0x0000bb18      0xc23 ./Drivers/STM32G4xx_HAL_Driver/Src/stm32g4xx_hal_pwr_ex.o
 .debug_line    0x0000c73b      0xf47 ./Drivers/STM32G4xx_HAL_Driver/Src/stm32g4xx_hal_rcc.o
 .debug_line    0x0000d682     0x3f5d ./Drivers/STM32G4xx_HAL_Driver/Src/stm32g4xx_hal_tim.o
 .debug_line    0x000115df     0x1fcb ./Drivers/STM32G4xx_HAL_Driver/Src/stm32g4xx_hal_tim_ex.o
 .debug_line    0x000135aa     0x4454 ./Middlewares/Third_Party/ARM_CMSIS/Source/MatrixFunctions/MatrixFunctions.o

.debug_str      0x00000000    0xf9253
 .debug_str     0x00000000    0xf9253 ./Core/Src/Cytron_MDXX.o
                              0xf1ef5 (size before relaxing)
 .debug_str     0x000f9253    0xf2f67 ./Core/Src/FIR.o
 .debug_str     0x000f9253    0xf32b7 ./Core/Src/MotorKalman.o
 .debug_str     0x000f9253    0xf1e3b ./Core/Src/PWM.o
 .debug_str     0x000f9253    0xf1e4b ./Core/Src/QEI.o
 .debug_str     0x000f9253    0xf17b0 ./Core/Src/energy_swingup.o
 .debug_str     0x000f9253    0xee658 ./Core/Src/gpio.o
 .debug_str     0x000f9253    0xede7e ./Core/Src/iwdg.o
 .debug_str     0x000f9253    0xf2f5c ./Core/Src/lqr.o
 .debug_str     0x000f9253    0xf4066 ./Core/Src/main.o
 .debug_str     0x000f9253    0xf3c62 ./Core/Src/rip_config.o
 .debug_str     0x000f9253    0xedf42 ./Core/Src/stm32g4xx_hal_msp.o
 .debug_str     0x000f9253    0xee4f1 ./Core/Src/stm32g4xx_it.o
 .debug_str     0x000f9253     0x7783 ./Core/Src/sysmem.o
 .debug_str     0x000f9253    0xedd3d ./Core/Src/system_stm32g4xx.o
 .debug_str     0x000f9253    0xef0d4 ./Core/Src/tim.o
 .debug_str     0x000f9253       0x85 ./Core/Startup/startup_stm32g474retx.o
 .debug_str     0x000f9253    0xeea4f ./Drivers/STM32G4xx_HAL_Driver/Src/stm32g4xx_hal.o
 .debug_str     0x000f9253    0xee70b ./Drivers/STM32G4xx_HAL_Driver/Src/stm32g4xx_hal_cortex.o
 .debug_str     0x000f9253    0xedec8 ./Drivers/STM32G4xx_HAL_Driver/Src/stm32g4xx_hal_gpio.o
 .debug_str     0x000f9253    0xedcaf ./Drivers/STM32G4xx_HAL_Driver/Src/stm32g4xx_hal_iwdg.o
 .debug_str     0x000f9253    0xee22b ./Drivers/STM32G4xx_HAL_Driver/Src/stm32g4xx_hal_pwr_ex.o
 .debug_str     0x000f9253    0xee45c ./Drivers/STM32G4xx_HAL_Driver/Src/stm32g4xx_hal_rcc.o