23:46:04 **** Incremental Build of configuration Debug for project invpendulum ****
make -j12 all 
arm-none-eabi-gcc "../Core/Src/main.c" -mcpu=cortex-m4 -std=gnu11 -g3 -DDEBUG -DUSE_HAL_DRIVER -DSTM32G474xx -c -I../Core/Inc -I../Drivers/STM32G4xx_HAL_Driver/Inc -I../Drivers/STM32G4xx_HAL_Driver/Inc/Legacy -I../Drivers/CMSIS/Device/ST/STM32G4xx/Include -I../Drivers/CMSIS/Include -I../FATFS/Target -I../FATFS/App -I../Middlewares/Third_Party/FatFs/src -I"C:/fibo/3rd year_1st semester/embedded/FRA-Rotary-Inverted-Pendulum/controller/invpendulum/Source/BasicMathFunctions" -I"C:/fibo/3rd year_1st semester/embedded/FRA-Rotary-Inverted-Pendulum/controller/invpendulum/Source/BayesFunctions" -I"C:/fibo/3rd year_1st semester/embedded/FRA-Rotary-Inverted-Pendulum/controller/invpendulum/Source/CommonTables" -I"C:/fibo/3rd year_1st semester/embedded/FRA-Rotary-Inverted-Pendulum/controller/invpendulum/Source/ComplexMathFunctions" -I"C:/fibo/3rd year_1st semester/embedded/FRA-Rotary-Inverted-Pendulum/controller/invpendulum/Source/ControllerFunctions" -I"C:/fibo/3rd year_1st semester/embedded/FRA-Rotary-Inverted-Pendulum/controller/invpendulum/Source/DistanceFunctions" -I"C:/fibo/3rd year_1st semester/embedded/FRA-Rotary-Inverted-Pendulum/controller/invpendulum/Source/FastMathFunctions" -I"C:/fibo/3rd year_1st semester/embedded/FRA-Rotary-Inverted-Pendulum/controller/invpendulum/Source/FilteringFunctions" -I"C:/fibo/3rd year_1st semester/embedded/FRA-Rotary-Inverted-Pendulum/controller/invpendulum/Source/InterpolationFunctions" -I"C:/fibo/3rd year_1st semester/embedded/FRA-Rotary-Inverted-Pendulum/controller/invpendulum/Source/MatrixFunctions" -I"C:/fibo/3rd year_1st semester/embedded/FRA-Rotary-Inverted-Pendulum/controller/invpendulum/Source/QuaternionMathFunctions" -I"C:/fibo/3rd year_1st semester/embedded/FRA-Rotary-Inverted-Pendulum/controller/invpendulum/Source/StatisticsFunctions" -I"C:/fibo/3rd year_1st semester/embedded/FRA-Rotary-Inverted-Pendulum/controller/invpendulum/Source/SupportFunctions" -I"C:/fibo/3rd year_1st semester/embedded/FRA-Rotary-Inverted-Pendulum/controller/invpendulum/Source/SVMFunctions" -I"C:/fibo/3rd year_1st semester/embedded/FRA-Rotary-Inverted-Pendulum/controller/invpendulum/Source/TransformFunctions" -I"C:/fibo/3rd year_1st semester/embedded/FRA-Rotary-Inverted-Pendulum/controller/invpendulum/Source/WindowFunctions" -I../Middlewares/Third_Party/ARM_CMSIS/CMSIS/Core/Include/ -I../Middlewares/Third_Party/ARM_CMSIS/PrivateInclude/ -I../Middlewares/Third_Party/ARM_CMSIS/Include/ -I../Middlewares/Third_Party/ARM_CMSIS/Include -O0 -ffunction-sections -fdata-sections -Wall -fstack-usage -fcyclomatic-complexity -MMD -MP -MF"Core/Src/main.d" -MT"Core/Src/main.o" --specs=nano.specs -mfpu=fpv4-sp-d16 -mfloat-abi=hard -mthumb -o "Core/Src/main.o"
arm-none-eabi-gcc "../Core/Src/rip_config.c" -mcpu=cortex-m4 -std=gnu11 -g3 -DDEBUG -DUSE_HAL_DRIVER -DSTM32G474xx -c -I../Core/Inc -I../Drivers/STM32G4xx_HAL_Driver/Inc -I../Drivers/STM32G4xx_HAL_Driver/Inc/Legacy -I../Drivers/CMSIS/Device/ST/STM32G4xx/Include -I../Drivers/CMSIS/Include -I../FATFS/Target -I../FATFS/App -I../Middlewares/Third_Party/FatFs/src -I"C:/fibo/3rd year_1st semester/embedded/FRA-Rotary-Inverted-Pendulum/controller/invpendulum/Source/BasicMathFunctions" -I"C:/fibo/3rd year_1st semester/embedded/FRA-Rotary-Inverted-Pendulum/controller/invpendulum/Source/BayesFunctions" -I"C:/fibo/3rd year_1st semester/embedded/FRA-Rotary-Inverted-Pendulum/controller/invpendulum/Source/CommonTables" -I"C:/fibo/3rd year_1st semester/embedded/FRA-Rotary-Inverted-Pendulum/controller/invpendulum/Source/ComplexMathFunctions" -I"C:/fibo/3rd year_1st semester/embedded/FRA-Rotary-Inverted-Pendulum/controller/invpendulum/Source/ControllerFunctions" -I"C:/fibo/3rd year_1st semester/embedded/FRA-Rotary-Inverted-Pendulum/controller/invpendulum/Source/DistanceFunctions" -I"C:/fibo/3rd year_1st semester/embedded/FRA-Rotary-Inverted-Pendulum/controller/invpendulum/Source/FastMathFunctions" -I"C:/fibo/3rd year_1st semester/embedded/FRA-Rotary-Inverted-Pendulum/controller/invpendulum/Source/FilteringFunctions" -I"C:/fibo/3rd year_1st semester/embedded/FRA-Rotary-Inverted-Pendulum/controller/invpendulum/Source/InterpolationFunctions" -I"C:/fibo/3rd year_1st semester/embedded/FRA-Rotary-Inverted-Pendulum/controller/invpendulum/Source/MatrixFunctions" -I"C:/fibo/3rd year_1st semester/embedded/FRA-Rotary-Inverted-Pendulum/controller/invpendulum/Source/QuaternionMathFunctions" -I"C:/fibo/3rd year_1st semester/embedded/FRA-Rotary-Inverted-Pendulum/controller/invpendulum/Source/StatisticsFunctions" -I"C:/fibo/3rd year_1st semester/embedded/FRA-Rotary-Inverted-Pendulum/controller/invpendulum/Source/SupportFunctions" -I"C:/fibo/3rd year_1st semester/embedded/FRA-Rotary-Inverted-Pendulum/controller/invpendulum/Source/SVMFunctions" -I"C:/fibo/3rd year_1st semester/embedded/FRA-Rotary-Inverted-Pendulum/controller/invpendulum/Source/TransformFunctions" -I"C:/fibo/3rd year_1st semester/embedded/FRA-Rotary-Inverted-Pendulum/controller/invpendulum/Source/WindowFunctions" -I../Middlewares/Third_Party/ARM_CMSIS/CMSIS/Core/Include/ -I../Middlewares/Third_Party/ARM_CMSIS/PrivateInclude/ -I../Middlewares/Third_Party/ARM_CMSIS/Include/ -I../Middlewares/Third_Party/ARM_CMSIS/Include -O0 -ffunction-sections -fdata-sections -Wall -fstack-usage -fcyclomatic-complexity -MMD -MP -MF"Core/Src/rip_config.d" -MT"Core/Src/rip_config.o" --specs=nano.specs -mfpu=fpv4-sp-d16 -mfloat-abi=hard -mthumb -o "Core/Src/rip_config.o"
arm-none-eabi-gcc "../Core/Src/sd_logger.c" -mcpu=cortex-m4 -std=gnu11 -g3 -DDEBUG -DUSE_HAL_DRIVER -DSTM32G474xx -c -I../Core/Inc -I../Drivers/STM32G4xx_HAL_Driver/Inc -I../Drivers/STM32G4xx_HAL_Driver/Inc/Legacy -I../Drivers/CMSIS/Device/ST/STM32G4xx/Include -I../Drivers/CMSIS/Include -I../FATFS/Target -I../FATFS/App -I../Middlewares/Third_Party/FatFs/src -I"C:/fibo/3rd year_1st semester/embedded/FRA-Rotary-Inverted-Pendulum/controller/invpendulum/Source/BasicMathFunctions" -I"C:/fibo/3rd year_1st semester/embedded/FRA-Rotary-Inverted-Pendulum/controller/invpendulum/Source/BayesFunctions" -I"C:/fibo/3rd year_1st semester/embedded/FRA-Rotary-Inverted-Pendulum/controller/invpendulum/Source/CommonTables" -I"C:/fibo/3rd year_1st semester/embedded/FRA-Rotary-Inverted-Pendulum/controller/invpendulum/Source/ComplexMathFunctions" -I"C:/fibo/3rd year_1st semester/embedded/FRA-Rotary-Inverted-Pendulum/controller/invpendulum/Source/ControllerFunctions" -I"C:/fibo/3rd year_1st semester/embedded/FRA-Rotary-Inverted-Pendulum/controller/invpendulum/Source/DistanceFunctions" -I"C:/fibo/3rd year_1st semester/embedded/FRA-Rotary-Inverted-Pendulum/controller/invpendulum/Source/FastMathFunctions" -I"C:/fibo/3rd year_1st semester/embedded/FRA-Rotary-Inverted-Pendulum/controller/invpendulum/Source/FilteringFunctions" -I"C:/fibo/3rd year_1st semester/embedded/FRA-Rotary-Inverted-Pendulum/controller/invpendulum/Source/InterpolationFunctions" -I"C:/fibo/3rd year_1st semester/embedded/FRA-Rotary-Inverted-Pendulum/controller/invpendulum/Source/MatrixFunctions" -I"C:/fibo/3rd year_1st semester/embedded/FRA-Rotary-Inverted-Pendulum/controller/invpendulum/Source/QuaternionMathFunctions" -I"C:/fibo/3rd year_1st semester/embedded/FRA-Rotary-Inverted-Pendulum/controller/invpendulum/Source/StatisticsFunctions" -I"C:/fibo/3rd year_1st semester/embedded/FRA-Rotary-Inverted-Pendulum/controller/invpendulum/Source/SupportFunctions" -I"C:/fibo/3rd year_1st semester/embedded/FRA-Rotary-Inverted-Pendulum/controller/invpendulum/Source/SVMFunctions" -I"C:/fibo/3rd year_1st semester/embedded/FRA-Rotary-Inverted-Pendulum/controller/invpendulum/Source/TransformFunctions" -I"C:/fibo/3rd year_1st semester/embedded/FRA-Rotary-Inverted-Pendulum/controller/invpendulum/Source/WindowFunctions" -I../Middlewares/Third_Party/ARM_CMSIS/CMSIS/Core/Include/ -I../Middlewares/Third_Party/ARM_CMSIS/PrivateInclude/ -I../Middlewares/Third_Party/ARM_CMSIS/Include/ -I../Middlewares/Third_Party/ARM_CMSIS/Include -O0 -ffunction-sections -fdata-sections -Wall -fstack-usage -fcyclomatic-complexity -MMD -MP -MF"Core/Src/sd_logger.d" -MT"Core/Src/sd_logger.o" --specs=nano.specs -mfpu=fpv4-sp-d16 -mfloat-abi=hard -mthumb -o "Core/Src/sd_logger.o"
arm-none-eabi-gcc -o "invpendulum.elf" @"objects.list"   -mcpu=cortex-m4 -T"C:\fibo\3rd year_1st semester\embedded\FRA-Rotary-Inverted-Pendulum\controller\invpendulum\STM32G474RETX_FLASH.ld" --specs=nosys.specs -Wl,-Map="invpendulum.map" -Wl,--gc-sections -static -u _printf_float --specs=nano.specs -mfpu=fpv4-sp-d16 -mfloat-abi=hard -mthumb -Wl,--start-group -lc -lm -Wl,--end-group
Finished building target: invpendulum.elf
 
arm-none-eabi-size  invpendulum.elf 
arm-none-eabi-objdump -h -S invpendulum.elf  > "invpendulum.list"
   text	   data	    bss	    dec	    hex	filename
  74988	    604	   5508	  81100	  13ccc	invpendulum.elf
Finished building: default.size.stdout
 
Finished building: invpendulum.list
 
15:31:17 **** Incremental Build of configuration Debug for project invpendulum ****
make -j12 all 
arm-none-eabi-size  invpendulum.elf 
   text	   data	    bss	    dec	    hex	filename
  74988	    604	   5508	  81100	  13ccc	invpendulum.elf
Finished building: default.size.stdout
 
15:34:36 **** Incremental Build of configuration Debug for project HC05_Test ****
make -j12 all 
arm-none-eabi-size  HC05_Test.elf 
   text	   data	    bss	    dec	    hex	filename
  20988	     12	   2124	  23124	   5a54	HC05_Test.elf
Finished building: default.size.stdout
 
15:37:04 **** Incremental Build of configuration Debug for project invpendulum ****
make -j12 all 
arm-none-eabi-size  invpendulum.elf 
   text	   data	    bss	    dec	    hex	filename
  74988	    604	   5508	  81100	  13ccc	invpendulum.elf
Finished building: default.size.stdout
 
15:44:08 **** Incremental Build of configuration Debug for project invpendulum ****
make -j12 all 
arm-none-eabi-gcc "../Core/Src/HC05.c" -mcpu=cortex-m4 -std=gnu11 -g3 -DDEBUG -DUSE_HAL_DRIVER -DSTM32G474xx -c -I../Core/Inc -I../Drivers/STM32G4xx_HAL_Driver/Inc -I../Drivers/STM32G4xx_HAL_Driver/Inc/Legacy -I../Drivers/CMSIS/Device/ST/STM32G4xx/Include -I../Drivers/CMSIS/Include -I../FATFS/Target -I../FATFS/App -I../Middlewares/Third_Party/FatFs/src -I"C:/fibo/3rd year_1st semester/embedded/FRA-Rotary-Inverted-Pendulum/controller/invpendulum/Source/BasicMathFunctions" -I"C:/fibo/3rd year_1st semester/embedded/FRA-Rotary-Inverted-Pendulum/controller/invpendulum/Source/BayesFunctions" -I"C:/fibo/3rd year_1st semester/embedded/FRA-Rotary-Inverted-Pendulum/controller/invpendulum/Source/CommonTables" -I"C:/fibo/3rd year_1st semester/embedded/FRA-Rotary-Inverted-Pendulum/controller/invpendulum/Source/ComplexMathFunctions" -I"C:/fibo/3rd year_1st semester/embedded/FRA-Rotary-Inverted-Pendulum/controller/invpendulum/Source/ControllerFunctions" -I"C:/fibo/3rd year_1st semester/embedded/FRA-Rotary-Inverted-Pendulum/controller/invpendulum/Source/DistanceFunctions" -I"C:/fibo/3rd year_1st semester/embedded/FRA-Rotary-Inverted-Pendulum/controller/invpendulum/Source/FastMathFunctions" -I"C:/fibo/3rd year_1st semester/embedded/FRA-Rotary-Inverted-Pendulum/controller/invpendulum/Source/FilteringFunctions" -I"C:/fibo/3rd year_1st semester/embedded/FRA-Rotary-Inverted-Pendulum/controller/invpendulum/Source/InterpolationFunctions" -I"C:/fibo/3rd year_1st semester/embedded/FRA-Rotary-Inverted-Pendulum/controller/invpendulum/Source/MatrixFunctions" -I"C:/fibo/3rd year_1st semester/embedded/FRA-Rotary-Inverted-Pendulum/controller/invpendulum/Source/QuaternionMathFunctions" -I"C:/fibo/3rd year_1st semester/embedded/FRA-Rotary-Inverted-Pendulum/controller/invpendulum/Source/StatisticsFunctions" -I"C:/fibo/3rd year_1st semester/embedded/FRA-Rotary-Inverted-Pendulum/controller/invpendulum/Source/SupportFunctions" -I"C:/fibo/3rd year_1st semester/embedded/FRA-Rotary-Inverted-Pendulum/controller/invpendulum/Source/SVMFunctions" -I"C:/fibo/3rd year_1st semester/embedded/FRA-Rotary-Inverted-Pendulum/controller/invpendulum/Source/TransformFunctions" -I"C:/fibo/3rd year_1st semester/embedded/FRA-Rotary-Inverted-Pendulum/controller/invpendulum/Source/WindowFunctions" -I../Middlewares/Third_Party/ARM_CMSIS/CMSIS/Core/Include/ -I../Middlewares/Third_Party/ARM_CMSIS/PrivateInclude/ -I../Middlewares/Third_Party/ARM_CMSIS/Include/ -I../Middlewares/Third_Party/ARM_CMSIS/Include -O0 -ffunction-sections -fdata-sections -Wall -fstack-usage -fcyclomatic-complexity -MMD -MP -MF"Core/Src/HC05.d" -MT"Core/Src/HC05.o" --specs=nano.specs -mfpu=fpv4-sp-d16 -mfloat-abi=hard -mthumb -o "Core/Src/HC05.o"
arm-none-eabi-gcc "../Core/Src/rip_config.c" -mcpu=cortex-m4 -std=gnu11 -g3 -DDEBUG -DUSE_HAL_DRIVER -DSTM32G474xx -c -I../Core/Inc -I../Drivers/STM32G4xx_HAL_Driver/Inc -I../Drivers/STM32G4xx_HAL_Driver/Inc/Legacy -I../Drivers/CMSIS/Device/ST/STM32G4xx/Include -I../Drivers/CMSIS/Include -I../FATFS/Target -I../FATFS/App -I../Middlewares/Third_Party/FatFs/src -I"C:/fibo/3rd year_1st semester/embedded/FRA-Rotary-Inverted-Pendulum/controller/invpendulum/Source/BasicMathFunctions" -I"C:/fibo/3rd year_1st semester/embedded/FRA-Rotary-Inverted-Pendulum/controller/invpendulum/Source/BayesFunctions" -I"C:/fibo/3rd year_1st semester/embedded/FRA-Rotary-Inverted-Pendulum/controller/invpendulum/Source/CommonTables" -I"C:/fibo/3rd year_1st semester/embedded/FRA-Rotary-Inverted-Pendulum/controller/invpendulum/Source/ComplexMathFunctions" -I"C:/fibo/3rd year_1st semester/embedded/FRA-Rotary-Inverted-Pendulum/controller/invpendulum/Source/ControllerFunctions" -I"C:/fibo/3rd year_1st semester/embedded/FRA-Rotary-Inverted-Pendulum/controller/invpendulum/Source/DistanceFunctions" -I"C:/fibo/3rd year_1st semester/embedded/FRA-Rotary-Inverted-Pendulum/controller/invpendulum/Source/FastMathFunctions" -I"C:/fibo/3rd year_1st semester/embedded/FRA-Rotary-Inverted-Pendulum/controller/invpendulum/Source/FilteringFunctions" -I"C:/fibo/3rd year_1st semester/embedded/FRA-Rotary-Inverted-Pendulum/controller/invpendulum/Source/InterpolationFunctions" -I"C:/fibo/3rd year_1st semester/embedded/FRA-Rotary-Inverted-Pendulum/controller/invpendulum/Source/MatrixFunctions" -I"C:/fibo/3rd year_1st semester/embedded/FRA-Rotary-Inverted-Pendulum/controller/invpendulum/Source/QuaternionMathFunctions" -I"C:/fibo/3rd year_1st semester/embedded/FRA-Rotary-Inverted-Pendulum/controller/invpendulum/Source/StatisticsFunctions" -I"C:/fibo/3rd year_1st semester/embedded/FRA-Rotary-Inverted-Pendulum/controller/invpendulum/Source/SupportFunctions" -I"C:/fibo/3rd year_1st semester/embedded/FRA-Rotary-Inverted-Pendulum/controller/invpendulum/Source/SVMFunctions" -I"C:/fibo/3rd year_1st semester/embedded/FRA-Rotary-Inverted-Pendulum/controller/invpendulum/Source/TransformFunctions" -I"C:/fibo/3rd year_1st semester/embedded/FRA-Rotary-Inverted-Pendulum/controller/invpendulum/Source/WindowFunctions" -I../Middlewares/Third_Party/ARM_CMSIS/CMSIS/Core/Include/ -I../Middlewares/Third_Party/ARM_CMSIS/PrivateInclude/ -I../Middlewares/Third_Party/ARM_CMSIS/Include/ -I../Middlewares/Third_Party/ARM_CMSIS/Include -O0 -ffunction-sections -fdata-sections -Wall -fstack-usage -fcyclomatic-complexity -MMD -MP -MF"Core/Src/rip_config.d" -MT"Core/Src/rip_config.o" --specs=nano.specs -mfpu=fpv4-sp-d16 -mfloat-abi=hard -mthumb -o "Core/Src/rip_config.o"
arm-none-eabi-gcc "../Core/Src/usart.c" -mcpu=cortex-m4 -std=gnu11 -g3 -DDEBUG -DUSE_HAL_DRIVER -DSTM32G474xx -c -I../Core/Inc -I../Drivers/STM32G4xx_HAL_Driver/Inc -I../Drivers/STM32G4xx_HAL_Driver/Inc/Legacy -I../Drivers/CMSIS/Device/ST/STM32G4xx/Include -I../Drivers/CMSIS/Include -I../FATFS/Target -I../FATFS/App -I../Middlewares/Third_Party/FatFs/src -I"C:/fibo/3rd year_1st semester/embedded/FRA-Rotary-Inverted-Pendulum/controller/invpendulum/Source/BasicMathFunctions" -I"C:/fibo/3rd year_1st semester/embedded/FRA-Rotary-Inverted-Pendulum/controller/invpendulum/Source/BayesFunctions" -I"C:/fibo/3rd year_1st semester/embedded/FRA-Rotary-Inverted-Pendulum/controller/invpendulum/Source/CommonTables" -I"C:/fibo/3rd year_1st semester/embedded/FRA-Rotary-Inverted-Pendulum/controller/invpendulum/Source/ComplexMathFunctions" -I"C:/fibo/3rd year_1st semester/embedded/FRA-Rotary-Inverted-Pendulum/controller/invpendulum/Source/ControllerFunctions" -I"C:/fibo/3rd year_1st semester/embedded/FRA-Rotary-Inverted-Pendulum/controller/invpendulum/Source/DistanceFunctions" -I"C:/fibo/3rd year_1st semester/embedded/FRA-Rotary-Inverted-Pendulum/controller/invpendulum/Source/FastMathFunctions" -I"C:/fibo/3rd year_1st semester/embedded/FRA-Rotary-Inverted-Pendulum/controller/invpendulum/Source/FilteringFunctions" -I"C:/fibo/3rd year_1st semester/embedded/FRA-Rotary-Inverted-Pendulum/controller/invpendulum/Source/InterpolationFunctions" -I"C:/fibo/3rd year_1st semester/embedded/FRA-Rotary-Inverted-Pendulum/controller/invpendulum/Source/MatrixFunctions" -I"C:/fibo/3rd year_1st semester/embedded/FRA-Rotary-Inverted-Pendulum/controller/invpendulum/Source/QuaternionMathFunctions" -I"C:/fibo/3rd year_1st semester/embedded/FRA-Rotary-Inverted-Pendulum/controller/invpendulum/Source/StatisticsFunctions" -I"C:/fibo/3rd year_1st semester/embedded/FRA-Rotary-Inverted-Pendulum/controller/invpendulum/Source/SupportFunctions" -I"C:/fibo/3rd year_1st semester/embedded/FRA-Rotary-Inverted-Pendulum/controller/invpendulum/Source/SVMFunctions" -I"C:/fibo/3rd year_1st semester/embedded/FRA-Rotary-Inverted-Pendulum/controller/invpendulum/Source/TransformFunctions" -I"C:/fibo/3rd year_1st semester/embedded/FRA-Rotary-Inverted-Pendulum/controller/invpendulum/Source/WindowFunctions" -I../Middlewares/Third_Party/ARM_CMSIS/CMSIS/Core/Include/ -I../Middlewares/Third_Party/ARM_CMSIS/PrivateInclude/ -I../Middlewares/Third_Party/ARM_CMSIS/Include/ -I../Middlewares/Third_Party/ARM_CMSIS/Include -O0 -ffunction-sections -fdata-sections -Wall -fstack-usage -fcyclomatic-complexity -MMD -MP -MF"Core/Src/usart.d" -MT"Core/Src/usart.o" --specs=nano.specs -mfpu=fpv4-sp-d16 -mfloat-abi=hard -mthumb -o "Core/Src/usart.o"
arm-none-eabi-gcc -o "invpendulum.elf" @"objects.list"   -mcpu=cortex-m4 -T"C:\fibo\3rd year_1st semester\embedded\FRA-Rotary-Inverted-Pendulum\controller\invpendulum\STM32G474RETX_FLASH.ld" --specs=nosys.specs -Wl,-Map="invpendulum.map" -Wl,--gc-sections -static -u _printf_float --specs=nano.specs -mfpu=fpv4-sp-d16 -mfloat-abi=hard -mthumb -Wl,--start-group -lc -lm -Wl,--end-group
Finished building target: invpendulum.elf
 
arm-none-eabi-size  invpendulum.elf 
arm-none-eabi-objdump -h -S invpendulum.elf  > "invpendulum.list"
   text	   data	    bss	    dec	    hex	filename
  74988	    604	   5508	  81100	  13ccc	invpendulum.elf
Finished building: default.size.stdout
 
Finished building: invpendulum.list
 
15:48:50 **** Incremental Build of configuration Debug for project invpendulum ****
make -j12 all 
arm-none-eabi-gcc "../Core/Src/rip_config.c" -mcpu=cortex-m4 -std=gnu11 -g3 -DDEBUG -DUSE_HAL_DRIVER -DSTM32G474xx -c -I../Core/Inc -I../Drivers/STM32G4xx_HAL_Driver/Inc -I../Drivers/STM32G4xx_HAL_Driver/Inc/Legacy -I../Drivers/CMSIS/Device/ST/STM32G4xx/Include -I../Drivers/CMSIS/Include -I../FATFS/Target -I../FATFS/App -I../Middlewares/Third_Party/FatFs/src -I"C:/fibo/3rd year_1st semester/embedded/FRA-Rotary-Inverted-Pendulum/controller/invpendulum/Source/BasicMathFunctions" -I"C:/fibo/3rd year_1st semester/embedded/FRA-Rotary-Inverted-Pendulum/controller/invpendulum/Source/BayesFunctions" -I"C:/fibo/3rd year_1st semester/embedded/FRA-Rotary-Inverted-Pendulum/controller/invpendulum/Source/CommonTables" -I"C:/fibo/3rd year_1st semester/embedded/FRA-Rotary-Inverted-Pendulum/controller/invpendulum/Source/ComplexMathFunctions" -I"C:/fibo/3rd year_1st semester/embedded/FRA-Rotary-Inverted-Pendulum/controller/invpendulum/Source/ControllerFunctions" -I"C:/fibo/3rd year_1st semester/embedded/FRA-Rotary-Inverted-Pendulum/controller/invpendulum/Source/DistanceFunctions" -I"C:/fibo/3rd year_1st semester/embedded/FRA-Rotary-Inverted-Pendulum/controller/invpendulum/Source/FastMathFunctions" -I"C:/fibo/3rd year_1st semester/embedded/FRA-Rotary-Inverted-Pendulum/controller/invpendulum/Source/FilteringFunctions" -I"C:/fibo/3rd year_1st semester/embedded/FRA-Rotary-Inverted-Pendulum/controller/invpendulum/Source/InterpolationFunctions" -I"C:/fibo/3rd year_1st semester/embedded/FRA-Rotary-Inverted-Pendulum/controller/invpendulum/Source/MatrixFunctions" -I"C:/fibo/3rd year_1st semester/embedded/FRA-Rotary-Inverted-Pendulum/controller/invpendulum/Source/QuaternionMathFunctions" -I"C:/fibo/3rd year_1st semester/embedded/FRA-Rotary-Inverted-Pendulum/controller/invpendulum/Source/StatisticsFunctions" -I"C:/fibo/3rd year_1st semester/embedded/FRA-Rotary-Inverted-Pendulum/controller/invpendulum/Source/SupportFunctions" -I"C:/fibo/3rd year_1st semester/embedded/FRA-Rotary-Inverted-Pendulum/controller/invpendulum/Source/SVMFunctions" -I"C:/fibo/3rd year_1st semester/embedded/FRA-Rotary-Inverted-Pendulum/controller/invpendulum/Source/TransformFunctions" -I"C:/fibo/3rd year_1st semester/embedded/FRA-Rotary-Inverted-Pendulum/controller/invpendulum/Source/WindowFunctions" -I../Middlewares/Third_Party/ARM_CMSIS/CMSIS/Core/Include/ -I../Middlewares/Third_Party/ARM_CMSIS/PrivateInclude/ -I../Middlewares/Third_Party/ARM_CMSIS/Include/ -I../Middlewares/Third_Party/ARM_CMSIS/Include -O0 -ffunction-sections -fdata-sections -Wall -fstack-usage -fcyclomatic-complexity -MMD -MP -MF"Core/Src/rip_config.d" -MT"Core/Src/rip_config.o" --specs=nano.specs -mfpu=fpv4-sp-d16 -mfloat-abi=hard -mthumb -o "Core/Src/rip_config.o"
../Core/Src/rip_config.c: In function 'HC05_CommandHandler':
../Core/Src/rip_config.c:134:13: warning: implicit declaration of function 'snprintf' [-Wimplicit-function-declaration]
  134 |             snprintf(filename, sizeof(filename), "log_%03d.csv", log_num++);
      |             ^~~~~~~~
../Core/Src/rip_config.c:4:1: note: include '<stdio.h>' or provide a declaration of 'snprintf'
    3 | #include <ctype.h>
  +++ |+#include <stdio.h>
    4 | 
../Core/Src/rip_config.c:134:13: warning: incompatible implicit declaration of built-in function 'snprintf' [-Wbuiltin-declaration-mismatch]
  134 |             snprintf(filename, sizeof(filename), "log_%03d.csv", log_num++);
      |             ^~~~~~~~
../Core/Src/rip_config.c:134:13: note: include '<stdio.h>' or provide a declaration of 'snprintf'
arm-none-eabi-gcc -o "invpendulum.elf" @"objects.list"   -mcpu=cortex-m4 -T"C:\fibo\3rd year_1st semester\embedded\FRA-Rotary-Inverted-Pendulum\controller\invpendulum\STM32G474RETX_FLASH.ld" --specs=nosys.specs -Wl,-Map="invpendulum.map" -Wl,--gc-sections -static -u _printf_float --specs=nano.specs -mfpu=fpv4-sp-d16 -mfloat-abi=hard -mthumb -Wl,--start-group -lc -lm -Wl,--end-group
Finished building target: invpendulum.elf
 
arm-none-eabi-size  invpendulum.elf 
arm-none-eabi-objdump -h -S invpendulum.elf  > "invpendulum.list"
   text	   data	    bss	    dec	    hex	filename
  75044	    604	   5508	  81156	  13d04	invpendulum.elf
Finished building: default.size.stdout
 
Finished building: invpendulum.list
 
15:51:06 **** Incremental Build of configuration Debug for project invpendulum ****
make -j12 all 
arm-none-eabi-gcc "../Core/Src/rip_config.c" -mcpu=cortex-m4 -std=gnu11 -g3 -DDEBUG -DUSE_HAL_DRIVER -DSTM32G474xx -c -I../Core/Inc -I../Drivers/STM32G4xx_HAL_Driver/Inc -I../Drivers/STM32G4xx_HAL_Driver/Inc/Legacy -I../Drivers/CMSIS/Device/ST/STM32G4xx/Include -I../Drivers/CMSIS/Include -I../FATFS/Target -I../FATFS/App -I../Middlewares/Third_Party/FatFs/src -I"C:/fibo/3rd year_1st semester/embedded/FRA-Rotary-Inverted-Pendulum/controller/invpendulum/Source/BasicMathFunctions" -I"C:/fibo/3rd year_1st semester/embedded/FRA-Rotary-Inverted-Pendulum/controller/invpendulum/Source/BayesFunctions" -I"C:/fibo/3rd year_1st semester/embedded/FRA-Rotary-Inverted-Pendulum/controller/invpendulum/Source/CommonTables" -I"C:/fibo/3rd year_1st semester/embedded/FRA-Rotary-Inverted-Pendulum/controller/invpendulum/Source/ComplexMathFunctions" -I"C:/fibo/3rd year_1st semester/embedded/FRA-Rotary-Inverted-Pendulum/controller/invpendulum/Source/ControllerFunctions" -I"C:/fibo/3rd year_1st semester/embedded/FRA-Rotary-Inverted-Pendulum/controller/invpendulum/Source/DistanceFunctions" -I"C:/fibo/3rd year_1st semester/embedded/FRA-Rotary-Inverted-Pendulum/controller/invpendulum/Source/FastMathFunctions" -I"C:/fibo/3rd year_1st semester/embedded/FRA-Rotary-Inverted-Pendulum/controller/invpendulum/Source/FilteringFunctions" -I"C:/fibo/3rd year_1st semester/embedded/FRA-Rotary-Inverted-Pendulum/controller/invpendulum/Source/InterpolationFunctions" -I"C:/fibo/3rd year_1st semester/embedded/FRA-Rotary-Inverted-Pendulum/controller/invpendulum/Source/MatrixFunctions" -I"C:/fibo/3rd year_1st semester/embedded/FRA-Rotary-Inverted-Pendulum/controller/invpendulum/Source/QuaternionMathFunctions" -I"C:/fibo/3rd year_1st semester/embedded/FRA-Rotary-Inverted-Pendulum/controller/invpendulum/Source/StatisticsFunctions" -I"C:/fibo/3rd year_1st semester/embedded/FRA-Rotary-Inverted-Pendulum/controller/invpendulum/Source/SupportFunctions" -I"C:/fibo/3rd year_1st semester/embedded/FRA-Rotary-Inverted-Pendulum/controller/invpendulum/Source/SVMFunctions" -I"C:/fibo/3rd year_1st semester/embedded/FRA-Rotary-Inverted-Pendulum/controller/invpendulum/Source/TransformFunctions" -I"C:/fibo/3rd year_1st semester/embedded/FRA-Rotary-Inverted-Pendulum/controller/invpendulum/Source/WindowFunctions" -I../Middlewares/Third_Party/ARM_CMSIS/CMSIS/Core/Include/ -I../Middlewares/Third_Party/ARM_CMSIS/PrivateInclude/ -I../Middlewares/Third_Party/ARM_CMSIS/Include/ -I../Middlewares/Third_Party/ARM_CMSIS/Include -O0 -ffunction-sections -fdata-sections -Wall -fstack-usage -fcyclomatic-complexity -MMD -MP -MF"Core/Src/rip_config.d" -MT"Core/Src/rip_config.o" --specs=nano.specs -mfpu=fpv4-sp-d16 -mfloat-abi=hard -mthumb -o "Core/Src/rip_config.o"
../Core/Src/rip_config.c: In function 'HC05_CommandHandler':
../Core/Src/rip_config.c:134:13: warning: implicit declaration of function 'snprintf' [-Wimplicit-function-declaration]
  134 |             snprintf(filename, sizeof(filename), "log_%03d.csv", log_num++);
      |             ^~~~~~~~
../Core/Src/rip_config.c:4:1: note: include '<stdio.h>' or provide a declaration of 'snprintf'
    3 | #include <ctype.h>
  +++ |+#include <stdio.h>
    4 | 
../Core/Src/rip_config.c:134:13: warning: incompatible implicit declaration of built-in function 'snprintf' [-Wbuiltin-declaration-mismatch]
  134 |             snprintf(filename, sizeof(filename), "log_%03d.csv", log_num++);
      |             ^~~~~~~~
../Core/Src/rip_config.c:134:13: note: include '<stdio.h>' or provide a declaration of 'snprintf'
arm-none-eabi-gcc -o "invpendulum.elf" @"objects.list"   -mcpu=cortex-m4 -T"C:\fibo\3rd year_1st semester\embedded\FRA-Rotary-Inverted-Pendulum\controller\invpendulum\STM32G474RETX_FLASH.ld" --specs=nosys.specs -Wl,-Map="invpendulum.map" -Wl,--gc-sections -static -u _printf_float --specs=nano.specs -mfpu=fpv4-sp-d16 -mfloat-abi=hard -mthumb -Wl,--start-group -lc -lm -Wl,--end-group
Finished building target: invpendulum.elf
 
arm-none-eabi-size  invpendulum.elf 
arm-none-eabi-objdump -h -S invpendulum.elf  > "invpendulum.list"
   text	   data	    bss	    dec	    hex	filename
  74444	    604	   4948	  79996	  1387c	invpendulum.elf
Finished building: default.size.stdout
 
Finished building: invpendulum.list
 
15:59:00 **** Incremental Build of configuration Debug for project invpendulum ****
make -j12 all 
arm-none-eabi-size  invpendulum.elf 
   text	   data	    bss	    dec	    hex	filename
  74444	    604	   4948	  79996	  1387c	invpendulum.elf
Finished building: default.size.stdout
 
