00:54:04 **** Incremental Build of configuration Debug for project inv_pendulum ****
make -j12 all 
arm-none-eabi-gcc "../Core/Src/lcd_display.c" -mcpu=cortex-m4 -std=gnu11 -g3 -DDEBUG -DUSE_HAL_DRIVER -DSTM32G474xx -c -I../Core/Inc -I../FATFS/Target -I../FATFS/App -I../Drivers/STM32G4xx_HAL_Driver/Inc -I../Drivers/STM32G4xx_HAL_Driver/Inc/Legacy -I../Middlewares/Third_Party/FatFs/src -I../Drivers/CMSIS/Device/ST/STM32G4xx/Include -I../Drivers/CMSIS/Include -I../Middlewares/Third_Party/ARM_CMSIS/CMSIS/Core/Include/ -I../Middlewares/Third_Party/ARM_CMSIS/PrivateInclude/ -I../Middlewares/Third_Party/ARM_CMSIS/Include/ -I../Middlewares/Third_Party/ARM_CMSIS/Include -I"C:/fibo/3rd year_1st semester/embedded/FRA-Rotary-Inverted-Pendulum/controller/inv_pendulum/Source/BasicMathFunctions" -I"C:/fibo/3rd year_1st semester/embedded/FRA-Rotary-Inverted-Pendulum/controller/inv_pendulum/Source/BayesFunctions" -I"C:/fibo/3rd year_1st semester/embedded/FRA-Rotary-Inverted-Pendulum/controller/inv_pendulum/Source/CommonTables" -I"C:/fibo/3rd year_1st semester/embedded/FRA-Rotary-Inverted-Pendulum/controller/inv_pendulum/Source/ComplexMathFunctions" -I"C:/fibo/3rd year_1st semester/embedded/FRA-Rotary-Inverted-Pendulum/controller/inv_pendulum/Source/ControllerFunctions" -I"C:/fibo/3rd year_1st semester/embedded/FRA-Rotary-Inverted-Pendulum/controller/inv_pendulum/Source/DistanceFunctions" -I"C:/fibo/3rd year_1st semester/embedded/FRA-Rotary-Inverted-Pendulum/controller/inv_pendulum/Source/FastMathFunctions" -I"C:/fibo/3rd year_1st semester/embedded/FRA-Rotary-Inverted-Pendulum/controller/inv_pendulum/Source/FilteringFunctions" -I"C:/fibo/3rd year_1st semester/embedded/FRA-Rotary-Inverted-Pendulum/controller/inv_pendulum/Source/InterpolationFunctions" -I"C:/fibo/3rd year_1st semester/embedded/FRA-Rotary-Inverted-Pendulum/controller/inv_pendulum/Source/MatrixFunctions" -I"C:/fibo/3rd year_1st semester/embedded/FRA-Rotary-Inverted-Pendulum/controller/inv_pendulum/Source/QuaternionMathFunctions" -I"C:/fibo/3rd year_1st semester/embedded/FRA-Rotary-Inverted-Pendulum/controller/inv_pendulum/Source/StatisticsFunctions" -I"C:/fibo/3rd year_1st semester/embedded/FRA-Rotary-Inverted-Pendulum/controller/inv_pendulum/Source/SupportFunctions" -I"C:/fibo/3rd year_1st semester/embedded/FRA-Rotary-Inverted-Pendulum/controller/inv_pendulum/Source/SVMFunctions" -I"C:/fibo/3rd year_1st semester/embedded/FRA-Rotary-Inverted-Pendulum/controller/inv_pendulum/Source/TransformFunctions" -I"C:/fibo/3rd year_1st semester/embedded/FRA-Rotary-Inverted-Pendulum/controller/inv_pendulum/Source/WindowFunctions" -O0 -ffunction-sections -fdata-sections -Wall -fstack-usage -fcyclomatic-complexity -MMD -MP -MF"Core/Src/lcd_display.d" -MT"Core/Src/lcd_display.o" --specs=nano.specs -mfpu=fpv4-sp-d16 -mfloat-abi=hard -mthumb -o "Core/Src/lcd_display.o"
arm-none-eabi-gcc "../Core/Src/main.c" -mcpu=cortex-m4 -std=gnu11 -g3 -DDEBUG -DUSE_HAL_DRIVER -DSTM32G474xx -c -I../Core/Inc -I../FATFS/Target -I../FATFS/App -I../Drivers/STM32G4xx_HAL_Driver/Inc -I../Drivers/STM32G4xx_HAL_Driver/Inc/Legacy -I../Middlewares/Third_Party/FatFs/src -I../Drivers/CMSIS/Device/ST/STM32G4xx/Include -I../Drivers/CMSIS/Include -I../Middlewares/Third_Party/ARM_CMSIS/CMSIS/Core/Include/ -I../Middlewares/Third_Party/ARM_CMSIS/PrivateInclude/ -I../Middlewares/Third_Party/ARM_CMSIS/Include/ -I../Middlewares/Third_Party/ARM_CMSIS/Include -I"C:/fibo/3rd year_1st semester/embedded/FRA-Rotary-Inverted-Pendulum/controller/inv_pendulum/Source/BasicMathFunctions" -I"C:/fibo/3rd year_1st semester/embedded/FRA-Rotary-Inverted-Pendulum/controller/inv_pendulum/Source/BayesFunctions" -I"C:/fibo/3rd year_1st semester/embedded/FRA-Rotary-Inverted-Pendulum/controller/inv_pendulum/Source/CommonTables" -I"C:/fibo/3rd year_1st semester/embedded/FRA-Rotary-Inverted-Pendulum/controller/inv_pendulum/Source/ComplexMathFunctions" -I"C:/fibo/3rd year_1st semester/embedded/FRA-Rotary-Inverted-Pendulum/controller/inv_pendulum/Source/ControllerFunctions" -I"C:/fibo/3rd year_1st semester/embedded/FRA-Rotary-Inverted-Pendulum/controller/inv_pendulum/Source/DistanceFunctions" -I"C:/fibo/3rd year_1st semester/embedded/FRA-Rotary-Inverted-Pendulum/controller/inv_pendulum/Source/FastMathFunctions" -I"C:/fibo/3rd year_1st semester/embedded/FRA-Rotary-Inverted-Pendulum/controller/inv_pendulum/Source/FilteringFunctions" -I"C:/fibo/3rd year_1st semester/embedded/FRA-Rotary-Inverted-Pendulum/controller/inv_pendulum/Source/InterpolationFunctions" -I"C:/fibo/3rd year_1st semester/embedded/FRA-Rotary-Inverted-Pendulum/controller/inv_pendulum/Source/MatrixFunctions" -I"C:/fibo/3rd year_1st semester/embedded/FRA-Rotary-Inverted-Pendulum/controller/inv_pendulum/Source/QuaternionMathFunctions" -I"C:/fibo/3rd year_1st semester/embedded/FRA-Rotary-Inverted-Pendulum/controller/inv_pendulum/Source/StatisticsFunctions" -I"C:/fibo/3rd year_1st semester/embedded/FRA-Rotary-Inverted-Pendulum/controller/inv_pendulum/Source/SupportFunctions" -I"C:/fibo/3rd year_1st semester/embedded/FRA-Rotary-Inverted-Pendulum/controller/inv_pendulum/Source/SVMFunctions" -I"C:/fibo/3rd year_1st semester/embedded/FRA-Rotary-Inverted-Pendulum/controller/inv_pendulum/Source/TransformFunctions" -I"C:/fibo/3rd year_1st semester/embedded/FRA-Rotary-Inverted-Pendulum/controller/inv_pendulum/Source/WindowFunctions" -O0 -ffunction-sections -fdata-sections -Wall -fstack-usage -fcyclomatic-complexity -MMD -MP -MF"Core/Src/main.d" -MT"Core/Src/main.o" --specs=nano.specs -mfpu=fpv4-sp-d16 -mfloat-abi=hard -mthumb -o "Core/Src/main.o"
arm-none-eabi-gcc "../Core/Src/rip_config.c" -mcpu=cortex-m4 -std=gnu11 -g3 -DDEBUG -DUSE_HAL_DRIVER -DSTM32G474xx -c -I../Core/Inc -I../FATFS/Target -I../FATFS/App -I../Drivers/STM32G4xx_HAL_Driver/Inc -I../Drivers/STM32G4xx_HAL_Driver/Inc/Legacy -I../Middlewares/Third_Party/FatFs/src -I../Drivers/CMSIS/Device/ST/STM32G4xx/Include -I../Drivers/CMSIS/Include -I../Middlewares/Third_Party/ARM_CMSIS/CMSIS/Core/Include/ -I../Middlewares/Third_Party/ARM_CMSIS/PrivateInclude/ -I../Middlewares/Third_Party/ARM_CMSIS/Include/ -I../Middlewares/Third_Party/ARM_CMSIS/Include -I"C:/fibo/3rd year_1st semester/embedded/FRA-Rotary-Inverted-Pendulum/controller/inv_pendulum/Source/BasicMathFunctions" -I"C:/fibo/3rd year_1st semester/embedded/FRA-Rotary-Inverted-Pendulum/controller/inv_pendulum/Source/BayesFunctions" -I"C:/fibo/3rd year_1st semester/embedded/FRA-Rotary-Inverted-Pendulum/controller/inv_pendulum/Source/CommonTables" -I"C:/fibo/3rd year_1st semester/embedded/FRA-Rotary-Inverted-Pendulum/controller/inv_pendulum/Source/ComplexMathFunctions" -I"C:/fibo/3rd year_1st semester/embedded/FRA-Rotary-Inverted-Pendulum/controller/inv_pendulum/Source/ControllerFunctions" -I"C:/fibo/3rd year_1st semester/embedded/FRA-Rotary-Inverted-Pendulum/controller/inv_pendulum/Source/DistanceFunctions" -I"C:/fibo/3rd year_1st semester/embedded/FRA-Rotary-Inverted-Pendulum/controller/inv_pendulum/Source/FastMathFunctions" -I"C:/fibo/3rd year_1st semester/embedded/FRA-Rotary-Inverted-Pendulum/controller/inv_pendulum/Source/FilteringFunctions" -I"C:/fibo/3rd year_1st semester/embedded/FRA-Rotary-Inverted-Pendulum/controller/inv_pendulum/Source/InterpolationFunctions" -I"C:/fibo/3rd year_1st semester/embedded/FRA-Rotary-Inverted-Pendulum/controller/inv_pendulum/Source/MatrixFunctions" -I"C:/fibo/3rd year_1st semester/embedded/FRA-Rotary-Inverted-Pendulum/controller/inv_pendulum/Source/QuaternionMathFunctions" -I"C:/fibo/3rd year_1st semester/embedded/FRA-Rotary-Inverted-Pendulum/controller/inv_pendulum/Source/StatisticsFunctions" -I"C:/fibo/3rd year_1st semester/embedded/FRA-Rotary-Inverted-Pendulum/controller/inv_pendulum/Source/SupportFunctions" -I"C:/fibo/3rd year_1st semester/embedded/FRA-Rotary-Inverted-Pendulum/controller/inv_pendulum/Source/SVMFunctions" -I"C:/fibo/3rd year_1st semester/embedded/FRA-Rotary-Inverted-Pendulum/controller/inv_pendulum/Source/TransformFunctions" -I"C:/fibo/3rd year_1st semester/embedded/FRA-Rotary-Inverted-Pendulum/controller/inv_pendulum/Source/WindowFunctions" -O0 -ffunction-sections -fdata-sections -Wall -fstack-usage -fcyclomatic-complexity -MMD -MP -MF"Core/Src/rip_config.d" -MT"Core/Src/rip_config.o" --specs=nano.specs -mfpu=fpv4-sp-d16 -mfloat-abi=hard -mthumb -o "Core/Src/rip_config.o"
arm-none-eabi-gcc -o "inv_pendulum.elf" @"objects.list"   -mcpu=cortex-m4 -T"C:\fibo\3rd year_1st semester\embedded\FRA-Rotary-Inverted-Pendulum\controller\inv_pendulum\STM32G474RETX_FLASH.ld" --specs=nosys.specs -Wl,-Map="inv_pendulum.map" -Wl,--gc-sections -static -u _printf_float --specs=nano.specs -mfpu=fpv4-sp-d16 -mfloat-abi=hard -mthumb -Wl,--start-group -lc -lm -Wl,--end-group
Finished building target: inv_pendulum.elf
 
arm-none-eabi-size  inv_pendulum.elf 
arm-none-eabi-objdump -h -S inv_pendulum.elf  > "inv_pendulum.list"
   text	   data	    bss	    dec	    hex	filename
 113748	    612	  10412	 124772	  1e764	inv_pendulum.elf
Finished building: default.size.stdout
 
Finished building: inv_pendulum.list
 
00:54:38 **** Incremental Build of configuration Debug for project inv_pendulum ****
make -j12 all 
arm-none-eabi-size  inv_pendulum.elf 
   text	   data	    bss	    dec	    hex	filename
 113748	    612	  10412	 124772	  1e764	inv_pendulum.elf
Finished building: default.size.stdout
 
00:58:23 **** Incremental Build of configuration Debug for project inv_pendulum ****
make -j12 all 
arm-none-eabi-gcc "../Core/Src/sd_logger.c" -mcpu=cortex-m4 -std=gnu11 -g3 -DDEBUG -DUSE_HAL_DRIVER -DSTM32G474xx -c -I../Core/Inc -I../FATFS/Target -I../FATFS/App -I../Drivers/STM32G4xx_HAL_Driver/Inc -I../Drivers/STM32G4xx_HAL_Driver/Inc/Legacy -I../Middlewares/Third_Party/FatFs/src -I../Drivers/CMSIS/Device/ST/STM32G4xx/Include -I../Drivers/CMSIS/Include -I../Middlewares/Third_Party/ARM_CMSIS/CMSIS/Core/Include/ -I../Middlewares/Third_Party/ARM_CMSIS/PrivateInclude/ -I../Middlewares/Third_Party/ARM_CMSIS/Include/ -I../Middlewares/Third_Party/ARM_CMSIS/Include -I"C:/fibo/3rd year_1st semester/embedded/FRA-Rotary-Inverted-Pendulum/controller/inv_pendulum/Source/BasicMathFunctions" -I"C:/fibo/3rd year_1st semester/embedded/FRA-Rotary-Inverted-Pendulum/controller/inv_pendulum/Source/BayesFunctions" -I"C:/fibo/3rd year_1st semester/embedded/FRA-Rotary-Inverted-Pendulum/controller/inv_pendulum/Source/CommonTables" -I"C:/fibo/3rd year_1st semester/embedded/FRA-Rotary-Inverted-Pendulum/controller/inv_pendulum/Source/ComplexMathFunctions" -I"C:/fibo/3rd year_1st semester/embedded/FRA-Rotary-Inverted-Pendulum/controller/inv_pendulum/Source/ControllerFunctions" -I"C:/fibo/3rd year_1st semester/embedded/FRA-Rotary-Inverted-Pendulum/controller/inv_pendulum/Source/DistanceFunctions" -I"C:/fibo/3rd year_1st semester/embedded/FRA-Rotary-Inverted-Pendulum/controller/inv_pendulum/Source/FastMathFunctions" -I"C:/fibo/3rd year_1st semester/embedded/FRA-Rotary-Inverted-Pendulum/controller/inv_pendulum/Source/FilteringFunctions" -I"C:/fibo/3rd year_1st semester/embedded/FRA-Rotary-Inverted-Pendulum/controller/inv_pendulum/Source/InterpolationFunctions" -I"C:/fibo/3rd year_1st semester/embedded/FRA-Rotary-Inverted-Pendulum/controller/inv_pendulum/Source/MatrixFunctions" -I"C:/fibo/3rd year_1st semester/embedded/FRA-Rotary-Inverted-Pendulum/controller/inv_pendulum/Source/QuaternionMathFunctions" -I"C:/fibo/3rd year_1st semester/embedded/FRA-Rotary-Inverted-Pendulum/controller/inv_pendulum/Source/StatisticsFunctions" -I"C:/fibo/3rd year_1st semester/embedded/FRA-Rotary-Inverted-Pendulum/controller/inv_pendulum/Source/SupportFunctions" -I"C:/fibo/3rd year_1st semester/embedded/FRA-Rotary-Inverted-Pendulum/controller/inv_pendulum/Source/SVMFunctions" -I"C:/fibo/3rd year_1st semester/embedded/FRA-Rotary-Inverted-Pendulum/controller/inv_pendulum/Source/TransformFunctions" -I"C:/fibo/3rd year_1st semester/embedded/FRA-Rotary-Inverted-Pendulum/controller/inv_pendulum/Source/WindowFunctions" -O0 -ffunction-sections -fdata-sections -Wall -fstack-usage -fcyclomatic-complexity -MMD -MP -MF"Core/Src/sd_logger.d" -MT"Core/Src/sd_logger.o" --specs=nano.specs -mfpu=fpv4-sp-d16 -mfloat-abi=hard -mthumb -o "Core/Src/sd_logger.o"
arm-none-eabi-gcc -o "inv_pendulum.elf" @"objects.list"   -mcpu=cortex-m4 -T"C:\fibo\3rd year_1st semester\embedded\FRA-Rotary-Inverted-Pendulum\controller\inv_pendulum\STM32G474RETX_FLASH.ld" --specs=nosys.specs -Wl,-Map="inv_pendulum.map" -Wl,--gc-sections -static -u _printf_float --specs=nano.specs -mfpu=fpv4-sp-d16 -mfloat-abi=hard -mthumb -Wl,--start-group -lc -lm -Wl,--end-group
Finished building target: inv_pendulum.elf
 
arm-none-eabi-size  inv_pendulum.elf 
arm-none-eabi-objdump -h -S inv_pendulum.elf  > "inv_pendulum.list"
   text	   data	    bss	    dec	    hex	filename
 113796	    612	  10412	 124820	  1e794	inv_pendulum.elf
Finished building: default.size.stdout
 
Finished building: inv_pendulum.list
 
01:00:48 **** Incremental Build of configuration Debug for project inv_pendulum ****
make -j12 all 
arm-none-eabi-gcc "../Core/Src/sd_logger.c" -mcpu=cortex-m4 -std=gnu11 -g3 -DDEBUG -DUSE_HAL_DRIVER -DSTM32G474xx -c -I../Core/Inc -I../FATFS/Target -I../FATFS/App -I../Drivers/STM32G4xx_HAL_Driver/Inc -I../Drivers/STM32G4xx_HAL_Driver/Inc/Legacy -I../Middlewares/Third_Party/FatFs/src -I../Drivers/CMSIS/Device/ST/STM32G4xx/Include -I../Drivers/CMSIS/Include -I../Middlewares/Third_Party/ARM_CMSIS/CMSIS/Core/Include/ -I../Middlewares/Third_Party/ARM_CMSIS/PrivateInclude/ -I../Middlewares/Third_Party/ARM_CMSIS/Include/ -I../Middlewares/Third_Party/ARM_CMSIS/Include -I"C:/fibo/3rd year_1st semester/embedded/FRA-Rotary-Inverted-Pendulum/controller/inv_pendulum/Source/BasicMathFunctions" -I"C:/fibo/3rd year_1st semester/embedded/FRA-Rotary-Inverted-Pendulum/controller/inv_pendulum/Source/BayesFunctions" -I"C:/fibo/3rd year_1st semester/embedded/FRA-Rotary-Inverted-Pendulum/controller/inv_pendulum/Source/CommonTables" -I"C:/fibo/3rd year_1st semester/embedded/FRA-Rotary-Inverted-Pendulum/controller/inv_pendulum/Source/ComplexMathFunctions" -I"C:/fibo/3rd year_1st semester/embedded/FRA-Rotary-Inverted-Pendulum/controller/inv_pendulum/Source/ControllerFunctions" -I"C:/fibo/3rd year_1st semester/embedded/FRA-Rotary-Inverted-Pendulum/controller/inv_pendulum/Source/DistanceFunctions" -I"C:/fibo/3rd year_1st semester/embedded/FRA-Rotary-Inverted-Pendulum/controller/inv_pendulum/Source/FastMathFunctions" -I"C:/fibo/3rd year_1st semester/embedded/FRA-Rotary-Inverted-Pendulum/controller/inv_pendulum/Source/FilteringFunctions" -I"C:/fibo/3rd year_1st semester/embedded/FRA-Rotary-Inverted-Pendulum/controller/inv_pendulum/Source/InterpolationFunctions" -I"C:/fibo/3rd year_1st semester/embedded/FRA-Rotary-Inverted-Pendulum/controller/inv_pendulum/Source/MatrixFunctions" -I"C:/fibo/3rd year_1st semester/embedded/FRA-Rotary-Inverted-Pendulum/controller/inv_pendulum/Source/QuaternionMathFunctions" -I"C:/fibo/3rd year_1st semester/embedded/FRA-Rotary-Inverted-Pendulum/controller/inv_pendulum/Source/StatisticsFunctions" -I"C:/fibo/3rd year_1st semester/embedded/FRA-Rotary-Inverted-Pendulum/controller/inv_pendulum/Source/SupportFunctions" -I"C:/fibo/3rd year_1st semester/embedded/FRA-Rotary-Inverted-Pendulum/controller/inv_pendulum/Source/SVMFunctions" -I"C:/fibo/3rd year_1st semester/embedded/FRA-Rotary-Inverted-Pendulum/controller/inv_pendulum/Source/TransformFunctions" -I"C:/fibo/3rd year_1st semester/embedded/FRA-Rotary-Inverted-Pendulum/controller/inv_pendulum/Source/WindowFunctions" -O0 -ffunction-sections -fdata-sections -Wall -fstack-usage -fcyclomatic-complexity -MMD -MP -MF"Core/Src/sd_logger.d" -MT"Core/Src/sd_logger.o" --specs=nano.specs -mfpu=fpv4-sp-d16 -mfloat-abi=hard -mthumb -o "Core/Src/sd_logger.o"
arm-none-eabi-gcc -o "inv_pendulum.elf" @"objects.list"   -mcpu=cortex-m4 -T"C:\fibo\3rd year_1st semester\embedded\FRA-Rotary-Inverted-Pendulum\controller\inv_pendulum\STM32G474RETX_FLASH.ld" --specs=nosys.specs -Wl,-Map="inv_pendulum.map" -Wl,--gc-sections -static -u _printf_float --specs=nano.specs -mfpu=fpv4-sp-d16 -mfloat-abi=hard -mthumb -Wl,--start-group -lc -lm -Wl,--end-group
C:/ST/STM32CubeIDE_1.16.1/STM32CubeIDE/plugins/com.st.stm32cube.ide.mcu.externaltools.gnu-tools-for-stm32.12.3.rel1.win32_1.0.200.202406191623/tools/bin/../lib/gcc/arm-none-eabi/12.3.1/../../../../arm-none-eabi/bin/ld.exe: ./Core/Src/sd_logger.o: in function `SD_Logger_Init':
C:/fibo/3rd year_1st semester/embedded/FRA-Rotary-Inverted-Pendulum/controller/inv_pendulum/Debug/../Core/Src/sd_logger.c:75: undefined reference to `SDPath'
C:/ST/STM32CubeIDE_1.16.1/STM32CubeIDE/plugins/com.st.stm32cube.ide.mcu.externaltools.gnu-tools-for-stm32.12.3.rel1.win32_1.0.200.202406191623/tools/bin/../lib/gcc/arm-none-eabi/12.3.1/../../../../arm-none-eabi/bin/ld.exe: C:/fibo/3rd year_1st semester/embedded/FRA-Rotary-Inverted-Pendulum/controller/inv_pendulum/Debug/../Core/Src/sd_logger.c:75: undefined reference to `SDFatFS'
collect2.exe: error: ld returned 1 exit status
make: *** [makefile:83: inv_pendulum.elf] Error 1
"make -j12 all" terminated with exit code 2. Build might be incomplete.
01:03:07 **** Incremental Build of configuration Debug for project inv_pendulum ****
make -j12 all 
arm-none-eabi-gcc "../Core/Src/lcd_display.c" -mcpu=cortex-m4 -std=gnu11 -g3 -DDEBUG -DUSE_HAL_DRIVER -DSTM32G474xx -c -I../Core/Inc -I../FATFS/Target -I../FATFS/App -I../Drivers/STM32G4xx_HAL_Driver/Inc -I../Drivers/STM32G4xx_HAL_Driver/Inc/Legacy -I../Middlewares/Third_Party/FatFs/src -I../Drivers/CMSIS/Device/ST/STM32G4xx/Include -I../Drivers/CMSIS/Include -I../Middlewares/Third_Party/ARM_CMSIS/CMSIS/Core/Include/ -I../Middlewares/Third_Party/ARM_CMSIS/PrivateInclude/ -I../Middlewares/Third_Party/ARM_CMSIS/Include/ -I../Middlewares/Third_Party/ARM_CMSIS/Include -I"C:/fibo/3rd year_1st semester/embedded/FRA-Rotary-Inverted-Pendulum/controller/inv_pendulum/Source/BasicMathFunctions" -I"C:/fibo/3rd year_1st semester/embedded/FRA-Rotary-Inverted-Pendulum/controller/inv_pendulum/Source/BayesFunctions" -I"C:/fibo/3rd year_1st semester/embedded/FRA-Rotary-Inverted-Pendulum/controller/inv_pendulum/Source/CommonTables" -I"C:/fibo/3rd year_1st semester/embedded/FRA-Rotary-Inverted-Pendulum/controller/inv_pendulum/Source/ComplexMathFunctions" -I"C:/fibo/3rd year_1st semester/embedded/FRA-Rotary-Inverted-Pendulum/controller/inv_pendulum/Source/ControllerFunctions" -I"C:/fibo/3rd year_1st semester/embedded/FRA-Rotary-Inverted-Pendulum/controller/inv_pendulum/Source/DistanceFunctions" -I"C:/fibo/3rd year_1st semester/embedded/FRA-Rotary-Inverted-Pendulum/controller/inv_pendulum/Source/FastMathFunctions" -I"C:/fibo/3rd year_1st semester/embedded/FRA-Rotary-Inverted-Pendulum/controller/inv_pendulum/Source/FilteringFunctions" -I"C:/fibo/3rd year_1st semester/embedded/FRA-Rotary-Inverted-Pendulum/controller/inv_pendulum/Source/InterpolationFunctions" -I"C:/fibo/3rd year_1st semester/embedded/FRA-Rotary-Inverted-Pendulum/controller/inv_pendulum/Source/MatrixFunctions" -I"C:/fibo/3rd year_1st semester/embedded/FRA-Rotary-Inverted-Pendulum/controller/inv_pendulum/Source/QuaternionMathFunctions" -I"C:/fibo/3rd year_1st semester/embedded/FRA-Rotary-Inverted-Pendulum/controller/inv_pendulum/Source/StatisticsFunctions" -I"C:/fibo/3rd year_1st semester/embedded/FRA-Rotary-Inverted-Pendulum/controller/inv_pendulum/Source/SupportFunctions" -I"C:/fibo/3rd year_1st semester/embedded/FRA-Rotary-Inverted-Pendulum/controller/inv_pendulum/Source/SVMFunctions" -I"C:/fibo/3rd year_1st semester/embedded/FRA-Rotary-Inverted-Pendulum/controller/inv_pendulum/Source/TransformFunctions" -I"C:/fibo/3rd year_1st semester/embedded/FRA-Rotary-Inverted-Pendulum/controller/inv_pendulum/Source/WindowFunctions" -O0 -ffunction-sections -fdata-sections -Wall -fstack-usage -fcyclomatic-complexity -MMD -MP -MF"Core/Src/lcd_display.d" -MT"Core/Src/lcd_display.o" --specs=nano.specs -mfpu=fpv4-sp-d16 -mfloat-abi=hard -mthumb -o "Core/Src/lcd_display.o"
arm-none-eabi-gcc "../Core/Src/main.c" -mcpu=cortex-m4 -std=gnu11 -g3 -DDEBUG -DUSE_HAL_DRIVER -DSTM32G474xx -c -I../Core/Inc -I../FATFS/Target -I../FATFS/App -I../Drivers/STM32G4xx_HAL_Driver/Inc -I../Drivers/STM32G4xx_HAL_Driver/Inc/Legacy -I../Middlewares/Third_Party/FatFs/src -I../Drivers/CMSIS/Device/ST/STM32G4xx/Include -I../Drivers/CMSIS/Include -I../Middlewares/Third_Party/ARM_CMSIS/CMSIS/Core/Include/ -I../Middlewares/Third_Party/ARM_CMSIS/PrivateInclude/ -I../Middlewares/Third_Party/ARM_CMSIS/Include/ -I../Middlewares/Third_Party/ARM_CMSIS/Include -I"C:/fibo/3rd year_1st semester/embedded/FRA-Rotary-Inverted-Pendulum/controller/inv_pendulum/Source/BasicMathFunctions" -I"C:/fibo/3rd year_1st semester/embedded/FRA-Rotary-Inverted-Pendulum/controller/inv_pendulum/Source/BayesFunctions" -I"C:/fibo/3rd year_1st semester/embedded/FRA-Rotary-Inverted-Pendulum/controller/inv_pendulum/Source/CommonTables" -I"C:/fibo/3rd year_1st semester/embedded/FRA-Rotary-Inverted-Pendulum/controller/inv_pendulum/Source/ComplexMathFunctions" -I"C:/fibo/3rd year_1st semester/embedded/FRA-Rotary-Inverted-Pendulum/controller/inv_pendulum/Source/ControllerFunctions" -I"C:/fibo/3rd year_1st semester/embedded/FRA-Rotary-Inverted-Pendulum/controller/inv_pendulum/Source/DistanceFunctions" -I"C:/fibo/3rd year_1st semester/embedded/FRA-Rotary-Inverted-Pendulum/controller/inv_pendulum/Source/FastMathFunctions" -I"C:/fibo/3rd year_1st semester/embedded/FRA-Rotary-Inverted-Pendulum/controller/inv_pendulum/Source/FilteringFunctions" -I"C:/fibo/3rd year_1st semester/embedded/FRA-Rotary-Inverted-Pendulum/controller/inv_pendulum/Source/InterpolationFunctions" -I"C:/fibo/3rd year_1st semester/embedded/FRA-Rotary-Inverted-Pendulum/controller/inv_pendulum/Source/MatrixFunctions" -I"C:/fibo/3rd year_1st semester/embedded/FRA-Rotary-Inverted-Pendulum/controller/inv_pendulum/Source/QuaternionMathFunctions" -I"C:/fibo/3rd year_1st semester/embedded/FRA-Rotary-Inverted-Pendulum/controller/inv_pendulum/Source/StatisticsFunctions" -I"C:/fibo/3rd year_1st semester/embedded/FRA-Rotary-Inverted-Pendulum/controller/inv_pendulum/Source/SupportFunctions" -I"C:/fibo/3rd year_1st semester/embedded/FRA-Rotary-Inverted-Pendulum/controller/inv_pendulum/Source/SVMFunctions" -I"C:/fibo/3rd year_1st semester/embedded/FRA-Rotary-Inverted-Pendulum/controller/inv_pendulum/Source/TransformFunctions" -I"C:/fibo/3rd year_1st semester/embedded/FRA-Rotary-Inverted-Pendulum/controller/inv_pendulum/Source/WindowFunctions" -O0 -ffunction-sections -fdata-sections -Wall -fstack-usage -fcyclomatic-complexity -MMD -MP -MF"Core/Src/main.d" -MT"Core/Src/main.o" --specs=nano.specs -mfpu=fpv4-sp-d16 -mfloat-abi=hard -mthumb -o "Core/Src/main.o"
arm-none-eabi-gcc "../Core/Src/rip_config.c" -mcpu=cortex-m4 -std=gnu11 -g3 -DDEBUG -DUSE_HAL_DRIVER -DSTM32G474xx -c -I../Core/Inc -I../FATFS/Target -I../FATFS/App -I../Drivers/STM32G4xx_HAL_Driver/Inc -I../Drivers/STM32G4xx_HAL_Driver/Inc/Legacy -I../Middlewares/Third_Party/FatFs/src -I../Drivers/CMSIS/Device/ST/STM32G4xx/Include -I../Drivers/CMSIS/Include -I../Middlewares/Third_Party/ARM_CMSIS/CMSIS/Core/Include/ -I../Middlewares/Third_Party/ARM_CMSIS/PrivateInclude/ -I../Middlewares/Third_Party/ARM_CMSIS/Include/ -I../Middlewares/Third_Party/ARM_CMSIS/Include -I"C:/fibo/3rd year_1st semester/embedded/FRA-Rotary-Inverted-Pendulum/controller/inv_pendulum/Source/BasicMathFunctions" -I"C:/fibo/3rd year_1st semester/embedded/FRA-Rotary-Inverted-Pendulum/controller/inv_pendulum/Source/BayesFunctions" -I"C:/fibo/3rd year_1st semester/embedded/FRA-Rotary-Inverted-Pendulum/controller/inv_pendulum/Source/CommonTables" -I"C:/fibo/3rd year_1st semester/embedded/FRA-Rotary-Inverted-Pendulum/controller/inv_pendulum/Source/ComplexMathFunctions" -I"C:/fibo/3rd year_1st semester/embedded/FRA-Rotary-Inverted-Pendulum/controller/inv_pendulum/Source/ControllerFunctions" -I"C:/fibo/3rd year_1st semester/embedded/FRA-Rotary-Inverted-Pendulum/controller/inv_pendulum/Source/DistanceFunctions" -I"C:/fibo/3rd year_1st semester/embedded/FRA-Rotary-Inverted-Pendulum/controller/inv_pendulum/Source/FastMathFunctions" -I"C:/fibo/3rd year_1st semester/embedded/FRA-Rotary-Inverted-Pendulum/controller/inv_pendulum/Source/FilteringFunctions" -I"C:/fibo/3rd year_1st semester/embedded/FRA-Rotary-Inverted-Pendulum/controller/inv_pendulum/Source/InterpolationFunctions" -I"C:/fibo/3rd year_1st semester/embedded/FRA-Rotary-Inverted-Pendulum/controller/inv_pendulum/Source/MatrixFunctions" -I"C:/fibo/3rd year_1st semester/embedded/FRA-Rotary-Inverted-Pendulum/controller/inv_pendulum/Source/QuaternionMathFunctions" -I"C:/fibo/3rd year_1st semester/embedded/FRA-Rotary-Inverted-Pendulum/controller/inv_pendulum/Source/StatisticsFunctions" -I"C:/fibo/3rd year_1st semester/embedded/FRA-Rotary-Inverted-Pendulum/controller/inv_pendulum/Source/SupportFunctions" -I"C:/fibo/3rd year_1st semester/embedded/FRA-Rotary-Inverted-Pendulum/controller/inv_pendulum/Source/SVMFunctions" -I"C:/fibo/3rd year_1st semester/embedded/FRA-Rotary-Inverted-Pendulum/controller/inv_pendulum/Source/TransformFunctions" -I"C:/fibo/3rd year_1st semester/embedded/FRA-Rotary-Inverted-Pendulum/controller/inv_pendulum/Source/WindowFunctions" -O0 -ffunction-sections -fdata-sections -Wall -fstack-usage -fcyclomatic-complexity -MMD -MP -MF"Core/Src/rip_config.d" -MT"Core/Src/rip_config.o" --specs=nano.specs -mfpu=fpv4-sp-d16 -mfloat-abi=hard -mthumb -o "Core/Src/rip_config.o"
arm-none-eabi-gcc "../Core/Src/sd_logger.c" -mcpu=cortex-m4 -std=gnu11 -g3 -DDEBUG -DUSE_HAL_DRIVER -DSTM32G474xx -c -I../Core/Inc -I../FATFS/Target -I../FATFS/App -I../Drivers/STM32G4xx_HAL_Driver/Inc -I../Drivers/STM32G4xx_HAL_Driver/Inc/Legacy -I../Middlewares/Third_Party/FatFs/src -I../Drivers/CMSIS/Device/ST/STM32G4xx/Include -I../Drivers/CMSIS/Include -I../Middlewares/Third_Party/ARM_CMSIS/CMSIS/Core/Include/ -I../Middlewares/Third_Party/ARM_CMSIS/PrivateInclude/ -I../Middlewares/Third_Party/ARM_CMSIS/Include/ -I../Middlewares/Third_Party/ARM_CMSIS/Include -I"C:/fibo/3rd year_1st semester/embedded/FRA-Rotary-Inverted-Pendulum/controller/inv_pendulum/Source/BasicMathFunctions" -I"C:/fibo/3rd year_1st semester/embedded/FRA-Rotary-Inverted-Pendulum/controller/inv_pendulum/Source/BayesFunctions" -I"C:/fibo/3rd year_1st semester/embedded/FRA-Rotary-Inverted-Pendulum/controller/inv_pendulum/Source/CommonTables" -I"C:/fibo/3rd year_1st semester/embedded/FRA-Rotary-Inverted-Pendulum/controller/inv_pendulum/Source/ComplexMathFunctions" -I"C:/fibo/3rd year_1st semester/embedded/FRA-Rotary-Inverted-Pendulum/controller/inv_pendulum/Source/ControllerFunctions" -I"C:/fibo/3rd year_1st semester/embedded/FRA-Rotary-Inverted-Pendulum/controller/inv_pendulum/Source/DistanceFunctions" -I"C:/fibo/3rd year_1st semester/embedded/FRA-Rotary-Inverted-Pendulum/controller/inv_pendulum/Source/FastMathFunctions" -I"C:/fibo/3rd year_1st semester/embedded/FRA-Rotary-Inverted-Pendulum/controller/inv_pendulum/Source/FilteringFunctions" -I"C:/fibo/3rd year_1st semester/embedded/FRA-Rotary-Inverted-Pendulum/controller/inv_pendulum/Source/InterpolationFunctions" -I"C:/fibo/3rd year_1st semester/embedded/FRA-Rotary-Inverted-Pendulum/controller/inv_pendulum/Source/MatrixFunctions" -I"C:/fibo/3rd year_1st semester/embedded/FRA-Rotary-Inverted-Pendulum/controller/inv_pendulum/Source/QuaternionMathFunctions" -I"C:/fibo/3rd year_1st semester/embedded/FRA-Rotary-Inverted-Pendulum/controller/inv_pendulum/Source/StatisticsFunctions" -I"C:/fibo/3rd year_1st semester/embedded/FRA-Rotary-Inverted-Pendulum/controller/inv_pendulum/Source/SupportFunctions" -I"C:/fibo/3rd year_1st semester/embedded/FRA-Rotary-Inverted-Pendulum/controller/inv_pendulum/Source/SVMFunctions" -I"C:/fibo/3rd year_1st semester/embedded/FRA-Rotary-Inverted-Pendulum/controller/inv_pendulum/Source/TransformFunctions" -I"C:/fibo/3rd year_1st semester/embedded/FRA-Rotary-Inverted-Pendulum/controller/inv_pendulum/Source/WindowFunctions" -O0 -ffunction-sections -fdata-sections -Wall -fstack-usage -fcyclomatic-complexity -MMD -MP -MF"Core/Src/sd_logger.d" -MT"Core/Src/sd_logger.o" --specs=nano.specs -mfpu=fpv4-sp-d16 -mfloat-abi=hard -mthumb -o "Core/Src/sd_logger.o"
../Core/Src/sd_logger.c: In function 'SD_Logger_Init':
../Core/Src/sd_logger.c:55:24: error: 'SDFatFS' undeclared (first use in this function); did you mean 'FATFS'?
   55 |         res = f_mount(&SDFatFS, SDPath, 1);
      |                        ^~~~~~~
      |                        FATFS
../Core/Src/sd_logger.c:55:24: note: each undeclared identifier is reported only once for each function it appears in
../Core/Src/sd_logger.c:55:33: error: 'SDPath' undeclared (first use in this function); did you mean 'USERPath'?
   55 |         res = f_mount(&SDFatFS, SDPath, 1);
      |                                 ^~~~~~
      |                                 USERPath
../Core/Src/sd_logger.c:53:21: warning: unused variable 'USERPath' [-Wunused-variable]
   53 |         extern char USERPath[4];
      |                     ^~~~~~~~
../Core/Src/sd_logger.c:52:22: warning: unused variable 'USERFatFs' [-Wunused-variable]
   52 |         extern FATFS USERFatFs;
      |                      ^~~~~~~~~
make: *** [Core/Src/subdir.mk:100: Core/Src/sd_logger.o] Error 1
make: *** Waiting for unfinished jobs....
"make -j12 all" terminated with exit code 2. Build might be incomplete.
01:03:47 **** Incremental Build of configuration Debug for project inv_pendulum ****
make -j12 all 
arm-none-eabi-gcc "../Core/Src/sd_logger.c" -mcpu=cortex-m4 -std=gnu11 -g3 -DDEBUG -DUSE_HAL_DRIVER -DSTM32G474xx -c -I../Core/Inc -I../FATFS/Target -I../FATFS/App -I../Drivers/STM32G4xx_HAL_Driver/Inc -I../Drivers/STM32G4xx_HAL_Driver/Inc/Legacy -I../Middlewares/Third_Party/FatFs/src -I../Drivers/CMSIS/Device/ST/STM32G4xx/Include -I../Drivers/CMSIS/Include -I../Middlewares/Third_Party/ARM_CMSIS/CMSIS/Core/Include/ -I../Middlewares/Third_Party/ARM_CMSIS/PrivateInclude/ -I../Middlewares/Third_Party/ARM_CMSIS/Include/ -I../Middlewares/Third_Party/ARM_CMSIS/Include -I"C:/fibo/3rd year_1st semester/embedded/FRA-Rotary-Inverted-Pendulum/controller/inv_pendulum/Source/BasicMathFunctions" -I"C:/fibo/3rd year_1st semester/embedded/FRA-Rotary-Inverted-Pendulum/controller/inv_pendulum/Source/BayesFunctions" -I"C:/fibo/3rd year_1st semester/embedded/FRA-Rotary-Inverted-Pendulum/controller/inv_pendulum/Source/CommonTables" -I"C:/fibo/3rd year_1st semester/embedded/FRA-Rotary-Inverted-Pendulum/controller/inv_pendulum/Source/ComplexMathFunctions" -I"C:/fibo/3rd year_1st semester/embedded/FRA-Rotary-Inverted-Pendulum/controller/inv_pendulum/Source/ControllerFunctions" -I"C:/fibo/3rd year_1st semester/embedded/FRA-Rotary-Inverted-Pendulum/controller/inv_pendulum/Source/DistanceFunctions" -I"C:/fibo/3rd year_1st semester/embedded/FRA-Rotary-Inverted-Pendulum/controller/inv_pendulum/Source/FastMathFunctions" -I"C:/fibo/3rd year_1st semester/embedded/FRA-Rotary-Inverted-Pendulum/controller/inv_pendulum/Source/FilteringFunctions" -I"C:/fibo/3rd year_1st semester/embedded/FRA-Rotary-Inverted-Pendulum/controller/inv_pendulum/Source/InterpolationFunctions" -I"C:/fibo/3rd year_1st semester/embedded/FRA-Rotary-Inverted-Pendulum/controller/inv_pendulum/Source/MatrixFunctions" -I"C:/fibo/3rd year_1st semester/embedded/FRA-Rotary-Inverted-Pendulum/controller/inv_pendulum/Source/QuaternionMathFunctions" -I"C:/fibo/3rd year_1st semester/embedded/FRA-Rotary-Inverted-Pendulum/controller/inv_pendulum/Source/StatisticsFunctions" -I"C:/fibo/3rd year_1st semester/embedded/FRA-Rotary-Inverted-Pendulum/controller/inv_pendulum/Source/SupportFunctions" -I"C:/fibo/3rd year_1st semester/embedded/FRA-Rotary-Inverted-Pendulum/controller/inv_pendulum/Source/SVMFunctions" -I"C:/fibo/3rd year_1st semester/embedded/FRA-Rotary-Inverted-Pendulum/controller/inv_pendulum/Source/TransformFunctions" -I"C:/fibo/3rd year_1st semester/embedded/FRA-Rotary-Inverted-Pendulum/controller/inv_pendulum/Source/WindowFunctions" -O0 -ffunction-sections -fdata-sections -Wall -fstack-usage -fcyclomatic-complexity -MMD -MP -MF"Core/Src/sd_logger.d" -MT"Core/Src/sd_logger.o" --specs=nano.specs -mfpu=fpv4-sp-d16 -mfloat-abi=hard -mthumb -o "Core/Src/sd_logger.o"
arm-none-eabi-gcc -o "inv_pendulum.elf" @"objects.list"   -mcpu=cortex-m4 -T"C:\fibo\3rd year_1st semester\embedded\FRA-Rotary-Inverted-Pendulum\controller\inv_pendulum\STM32G474RETX_FLASH.ld" --specs=nosys.specs -Wl,-Map="inv_pendulum.map" -Wl,--gc-sections -static -u _printf_float --specs=nano.specs -mfpu=fpv4-sp-d16 -mfloat-abi=hard -mthumb -Wl,--start-group -lc -lm -Wl,--end-group
Finished building target: inv_pendulum.elf
 
arm-none-eabi-size  inv_pendulum.elf 
arm-none-eabi-objdump -h -S inv_pendulum.elf  > "inv_pendulum.list"
   text	   data	    bss	    dec	    hex	filename
 114708	    612	  10972	 126292	  1ed54	inv_pendulum.elf
Finished building: default.size.stdout
 
Finished building: inv_pendulum.list
 
01:14:36 **** Incremental Build of configuration Debug for project inv_pendulum ****
make -j12 all 
arm-none-eabi-gcc "../Core/Src/rip_config.c" -mcpu=cortex-m4 -std=gnu11 -g3 -DDEBUG -DUSE_HAL_DRIVER -DSTM32G474xx -c -I../Core/Inc -I../FATFS/Target -I../FATFS/App -I../Drivers/STM32G4xx_HAL_Driver/Inc -I../Drivers/STM32G4xx_HAL_Driver/Inc/Legacy -I../Middlewares/Third_Party/FatFs/src -I../Drivers/CMSIS/Device/ST/STM32G4xx/Include -I../Drivers/CMSIS/Include -I../Middlewares/Third_Party/ARM_CMSIS/CMSIS/Core/Include/ -I../Middlewares/Third_Party/ARM_CMSIS/PrivateInclude/ -I../Middlewares/Third_Party/ARM_CMSIS/Include/ -I../Middlewares/Third_Party/ARM_CMSIS/Include -I"C:/fibo/3rd year_1st semester/embedded/FRA-Rotary-Inverted-Pendulum/controller/inv_pendulum/Source/BasicMathFunctions" -I"C:/fibo/3rd year_1st semester/embedded/FRA-Rotary-Inverted-Pendulum/controller/inv_pendulum/Source/BayesFunctions" -I"C:/fibo/3rd year_1st semester/embedded/FRA-Rotary-Inverted-Pendulum/controller/inv_pendulum/Source/CommonTables" -I"C:/fibo/3rd year_1st semester/embedded/FRA-Rotary-Inverted-Pendulum/controller/inv_pendulum/Source/ComplexMathFunctions" -I"C:/fibo/3rd year_1st semester/embedded/FRA-Rotary-Inverted-Pendulum/controller/inv_pendulum/Source/ControllerFunctions" -I"C:/fibo/3rd year_1st semester/embedded/FRA-Rotary-Inverted-Pendulum/controller/inv_pendulum/Source/DistanceFunctions" -I"C:/fibo/3rd year_1st semester/embedded/FRA-Rotary-Inverted-Pendulum/controller/inv_pendulum/Source/FastMathFunctions" -I"C:/fibo/3rd year_1st semester/embedded/FRA-Rotary-Inverted-Pendulum/controller/inv_pendulum/Source/FilteringFunctions" -I"C:/fibo/3rd year_1st semester/embedded/FRA-Rotary-Inverted-Pendulum/controller/inv_pendulum/Source/InterpolationFunctions" -I"C:/fibo/3rd year_1st semester/embedded/FRA-Rotary-Inverted-Pendulum/controller/inv_pendulum/Source/MatrixFunctions" -I"C:/fibo/3rd year_1st semester/embedded/FRA-Rotary-Inverted-Pendulum/controller/inv_pendulum/Source/QuaternionMathFunctions" -I"C:/fibo/3rd year_1st semester/embedded/FRA-Rotary-Inverted-Pendulum/controller/inv_pendulum/Source/StatisticsFunctions" -I"C:/fibo/3rd year_1st semester/embedded/FRA-Rotary-Inverted-Pendulum/controller/inv_pendulum/Source/SupportFunctions" -I"C:/fibo/3rd year_1st semester/embedded/FRA-Rotary-Inverted-Pendulum/controller/inv_pendulum/Source/SVMFunctions" -I"C:/fibo/3rd year_1st semester/embedded/FRA-Rotary-Inverted-Pendulum/controller/inv_pendulum/Source/TransformFunctions" -I"C:/fibo/3rd year_1st semester/embedded/FRA-Rotary-Inverted-Pendulum/controller/inv_pendulum/Source/WindowFunctions" -O0 -ffunction-sections -fdata-sections -Wall -fstack-usage -fcyclomatic-complexity -MMD -MP -MF"Core/Src/rip_config.d" -MT"Core/Src/rip_config.o" --specs=nano.specs -mfpu=fpv4-sp-d16 -mfloat-abi=hard -mthumb -o "Core/Src/rip_config.o"
arm-none-eabi-gcc -o "inv_pendulum.elf" @"objects.list"   -mcpu=cortex-m4 -T"C:\fibo\3rd year_1st semester\embedded\FRA-Rotary-Inverted-Pendulum\controller\inv_pendulum\STM32G474RETX_FLASH.ld" --specs=nosys.specs -Wl,-Map="inv_pendulum.map" -Wl,--gc-sections -static -u _printf_float --specs=nano.specs -mfpu=fpv4-sp-d16 -mfloat-abi=hard -mthumb -Wl,--start-group -lc -lm -Wl,--end-group
Finished building target: inv_pendulum.elf
 
arm-none-eabi-size  inv_pendulum.elf 
arm-none-eabi-objdump -h -S inv_pendulum.elf  > "inv_pendulum.list"
   text	   data	    bss	    dec	    hex	filename
 118940	    612	  10972	 130524	  1fddc	inv_pendulum.elf
Finished building: default.size.stdout
 
Finished building: inv_pendulum.list
 
01:16:34 **** Incremental Build of configuration Debug for project inv_pendulum ****
make -j12 all 
arm-none-eabi-gcc "../Core/Src/rip_config.c" -mcpu=cortex-m4 -std=gnu11 -g3 -DDEBUG -DUSE_HAL_DRIVER -DSTM32G474xx -c -I../Core/Inc -I../FATFS/Target -I../FATFS/App -I../Drivers/STM32G4xx_HAL_Driver/Inc -I../Drivers/STM32G4xx_HAL_Driver/Inc/Legacy -I../Middlewares/Third_Party/FatFs/src -I../Drivers/CMSIS/Device/ST/STM32G4xx/Include -I../Drivers/CMSIS/Include -I../Middlewares/Third_Party/ARM_CMSIS/CMSIS/Core/Include/ -I../Middlewares/Third_Party/ARM_CMSIS/PrivateInclude/ -I../Middlewares/Third_Party/ARM_CMSIS/Include/ -I../Middlewares/Third_Party/ARM_CMSIS/Include -I"C:/fibo/3rd year_1st semester/embedded/FRA-Rotary-Inverted-Pendulum/controller/inv_pendulum/Source/BasicMathFunctions" -I"C:/fibo/3rd year_1st semester/embedded/FRA-Rotary-Inverted-Pendulum/controller/inv_pendulum/Source/BayesFunctions" -I"C:/fibo/3rd year_1st semester/embedded/FRA-Rotary-Inverted-Pendulum/controller/inv_pendulum/Source/CommonTables" -I"C:/fibo/3rd year_1st semester/embedded/FRA-Rotary-Inverted-Pendulum/controller/inv_pendulum/Source/ComplexMathFunctions" -I"C:/fibo/3rd year_1st semester/embedded/FRA-Rotary-Inverted-Pendulum/controller/inv_pendulum/Source/ControllerFunctions" -I"C:/fibo/3rd year_1st semester/embedded/FRA-Rotary-Inverted-Pendulum/controller/inv_pendulum/Source/DistanceFunctions" -I"C:/fibo/3rd year_1st semester/embedded/FRA-Rotary-Inverted-Pendulum/controller/inv_pendulum/Source/FastMathFunctions" -I"C:/fibo/3rd year_1st semester/embedded/FRA-Rotary-Inverted-Pendulum/controller/inv_pendulum/Source/FilteringFunctions" -I"C:/fibo/3rd year_1st semester/embedded/FRA-Rotary-Inverted-Pendulum/controller/inv_pendulum/Source/InterpolationFunctions" -I"C:/fibo/3rd year_1st semester/embedded/FRA-Rotary-Inverted-Pendulum/controller/inv_pendulum/Source/MatrixFunctions" -I"C:/fibo/3rd year_1st semester/embedded/FRA-Rotary-Inverted-Pendulum/controller/inv_pendulum/Source/QuaternionMathFunctions" -I"C:/fibo/3rd year_1st semester/embedded/FRA-Rotary-Inverted-Pendulum/controller/inv_pendulum/Source/StatisticsFunctions" -I"C:/fibo/3rd year_1st semester/embedded/FRA-Rotary-Inverted-Pendulum/controller/inv_pendulum/Source/SupportFunctions" -I"C:/fibo/3rd year_1st semester/embedded/FRA-Rotary-Inverted-Pendulum/controller/inv_pendulum/Source/SVMFunctions" -I"C:/fibo/3rd year_1st semester/embedded/FRA-Rotary-Inverted-Pendulum/controller/inv_pendulum/Source/TransformFunctions" -I"C:/fibo/3rd year_1st semester/embedded/FRA-Rotary-Inverted-Pendulum/controller/inv_pendulum/Source/WindowFunctions" -O0 -ffunction-sections -fdata-sections -Wall -fstack-usage -fcyclomatic-complexity -MMD -MP -MF"Core/Src/rip_config.d" -MT"Core/Src/rip_config.o" --specs=nano.specs -mfpu=fpv4-sp-d16 -mfloat-abi=hard -mthumb -o "Core/Src/rip_config.o"
arm-none-eabi-gcc -o "inv_pendulum.elf" @"objects.list"   -mcpu=cortex-m4 -T"C:\fibo\3rd year_1st semester\embedded\FRA-Rotary-Inverted-Pendulum\controller\inv_pendulum\STM32G474RETX_FLASH.ld" --specs=nosys.specs -Wl,-Map="inv_pendulum.map" -Wl,--gc-sections -static -u _printf_float --specs=nano.specs -mfpu=fpv4-sp-d16 -mfloat-abi=hard -mthumb -Wl,--start-group -lc -lm -Wl,--end-group
Finished building target: inv_pendulum.elf
 
arm-none-eabi-size  inv_pendulum.elf 
arm-none-eabi-objdump -h -S inv_pendulum.elf  > "inv_pendulum.list"
   text	   data	    bss	    dec	    hex	filename
 118940	    612	  10972	 130524	  1fddc	inv_pendulum.elf
Finished building: default.size.stdout
 
Finished building: inv_pendulum.list
 
01:25:10 **** Incremental Build of configuration Debug for project inv_pendulum ****
make -j12 all 
arm-none-eabi-gcc "../Core/Src/main.c" -mcpu=cortex-m4 -std=gnu11 -g3 -DDEBUG -DUSE_HAL_DRIVER -DSTM32G474xx -c -I../Core/Inc -I../FATFS/Target -I../FATFS/App -I../Drivers/STM32G4xx_HAL_Driver/Inc -I../Drivers/STM32G4xx_HAL_Driver/Inc/Legacy -I../Middlewares/Third_Party/FatFs/src -I../Drivers/CMSIS/Device/ST/STM32G4xx/Include -I../Drivers/CMSIS/Include -I../Middlewares/Third_Party/ARM_CMSIS/CMSIS/Core/Include/ -I../Middlewares/Third_Party/ARM_CMSIS/PrivateInclude/ -I../Middlewares/Third_Party/ARM_CMSIS/Include/ -I../Middlewares/Third_Party/ARM_CMSIS/Include -I"C:/fibo/3rd year_1st semester/embedded/FRA-Rotary-Inverted-Pendulum/controller/inv_pendulum/Source/BasicMathFunctions" -I"C:/fibo/3rd year_1st semester/embedded/FRA-Rotary-Inverted-Pendulum/controller/inv_pendulum/Source/BayesFunctions" -I"C:/fibo/3rd year_1st semester/embedded/FRA-Rotary-Inverted-Pendulum/controller/inv_pendulum/Source/CommonTables" -I"C:/fibo/3rd year_1st semester/embedded/FRA-Rotary-Inverted-Pendulum/controller/inv_pendulum/Source/ComplexMathFunctions" -I"C:/fibo/3rd year_1st semester/embedded/FRA-Rotary-Inverted-Pendulum/controller/inv_pendulum/Source/ControllerFunctions" -I"C:/fibo/3rd year_1st semester/embedded/FRA-Rotary-Inverted-Pendulum/controller/inv_pendulum/Source/DistanceFunctions" -I"C:/fibo/3rd year_1st semester/embedded/FRA-Rotary-Inverted-Pendulum/controller/inv_pendulum/Source/FastMathFunctions" -I"C:/fibo/3rd year_1st semester/embedded/FRA-Rotary-Inverted-Pendulum/controller/inv_pendulum/Source/FilteringFunctions" -I"C:/fibo/3rd year_1st semester/embedded/FRA-Rotary-Inverted-Pendulum/controller/inv_pendulum/Source/InterpolationFunctions" -I"C:/fibo/3rd year_1st semester/embedded/FRA-Rotary-Inverted-Pendulum/controller/inv_pendulum/Source/MatrixFunctions" -I"C:/fibo/3rd year_1st semester/embedded/FRA-Rotary-Inverted-Pendulum/controller/inv_pendulum/Source/QuaternionMathFunctions" -I"C:/fibo/3rd year_1st semester/embedded/FRA-Rotary-Inverted-Pendulum/controller/inv_pendulum/Source/StatisticsFunctions" -I"C:/fibo/3rd year_1st semester/embedded/FRA-Rotary-Inverted-Pendulum/controller/inv_pendulum/Source/SupportFunctions" -I"C:/fibo/3rd year_1st semester/embedded/FRA-Rotary-Inverted-Pendulum/controller/inv_pendulum/Source/SVMFunctions" -I"C:/fibo/3rd year_1st semester/embedded/FRA-Rotary-Inverted-Pendulum/controller/inv_pendulum/Source/TransformFunctions" -I"C:/fibo/3rd year_1st semester/embedded/FRA-Rotary-Inverted-Pendulum/controller/inv_pendulum/Source/WindowFunctions" -O0 -ffunction-sections -fdata-sections -Wall -fstack-usage -fcyclomatic-complexity -MMD -MP -MF"Core/Src/main.d" -MT"Core/Src/main.o" --specs=nano.specs -mfpu=fpv4-sp-d16 -mfloat-abi=hard -mthumb -o "Core/Src/main.o"
arm-none-eabi-gcc -o "inv_pendulum.elf" @"objects.list"   -mcpu=cortex-m4 -T"C:\fibo\3rd year_1st semester\embedded\FRA-Rotary-Inverted-Pendulum\controller\inv_pendulum\STM32G474RETX_FLASH.ld" --specs=nosys.specs -Wl,-Map="inv_pendulum.map" -Wl,--gc-sections -static -u _printf_float --specs=nano.specs -mfpu=fpv4-sp-d16 -mfloat-abi=hard -mthumb -Wl,--start-group -lc -lm -Wl,--end-group
Finished building target: inv_pendulum.elf
 
arm-none-eabi-size  inv_pendulum.elf 
arm-none-eabi-objdump -h -S inv_pendulum.elf  > "inv_pendulum.list"
   text	   data	    bss	    dec	    hex	filename
 118756	    612	  10972	 130340	  1fd24	inv_pendulum.elf
Finished building: default.size.stdout
 
Finished building: inv_pendulum.list
 
