01:25:10 **** Incremental Build of configuration Debug for project inv_pendulum ****
make -j12 all 
arm-none-eabi-gcc "../Core/Src/main.c" -mcpu=cortex-m4 -std=gnu11 -g3 -DDEBUG -DUSE_HAL_DRIVER -DSTM32G474xx -c -I../Core/Inc -I../FATFS/Target -I../FATFS/App -I../Drivers/STM32G4xx_HAL_Driver/Inc -I../Drivers/STM32G4xx_HAL_Driver/Inc/Legacy -I../Middlewares/Third_Party/FatFs/src -I../Drivers/CMSIS/Device/ST/STM32G4xx/Include -I../Drivers/CMSIS/Include -I../Middlewares/Third_Party/ARM_CMSIS/CMSIS/Core/Include/ -I../Middlewares/Third_Party/ARM_CMSIS/PrivateInclude/ -I../Middlewares/Third_Party/ARM_CMSIS/Include/ -I../Middlewares/Third_Party/ARM_CMSIS/Include -I"C:/fibo/3rd year_1st semester/embedded/FRA-Rotary-Inverted-Pendulum/controller/inv_pendulum/Source/BasicMathFunctions" -I"C:/fibo/3rd year_1st semester/embedded/FRA-Rotary-Inverted-Pendulum/controller/inv_pendulum/Source/BayesFunctions" -I"C:/fibo/3rd year_1st semester/embedded/FRA-Rotary-Inverted-Pendulum/controller/inv_pendulum/Source/CommonTables" -I"C:/fibo/3rd year_1st semester/embedded/FRA-Rotary-Inverted-Pendulum/controller/inv_pendulum/Source/ComplexMathFunctions" -I"C:/fibo/3rd year_1st semester/embedded/FRA-Rotary-Inverted-Pendulum/controller/inv_pendulum/Source/ControllerFunctions" -I"C:/fibo/3rd year_1st semester/embedded/FRA-Rotary-Inverted-Pendulum/controller/inv_pendulum/Source/DistanceFunctions" -I"C:/fibo/3rd year_1st semester/embedded/FRA-Rotary-Inverted-Pendulum/controller/inv_pendulum/Source/FastMathFunctions" -I"C:/fibo/3rd year_1st semester/embedded/FRA-Rotary-Inverted-Pendulum/controller/inv_pendulum/Source/FilteringFunctions" -I"C:/fibo/3rd year_1st semester/embedded/FRA-Rotary-Inverted-Pendulum/controller/inv_pendulum/Source/InterpolationFunctions" -I"C:/fibo/3rd year_1st semester/embedded/FRA-Rotary-Inverted-Pendulum/controller/inv_pendulum/Source/MatrixFunctions" -I"C:/fibo/3rd year_1st semester/embedded/FRA-Rotary-Inverted-Pendulum/controller/inv_pendulum/Source/QuaternionMathFunctions" -I"C:/fibo/3rd year_1st semester/embedded/FRA-Rotary-Inverted-Pendulum/controller/inv_pendulum/Source/StatisticsFunctions" -I"C:/fibo/3rd year_1st semester/embedded/FRA-Rotary-Inverted-Pendulum/controller/inv_pendulum/Source/SupportFunctions" -I"C:/fibo/3rd year_1st semester/embedded/FRA-Rotary-Inverted-Pendulum/controller/inv_pendulum/Source/SVMFunctions" -I"C:/fibo/3rd year_1st semester/embedded/FRA-Rotary-Inverted-Pendulum/controller/inv_pendulum/Source/TransformFunctions" -I"C:/fibo/3rd year_1st semester/embedded/FRA-Rotary-Inverted-Pendulum/controller/inv_pendulum/Source/WindowFunctions" -O0 -ffunction-sections -fdata-sections -Wall -fstack-usage -fcyclomatic-complexity -MMD -MP -MF"Core/Src/main.d" -MT"Core/Src/main.o" --specs=nano.specs -mfpu=fpv4-sp-d16 -mfloat-abi=hard -mthumb -o "Core/Src/main.o"
arm-none-eabi-gcc -o "inv_pendulum.elf" @"objects.list"   -mcpu=cortex-m4 -T"C:\fibo\3rd year_1st semester\embedded\FRA-Rotary-Inverted-Pendulum\controller\inv_pendulum\STM32G474RETX_FLASH.ld" --specs=nosys.specs -Wl,-Map="inv_pendulum.map" -Wl,--gc-sections -static -u _printf_float --specs=nano.specs -mfpu=fpv4-sp-d16 -mfloat-abi=hard -mthumb -Wl,--start-group -lc -lm -Wl,--end-group
Finished building target: inv_pendulum.elf
 
arm-none-eabi-size  inv_pendulum.elf 
arm-none-eabi-objdump -h -S inv_pendulum.elf  > "inv_pendulum.list"
   text	   data	    bss	    dec	    hex	filename
 118756	    612	  10972	 130340	  1fd24	inv_pendulum.elf
Finished building: default.size.stdout
 
Finished building: inv_pendulum.list
 

01:25:11 Build Finished. 0 errors, 0 warnings. (took 1s.577ms)

