../Core/Inc/user_setting.h:41:20:delay	16	static
../Core/Src/tft.c:56:6:PIN_LOW	16	static
../Core/Src/tft.c:61:6:PIN_HIGH	16	static
../Core/Src/tft.c:66:6:PIN_INPUT	40	static
../Core/Src/tft.c:76:6:PIN_OUTPUT	40	static
../Core/Src/tft.c:145:10:width	4	static
../Core/Src/tft.c:148:10:height	4	static
../Core/Src/tft.c:163:17:color565_to_555	16	static
../Core/Src/tft.c:166:17:color555_to_565	16	static
../Core/Src/tft.c:169:16:color565_to_r	16	static
../Core/Src/tft.c:172:16:color565_to_g	16	static
../Core/Src/tft.c:175:16:color565_to_b	16	static
../Core/Src/tft.c:179:10:color565	16	static
../Core/Src/tft.c:180:10:readPixel	32	static
../Core/Src/tft.c:188:6:WriteCmdData	16	static
../Core/Src/tft.c:196:6:pushCommand	16	static
../Core/Src/tft.c:231:6:setReadDir	8	static
../Core/Src/tft.c:243:6:setWriteDir	8	static
../Core/Src/tft.c:261:13:pushColors_any	40	static
../Core/Src/tft.c:298:13:write24	24	static
../Core/Src/tft.c:309:13:writecmddata	24	static
../Core/Src/tft.c:319:13:WriteCmdParamN	24	static
../Core/Src/tft.c:334:20:WriteCmdParam4	32	static
../Core/Src/tft.c:343:13:init_table	48	static
../Core/Src/tft.c:368:13:init_table16	24	static
../Core/Src/tft.c:385:6:reset	8	static
../Core/Src/tft.c:402:17:read16bits	16	static
../Core/Src/tft.c:411:10:readReg	24	static
../Core/Src/tft.c:429:10:readReg32	24	static
../Core/Src/tft.c:436:10:readReg40	24	static
../Core/Src/tft.c:445:6:tft_init	40	static
../Core/Src/tft.c:2499:10:readID	24	static
../Core/Src/tft.c:2596:9:readGRAM	56	static
../Core/Src/tft.c:2662:6:setRotation	40	static
../Core/Src/tft.c:2826:6:drawPixel	32	static
../Core/Src/tft.c:2840:6:setAddrWindow	40	static
../Core/Src/tft.c:2883:6:vertScroll	32	static
../Core/Src/tft.c:2963:6:pushColors16b	24	static
../Core/Src/tft.c:2967:6:pushColors8b	24	static
../Core/Src/tft.c:2971:6:pushColors4n	24	static
../Core/Src/tft.c:2977:6:fillScreen	24	static
../Core/Src/tft.c:2982:6:invertDisplay	24	static
../Core/Src/tft.c:3028:7:drawFastVLine	32	static
../Core/Src/tft.c:3032:7:drawFastHLine	32	static
../Core/Src/tft.c:3037:6:writePixel	16	static
../Core/Src/tft.c:3042:6:writeLine	48	static
../Core/Src/tft.c:3083:6:drawLine	40	static
../Core/Src/tft.c:3096:6:drawCircle	40	static
../Core/Src/tft.c:3130:6:drawCircleHelper	40	static
../Core/Src/tft.c:3166:6:fillCircle	32	static
../Core/Src/tft.c:3172:6:fillCircleHelper	40	static
../Core/Src/tft.c:3209:6:drawRect	24	static
../Core/Src/tft.c:3217:6:fillRect	32	static
../Core/Src/tft.c:3306:6:drawRoundRect	40	static
../Core/Src/tft.c:3323:6:fillRoundRect	40	static
../Core/Src/tft.c:3335:6:drawTriangle	32	static
../Core/Src/tft.c:3343:6:fillTriangle	72	static
../Core/Src/tft.c:3423:6:testFillScreen	8	static
../Core/Src/tft.c:3432:6:testLines	56	static
../Core/Src/tft.c:3475:6:testFastLines	32	static
../Core/Src/tft.c:3484:6:testRects	56	static
../Core/Src/tft.c:3498:6:testFilledRects	56	static
../Core/Src/tft.c:3515:6:testFilledCircles	40	static
../Core/Src/tft.c:3528:6:testCircles	40	static
../Core/Src/tft.c:3544:6:testTriangles	64	static
../Core/Src/tft.c:3560:6:testFilledTriangles	64	static
../Core/Src/tft.c:3573:6:testRoundRects	72	static
../Core/Src/tft.c:3590:6:testFilledRoundRects	64	static
../Core/Src/tft.c:3608:6:drawChar	56	static
../Core/Src/tft.c:3658:8:write	48	static
../Core/Src/tft.c:3697:6:setFont	16	static
../Core/Src/tft.c:3726:6:charBounds	56	static
../Core/Src/tft.c:3796:6:getTextBounds	64	static
../Core/Src/tft.c:3819:6:printnewtstr	24	static
../Core/Src/tft.c:3828:6:printstr	16	static
../Core/Src/tft.c:3833:6:setTextWrap	16	static
../Core/Src/tft.c:3835:6:setTextColor	16	static
../Core/Src/tft.c:3840:6:setTextSize	16	static
../Core/Src/tft.c:3845:6:setCursor	16	static
../Core/Src/tft.c:3847:9:getRotation	4	static
../Core/Src/tft.c:3852:6:scrollup	24	static
../Core/Src/tft.c:3866:6:scrolldown	24	static
