../Core/Inc/user_setting.h:48:20:delay	16	static
../Core/Src/tft.c:56:6:PIN_LOW	16	static
../Core/Src/tft.c:61:6:PIN_HIGH	16	static
../Core/Src/tft.c:66:6:PIN_INPUT	40	static
../Core/Src/tft.c:76:6:PIN_OUTPUT	40	static
../Core/Src/tft.c:144:10:width	4	static
../Core/Src/tft.c:147:10:height	4	static
../Core/Src/tft.c:162:17:color565_to_555	16	static
../Core/Src/tft.c:165:17:color555_to_565	16	static
../Core/Src/tft.c:168:16:color565_to_r	16	static
../Core/Src/tft.c:171:16:color565_to_g	16	static
../Core/Src/tft.c:174:16:color565_to_b	16	static
../Core/Src/tft.c:178:10:color565	16	static
../Core/Src/tft.c:179:10:readPixel	32	static
../Core/Src/tft.c:187:6:WriteCmdData	16	static
../Core/Src/tft.c:195:6:pushCommand	16	static
../Core/Src/tft.c:230:6:setReadDir	8	static
../Core/Src/tft.c:242:6:setWriteDir	8	static
../Core/Src/tft.c:260:13:pushColors_any	40	static
../Core/Src/tft.c:297:13:write24	24	static
../Core/Src/tft.c:308:13:writecmddata	24	static
../Core/Src/tft.c:318:13:WriteCmdParamN	24	static
../Core/Src/tft.c:333:20:WriteCmdParam4	32	static
../Core/Src/tft.c:342:13:init_table	48	static
../Core/Src/tft.c:367:13:init_table16	24	static
../Core/Src/tft.c:384:6:reset	8	static
../Core/Src/tft.c:401:17:read16bits	16	static
../Core/Src/tft.c:410:10:readReg	24	static
../Core/Src/tft.c:428:10:readReg32	24	static
../Core/Src/tft.c:435:10:readReg40	24	static
../Core/Src/tft.c:444:6:tft_init	40	static
../Core/Src/tft.c:2498:10:readID	24	static
../Core/Src/tft.c:2595:9:readGRAM	56	static
../Core/Src/tft.c:2661:6:setRotation	40	static
../Core/Src/tft.c:2825:6:drawPixel	32	static
../Core/Src/tft.c:2839:6:setAddrWindow	40	static
../Core/Src/tft.c:2882:6:vertScroll	32	static
../Core/Src/tft.c:2962:6:pushColors16b	24	static
../Core/Src/tft.c:2966:6:pushColors8b	24	static
../Core/Src/tft.c:2970:6:pushColors4n	24	static
../Core/Src/tft.c:2976:6:fillScreen	24	static
../Core/Src/tft.c:2981:6:invertDisplay	24	static
../Core/Src/tft.c:3027:7:drawFastVLine	32	static
../Core/Src/tft.c:3031:7:drawFastHLine	32	static
../Core/Src/tft.c:3036:6:writePixel	16	static
../Core/Src/tft.c:3041:6:writeLine	48	static
../Core/Src/tft.c:3082:6:drawLine	40	static
../Core/Src/tft.c:3095:6:drawCircle	40	static
../Core/Src/tft.c:3129:6:drawCircleHelper	40	static
../Core/Src/tft.c:3165:6:fillCircle	32	static
../Core/Src/tft.c:3171:6:fillCircleHelper	40	static
../Core/Src/tft.c:3208:6:drawRect	24	static
../Core/Src/tft.c:3216:6:fillRect	32	static
../Core/Src/tft.c:3305:6:drawRoundRect	40	static
../Core/Src/tft.c:3322:6:fillRoundRect	40	static
../Core/Src/tft.c:3334:6:drawTriangle	32	static
../Core/Src/tft.c:3342:6:fillTriangle	72	static
../Core/Src/tft.c:3422:6:testFillScreen	8	static
../Core/Src/tft.c:3431:6:testLines	56	static
../Core/Src/tft.c:3474:6:testFastLines	32	static
../Core/Src/tft.c:3483:6:testRects	56	static
../Core/Src/tft.c:3497:6:testFilledRects	56	static
../Core/Src/tft.c:3514:6:testFilledCircles	40	static
../Core/Src/tft.c:3527:6:testCircles	40	static
../Core/Src/tft.c:3543:6:testTriangles	64	static
../Core/Src/tft.c:3559:6:testFilledTriangles	64	static
../Core/Src/tft.c:3572:6:testRoundRects	72	static
../Core/Src/tft.c:3589:6:testFilledRoundRects	64	static
../Core/Src/tft.c:3607:6:drawChar	56	static
../Core/Src/tft.c:3657:8:write	48	static
../Core/Src/tft.c:3696:6:setFont	16	static
../Core/Src/tft.c:3725:6:charBounds	56	static
../Core/Src/tft.c:3795:6:getTextBounds	64	static
../Core/Src/tft.c:3818:6:printnewtstr	24	static
../Core/Src/tft.c:3827:6:printstr	16	static
../Core/Src/tft.c:3832:6:setTextWrap	16	static
../Core/Src/tft.c:3834:6:setTextColor	16	static
../Core/Src/tft.c:3839:6:setTextSize	16	static
../Core/Src/tft.c:3844:6:setCursor	16	static
../Core/Src/tft.c:3846:9:getRotation	4	static
../Core/Src/tft.c:3851:6:scrollup	24	static
../Core/Src/tft.c:3865:6:scrolldown	24	static
